0 verbose cli E:\Nodejs\node.exe E:\Nodejs\node_modules\npm\bin\npm-cli.js
1 info using npm@11.17.0
2 info using node@v24.19.0
3 silly config load:file:E:\Nodejs\node_modules\npm\npmrc
4 silly config load:file:D:\FullStackProjects\yltt2025\.npmrc
5 silly config load:file:C:\Users\10991\.npmrc
6 silly config load:file:C:\Users\10991\AppData\Roaming\npm\etc\npmrc
7 verbose title npm install @ffmpeg/ffmpeg @ffmpeg/util
8 verbose argv "install" "@ffmpeg/ffmpeg" "@ffmpeg/util" "--cache" "D:\\FullStackProjects\\yltt2025\\.npm-cache-local"
9 verbose logfile logs-max:10 dir:D:\FullStackProjects\yltt2025\.npm-cache-local\_logs\2026-08-23T14_57_28_927Z-
10 verbose logfile D:\FullStackProjects\yltt2025\.npm-cache-local\_logs\2026-08-23T14_57_28_927Z-debug-0.log
11 silly logfile done cleaning log files
12 silly packumentCache heap:4496293888 maxSize:1124073472 maxEntrySize:562036736
13 verbose shrinkwrap failed to load node_modules/.package-lock.json out of date, updated: node_modules
14 silly idealTree buildDeps
15 silly fetch manifest @ffmpeg/ffmpeg@*
16 silly packumentCache full:https://registry.npmjs.org/@ffmpeg%2fffmpeg cache-miss
17 http fetch GET 200 https://registry.npmjs.org/npm 1027ms
18 http fetch GET 200 https://registry.npmjs.org/@ffmpeg%2fffmpeg 1100ms (cache miss)
19 silly packumentCache full:https://registry.npmjs.org/@ffmpeg%2fffmpeg set size:undefined disposed:false
20 silly fetch manifest @ffmpeg/util@*
21 silly packumentCache full:https://registry.npmjs.org/@ffmpeg%2futil cache-miss
22 http fetch GET 200 https://registry.npmjs.org/@ffmpeg%2futil 390ms (cache miss)
23 silly packumentCache full:https://registry.npmjs.org/@ffmpeg%2futil set size:undefined disposed:false
24 silly placeDep ROOT @ffmpeg/ffmpeg@0.12.15 OK for: yltt2025@0.1.0 want: *
25 silly placeDep ROOT @ffmpeg/util@0.12.2 OK for: yltt2025@0.1.0 want: *
26 silly fetch manifest @ffmpeg/types@^0.12.4
27 silly packumentCache full:https://registry.npmjs.org/@ffmpeg%2ftypes cache-miss
28 http fetch GET 200 https://registry.npmjs.org/@ffmpeg%2ftypes 771ms (cache miss)
29 silly packumentCache full:https://registry.npmjs.org/@ffmpeg%2ftypes set size:undefined disposed:false
30 silly placeDep ROOT @ffmpeg/types@0.12.4 OK for: @ffmpeg/ffmpeg@0.12.15 want: ^0.12.4
31 silly reify mark retired [ 'D:\\FullStackProjects\\yltt2025\\node_modules\\assertion-error' ]
32 silly reify mark retired [ 'D:\\FullStackProjects\\yltt2025\\node_modules\\chai' ]
33 silly reify mark retired [ 'D:\\FullStackProjects\\yltt2025\\node_modules\\es-module-lexer' ]
34 silly reify mark retired [ 'D:\\FullStackProjects\\yltt2025\\node_modules\\estree-walker' ]
35 silly reify mark retired [ 'D:\\FullStackProjects\\yltt2025\\node_modules\\expect-type' ]
36 silly reify mark retired [ 'D:\\FullStackProjects\\yltt2025\\node_modules\\obug' ]
37 silly reify mark retired [ 'D:\\FullStackProjects\\yltt2025\\node_modules\\pathe' ]
38 silly reify mark retired [
38 silly reify   'D:\\FullStackProjects\\yltt2025\\node_modules\\rolldown',
38 silly reify   'D:\\FullStackProjects\\yltt2025\\node_modules\\.bin\\rolldown',
38 silly reify   'D:\\FullStackProjects\\yltt2025\\node_modules\\.bin\\rolldown.cmd',
38 silly reify   'D:\\FullStackProjects\\yltt2025\\node_modules\\.bin\\rolldown.ps1'
38 silly reify ]
39 silly reify mark retired [ 'D:\\FullStackProjects\\yltt2025\\node_modules\\siginfo' ]
40 silly reify mark retired [ 'D:\\FullStackProjects\\yltt2025\\node_modules\\stackback' ]
41 silly reify mark retired [ 'D:\\FullStackProjects\\yltt2025\\node_modules\\std-env' ]
42 silly reify mark retired [ 'D:\\FullStackProjects\\yltt2025\\node_modules\\tinybench' ]
43 silly reify mark retired [ 'D:\\FullStackProjects\\yltt2025\\node_modules\\tinyexec' ]
44 silly reify mark retired [ 'D:\\FullStackProjects\\yltt2025\\node_modules\\tinyglobby' ]
45 silly reify mark retired [ 'D:\\FullStackProjects\\yltt2025\\node_modules\\tinyrainbow' ]
46 silly reify mark retired [
46 silly reify   'D:\\FullStackProjects\\yltt2025\\node_modules\\vite',
46 silly reify   'D:\\FullStackProjects\\yltt2025\\node_modules\\.bin\\vite',
46 silly reify   'D:\\FullStackProjects\\yltt2025\\node_modules\\.bin\\vite.cmd',
46 silly reify   'D:\\FullStackProjects\\yltt2025\\node_modules\\.bin\\vite.ps1'
46 silly reify ]
47 silly reify mark retired [
47 silly reify   'D:\\FullStackProjects\\yltt2025\\node_modules\\vitest',
47 silly reify   'D:\\FullStackProjects\\yltt2025\\node_modules\\.bin\\vitest',
47 silly reify   'D:\\FullStackProjects\\yltt2025\\node_modules\\.bin\\vitest.cmd',
47 silly reify   'D:\\FullStackProjects\\yltt2025\\node_modules\\.bin\\vitest.ps1'
47 silly reify ]
48 silly reify mark retired [
48 silly reify   'D:\\FullStackProjects\\yltt2025\\node_modules\\why-is-node-running',
48 silly reify   'D:\\FullStackProjects\\yltt2025\\node_modules\\.bin\\why-is-node-running',
48 silly reify   'D:\\FullStackProjects\\yltt2025\\node_modules\\.bin\\why-is-node-running.cmd',
48 silly reify   'D:\\FullStackProjects\\yltt2025\\node_modules\\.bin\\why-is-node-running.ps1'
48 silly reify ]
49 silly reify mark retired [
49 silly reify   'D:\\FullStackProjects\\yltt2025\\node_modules\\@oxc-project\\types'
49 silly reify ]
50 silly reify mark retired [
50 silly reify   'D:\\FullStackProjects\\yltt2025\\node_modules\\@rolldown\\binding-win32-x64-msvc'
50 silly reify ]
51 silly reify mark retired [
51 silly reify   'D:\\FullStackProjects\\yltt2025\\node_modules\\@rolldown\\pluginutils'
51 silly reify ]
52 silly reify mark retired [
52 silly reify   'D:\\FullStackProjects\\yltt2025\\node_modules\\@standard-schema\\spec'
52 silly reify ]
53 silly reify mark retired [ 'D:\\FullStackProjects\\yltt2025\\node_modules\\@types\\chai' ]
54 silly reify mark retired [ 'D:\\FullStackProjects\\yltt2025\\node_modules\\@types\\deep-eql' ]
55 silly reify mark retired [ 'D:\\FullStackProjects\\yltt2025\\node_modules\\@vitest\\expect' ]
56 silly reify mark retired [ 'D:\\FullStackProjects\\yltt2025\\node_modules\\@vitest\\mocker' ]
57 silly reify mark retired [
57 silly reify   'D:\\FullStackProjects\\yltt2025\\node_modules\\@vitest\\pretty-format'
57 silly reify ]
58 silly reify mark retired [ 'D:\\FullStackProjects\\yltt2025\\node_modules\\@vitest\\runner' ]
59 silly reify mark retired [ 'D:\\FullStackProjects\\yltt2025\\node_modules\\@vitest\\snapshot' ]
60 silly reify mark retired [ 'D:\\FullStackProjects\\yltt2025\\node_modules\\@vitest\\spy' ]
61 silly reify mark retired [ 'D:\\FullStackProjects\\yltt2025\\node_modules\\@vitest\\utils' ]
62 silly reify moves {
62 silly reify   'D:\\FullStackProjects\\yltt2025\\node_modules\\assertion-error': 'D:\\FullStackProjects\\yltt2025\\node_modules\\.assertion-error-zlcXQnPR',
62 silly reify   'D:\\FullStackProjects\\yltt2025\\node_modules\\chai': 'D:\\FullStackProjects\\yltt2025\\node_modules\\.chai-kxtdxvmV',
62 silly reify   'D:\\FullStackProjects\\yltt2025\\node_modules\\es-module-lexer': 'D:\\FullStackProjects\\yltt2025\\node_modules\\.es-module-lexer-OV1vMo7C',
62 silly reify   'D:\\FullStackProjects\\yltt2025\\node_modules\\estree-walker': 'D:\\FullStackProjects\\yltt2025\\node_modules\\.estree-walker-ECO5Jlf7',
62 silly reify   'D:\\FullStackProjects\\yltt2025\\node_modules\\expect-type': 'D:\\FullStackProjects\\yltt2025\\node_modules\\.expect-type-r5b6nfFa',
62 silly reify   'D:\\FullStackProjects\\yltt2025\\node_modules\\obug': 'D:\\FullStackProjects\\yltt2025\\node_modules\\.obug-y8WAu57N',
62 silly reify   'D:\\FullStackProjects\\yltt2025\\node_modules\\pathe': 'D:\\FullStackProjects\\yltt2025\\node_modules\\.pathe-kOM40KgC',
62 silly reify   'D:\\FullStackProjects\\yltt2025\\node_modules\\rolldown': 'D:\\FullStackProjects\\yltt2025\\node_modules\\.rolldown-HNkHToc7',
62 silly reify   'D:\\FullStackProjects\\yltt2025\\node_modules\\.bin\\rolldown': 'D:\\FullStackProjects\\yltt2025\\node_modules\\.bin\\.rolldown-WCAfEjO8',
62 silly reify   'D:\\FullStackProjects\\yltt2025\\node_modules\\.bin\\rolldown.cmd': 'D:\\FullStackProjects\\yltt2025\\node_modules\\.bin\\.rolldown.cmd-d94H2ejO',
62 silly reify   'D:\\FullStackProjects\\yltt2025\\node_modules\\.bin\\rolldown.ps1': 'D:\\FullStackProjects\\yltt2025\\node_modules\\.bin\\.rolldown.ps1-lUkzyvmV',
62 silly reify   'D:\\FullStackProjects\\yltt2025\\node_modules\\siginfo': 'D:\\FullStackProjects\\yltt2025\\node_modules\\.siginfo-DGJB0tT2',
62 silly reify   'D:\\FullStackProjects\\yltt2025\\node_modules\\stackback': 'D:\\FullStackProjects\\yltt2025\\node_modules\\.stackback-XzW6LmoH',
62 silly reify   'D:\\FullStackProjects\\yltt2025\\node_modules\\std-env': 'D:\\FullStackProjects\\yltt2025\\node_modules\\.std-env-3ZwS9E6m',
62 silly reify   'D:\\FullStackProjects\\yltt2025\\node_modules\\tinybench': 'D:\\FullStackProjects\\yltt2025\\node_modules\\.tinybench-Y0slfEYA',
62 silly reify   'D:\\FullStackProjects\\yltt2025\\node_modules\\tinyexec': 'D:\\FullStackProjects\\yltt2025\\node_modules\\.tinyexec-4Zl9fyKm',
62 silly reify   'D:\\FullStackProjects\\yltt2025\\node_modules\\tinyglobby': 'D:\\FullStackProjects\\yltt2025\\node_modules\\.tinyglobby-npzid1DT',
62 silly reify   'D:\\FullStackProjects\\yltt2025\\node_modules\\tinyrainbow': 'D:\\FullStackProjects\\yltt2025\\node_modules\\.tinyrainbow-KdOrCwHR',
62 silly reify   'D:\\FullStackProjects\\yltt2025\\node_modules\\vite': 'D:\\FullStackProjects\\yltt2025\\node_modules\\.vite-KdLiyYUj',
62 silly reify   'D:\\FullStackProjects\\yltt2025\\node_modules\\.bin\\vite': 'D:\\FullStackProjects\\yltt2025\\node_modules\\.bin\\.vite-IgmGJUfV',
62 silly reify   'D:\\FullStackProjects\\yltt2025\\node_modules\\.bin\\vite.cmd': 'D:\\FullStackProjects\\yltt2025\\node_modules\\.bin\\.vite.cmd-iRH04g3J',
62 silly reify   'D:\\FullStackProjects\\yltt2025\\node_modules\\.bin\\vite.ps1': 'D:\\FullStackProjects\\yltt2025\\node_modules\\.bin\\.vite.ps1-fTfGcvPN',
62 silly reify   'D:\\FullStackProjects\\yltt2025\\node_modules\\vitest': 'D:\\FullStackProjects\\yltt2025\\node_modules\\.vitest-wlnO794L',
62 silly reify   'D:\\FullStackProjects\\yltt2025\\node_modules\\.bin\\vitest': 'D:\\FullStackProjects\\yltt2025\\node_modules\\.bin\\.vitest-O62WRc9V',
62 silly reify   'D:\\FullStackProjects\\yltt2025\\node_modules\\.bin\\vitest.cmd': 'D:\\FullStackProjects\\yltt2025\\node_modules\\.bin\\.vitest.cmd-C0rA6OLq',
62 silly reify   'D:\\FullStackProjects\\yltt2025\\node_modules\\.bin\\vitest.ps1': 'D:\\FullStackProjects\\yltt2025\\node_modules\\.bin\\.vitest.ps1-6gP5tTWp',
62 silly reify   'D:\\FullStackProjects\\yltt2025\\node_modules\\why-is-node-running': 'D:\\FullStackProjects\\yltt2025\\node_modules\\.why-is-node-running-DfAahcDZ',
62 silly reify   'D:\\FullStackProjects\\yltt2025\\node_modules\\.bin\\why-is-node-running': 'D:\\FullStackProjects\\yltt2025\\node_modules\\.bin\\.why-is-node-running-R0yhuReY',
62 silly reify   'D:\\FullStackProjects\\yltt2025\\node_modules\\.bin\\why-is-node-running.cmd': 'D:\\FullStackProjects\\yltt2025\\node_modules\\.bin\\.why-is-node-running.cmd-L3ntR0RY',
62 silly reify   'D:\\FullStackProjects\\yltt2025\\node_modules\\.bin\\why-is-node-running.ps1': 'D:\\FullStackProjects\\yltt2025\\node_modules\\.bin\\.why-is-node-running.ps1-cnBFgRKQ',
62 silly reify   'D:\\FullStackProjects\\yltt2025\\node_modules\\@oxc-project\\types': 'D:\\FullStackProjects\\yltt2025\\node_modules\\@oxc-project\\.types-CxCrpPDY',
62 silly reify   'D:\\FullStackProjects\\yltt2025\\node_modules\\@rolldown\\binding-win32-x64-msvc': 'D:\\FullStackProjects\\yltt2025\\node_modules\\@rolldown\\.binding-win32-x64-msvc-2PKax7LR',
62 silly reify   'D:\\FullStackProjects\\yltt2025\\node_modules\\@rolldown\\pluginutils': 'D:\\FullStackProjects\\yltt2025\\node_modules\\@rolldown\\.pluginutils-XJnUkpay',
62 silly reify   'D:\\FullStackProjects\\yltt2025\\node_modules\\@standard-schema\\spec': 'D:\\FullStackProjects\\yltt2025\\node_modules\\@standard-schema\\.spec-eR3EUiHm',
62 silly reify   'D:\\FullStackProjects\\yltt2025\\node_modules\\@types\\chai': 'D:\\FullStackProjects\\yltt2025\\node_modules\\@types\\.chai-zT1si1Em',
62 silly reify   'D:\\FullStackProjects\\yltt2025\\node_modules\\@types\\deep-eql': 'D:\\FullStackProjects\\yltt2025\\node_modules\\@types\\.deep-eql-rOeLLFEG',
62 silly reify   'D:\\FullStackProjects\\yltt2025\\node_modules\\@vitest\\expect': 'D:\\FullStackProjects\\yltt2025\\node_modules\\@vitest\\.expect-5zCERYBu',
62 silly reify   'D:\\FullStackProjects\\yltt2025\\node_modules\\@vitest\\mocker': 'D:\\FullStackProjects\\yltt2025\\node_modules\\@vitest\\.mocker-oXaArgbE',
62 silly reify   'D:\\FullStackProjects\\yltt2025\\node_modules\\@vitest\\pretty-format': 'D:\\FullStackProjects\\yltt2025\\node_modules\\@vitest\\.pretty-format-YALIEYrP',
62 silly reify   'D:\\FullStackProjects\\yltt2025\\node_modules\\@vitest\\runner': 'D:\\FullStackProjects\\yltt2025\\node_modules\\@vitest\\.runner-gcZchkPq',
62 silly reify   'D:\\FullStackProjects\\yltt2025\\node_modules\\@vitest\\snapshot': 'D:\\FullStackProjects\\yltt2025\\node_modules\\@vitest\\.snapshot-6KLYnj3E',
62 silly reify   'D:\\FullStackProjects\\yltt2025\\node_modules\\@vitest\\spy': 'D:\\FullStackProjects\\yltt2025\\node_modules\\@vitest\\.spy-zmaHPgS6',
62 silly reify   'D:\\FullStackProjects\\yltt2025\\node_modules\\@vitest\\utils': 'D:\\FullStackProjects\\yltt2025\\node_modules\\@vitest\\.utils-QE6ouGRX'
62 silly reify }
63 silly audit bulk request {
63 silly audit   '@alloc/quick-lru': [ '5.2.0' ],
63 silly audit   '@babel/code-frame': [ '7.29.7' ],
63 silly audit   '@babel/compat-data': [ '7.29.7' ],
63 silly audit   '@babel/core': [ '7.29.7' ],
63 silly audit   semver: [ '6.3.1', '7.8.5', '5.7.2' ],
63 silly audit   '@babel/generator': [ '7.29.8' ],
63 silly audit   '@babel/helper-annotate-as-pure': [ '7.29.7' ],
63 silly audit   '@babel/helper-compilation-targets': [ '7.29.7' ],
63 silly audit   '@babel/helper-create-class-features-plugin': [ '7.29.7' ],
63 silly audit   '@babel/helper-globals': [ '7.29.7' ],
63 silly audit   '@babel/helper-member-expression-to-functions': [ '7.29.7' ],
63 silly audit   '@babel/helper-module-imports': [ '7.29.7' ],
63 silly audit   '@babel/helper-module-transforms': [ '7.29.7' ],
63 silly audit   '@babel/helper-optimise-call-expression': [ '7.29.7' ],
63 silly audit   '@babel/helper-plugin-utils': [ '7.29.7' ],
63 silly audit   '@babel/helper-replace-supers': [ '7.29.7' ],
63 silly audit   '@babel/helper-skip-transparent-expression-wrappers': [ '7.29.7' ],
63 silly audit   '@babel/helper-string-parser': [ '7.29.7' ],
63 silly audit   '@babel/helper-validator-identifier': [ '7.29.7' ],
63 silly audit   '@babel/helper-validator-option': [ '7.29.7' ],
63 silly audit   '@babel/helpers': [ '7.29.7' ],
63 silly audit   '@babel/parser': [ '7.29.8' ],
63 silly audit   '@babel/plugin-syntax-jsx': [ '7.29.7' ],
63 silly audit   '@babel/plugin-syntax-typescript': [ '7.29.7' ],
63 silly audit   '@babel/plugin-transform-modules-commonjs': [ '7.29.7' ],
63 silly audit   '@babel/plugin-transform-typescript': [ '7.29.7' ],
63 silly audit   '@babel/preset-typescript': [ '7.29.7' ],
63 silly audit   '@babel/runtime': [ '7.29.7' ],
63 silly audit   '@babel/template': [ '7.29.7' ],
63 silly audit   '@babel/traverse': [ '7.29.8' ],
63 silly audit   '@babel/types': [ '7.29.8' ],
63 silly audit   '@base-ui/react': [ '1.7.0' ],
63 silly audit   '@base-ui/utils': [ '0.3.2' ],
63 silly audit   '@dotenvx/dotenvx': [ '1.75.1' ],
63 silly audit   commander: [ '11.1.0', '14.0.3' ],
63 silly audit   'define-lazy-prop': [ '2.0.0', '3.0.0' ],
63 silly audit   execa: [ '5.1.1', '9.6.1' ],
63 silly audit   'get-stream': [ '6.0.1', '9.0.1' ],
63 silly audit   'human-signals': [ '2.1.0', '8.0.1' ],
63 silly audit   'is-docker': [ '2.2.1', '3.0.0' ],
63 silly audit   'is-stream': [ '2.0.1', '4.0.1' ],
63 silly audit   'is-wsl': [ '2.2.0', '3.1.1' ],
63 silly audit   'npm-run-path': [ '4.0.1', '6.0.0' ],
63 silly audit   open: [ '8.4.2', '11.0.1' ],
63 silly audit   'signal-exit': [ '3.0.7', '4.1.0' ],
63 silly audit   'strip-final-newline': [ '2.0.0', '4.0.0' ],
63 silly audit   '@dotenvx/primitives': [ '0.8.0' ],
63 silly audit   '@emnapi/runtime': [ '1.11.3', '1.11.1' ],
63 silly audit   '@floating-ui/core': [ '1.8.0' ],
63 silly audit   '@floating-ui/dom': [ '1.8.0' ],
63 silly audit   '@floating-ui/react-dom': [ '2.1.9' ],
63 silly audit   '@floating-ui/utils': [ '0.2.12' ],
63 silly audit   '@gsap/react': [ '2.1.2' ],
63 silly audit   '@hono/node-server': [ '2.1.1' ],
63 silly audit   '@img/colour': [ '1.1.0' ],
63 silly audit   '@img/sharp-darwin-arm64': [ '0.35.3' ],
63 silly audit   '@img/sharp-darwin-x64': [ '0.35.3' ],
63 silly audit   '@img/sharp-freebsd-wasm32': [ '0.35.3' ],
63 silly audit   '@img/sharp-libvips-darwin-arm64': [ '1.3.2' ],
63 silly audit   '@img/sharp-libvips-darwin-x64': [ '1.3.2' ],
63 silly audit   '@img/sharp-libvips-linux-arm': [ '1.3.2' ],
63 silly audit   '@img/sharp-libvips-linux-arm64': [ '1.3.2' ],
63 silly audit   '@img/sharp-libvips-linux-ppc64': [ '1.3.2' ],
63 silly audit   '@img/sharp-libvips-linux-riscv64': [ '1.3.2' ],
63 silly audit   '@img/sharp-libvips-linux-s390x': [ '1.3.2' ],
63 silly audit   '@img/sharp-libvips-linux-x64': [ '1.3.2' ],
63 silly audit   '@img/sharp-libvips-linuxmusl-arm64': [ '1.3.2' ],
63 silly audit   '@img/sharp-libvips-linuxmusl-x64': [ '1.3.2' ],
63 silly audit   '@img/sharp-linux-arm': [ '0.35.3' ],
63 silly audit   '@img/sharp-linux-arm64': [ '0.35.3' ],
63 silly audit   '@img/sharp-linux-ppc64': [ '0.35.3' ],
63 silly audit   '@img/sharp-linux-riscv64': [ '0.35.3' ],
63 silly audit   '@img/sharp-linux-s390x': [ '0.35.3' ],
63 silly audit   '@img/sharp-linux-x64': [ '0.35.3' ],
63 silly audit   '@img/sharp-linuxmusl-arm64': [ '0.35.3' ],
63 silly audit   '@img/sharp-linuxmusl-x64': [ '0.35.3' ],
63 silly audit   '@img/sharp-wasm32': [ '0.35.3' ],
63 silly audit   '@img/sharp-webcontainers-wasm32': [ '0.35.3' ],
63 silly audit   '@img/sharp-win32-arm64': [ '0.35.3' ],
63 silly audit   '@img/sharp-win32-ia32': [ '0.35.3' ],
63 silly audit   '@img/sharp-win32-x64': [ '0.35.3' ],
63 silly audit   '@jridgewell/gen-mapping': [ '0.3.13' ],
63 silly audit   '@jridgewell/remapping': [ '2.3.5' ],
63 silly audit   '@jridgewell/resolve-uri': [ '3.1.2' ],
63 silly audit   '@jridgewell/sourcemap-codec': [ '1.5.5' ],
63 silly audit   '@jridgewell/trace-mapping': [ '0.3.31' ],
63 silly audit   '@modelcontextprotocol/sdk': [ '1.30.0' ],
63 silly audit   '@mux/mux-data-google-ima': [ '0.3.17' ],
63 silly audit   '@mux/mux-player': [ '3.13.2' ],
63 silly audit   '@mux/mux-player-react': [ '3.13.2' ],
63 silly audit   '@mux/mux-video': [ '0.31.2' ],
63 silly audit   '@mux/playback-core': [ '0.35.2' ],
63 silly audit   '@next/env': [ '16.3.1' ],
63 silly audit   '@next/swc-darwin-arm64': [ '16.3.1' ],
63 silly audit   '@next/swc-darwin-x64': [ '16.3.1' ],
63 silly audit   '@next/swc-linux-arm64-gnu': [ '16.3.1' ],
63 silly audit   '@next/swc-linux-arm64-musl': [ '16.3.1' ],
63 silly audit   '@next/swc-linux-x64-gnu': [ '16.3.1' ],
63 silly audit   '@next/swc-linux-x64-musl': [ '16.3.1' ],
63 silly audit   '@next/swc-win32-arm64-msvc': [ '16.3.1' ],
63 silly audit   '@next/swc-win32-x64-msvc': [ '16.3.1' ],
63 silly audit   '@nodelib/fs.scandir': [ '2.1.5' ],
63 silly audit   '@nodelib/fs.stat': [ '2.0.5' ],
63 silly audit   '@nodelib/fs.walk': [ '1.2.8' ],
63 silly audit   '@sec-ant/readable-stream': [ '0.4.1' ],
63 silly audit   '@sindresorhus/merge-streams': [ '4.0.0' ],
63 silly audit   '@supabase/auth-js': [ '2.112.3' ],
63 silly audit   '@supabase/functions-js': [ '2.112.3' ],
63 silly audit   '@supabase/phoenix': [ '0.4.5' ],
63 silly audit   '@supabase/postgrest-js': [ '2.112.3' ],
63 silly audit   '@supabase/realtime-js': [ '2.112.3' ],
63 silly audit   '@supabase/ssr': [ '0.12.4' ],
63 silly audit   '@supabase/storage-js': [ '2.112.3' ],
63 silly audit   '@supabase/supabase-js': [ '2.112.3' ],
63 silly audit   '@svta/cml-608': [ '1.0.2' ],
63 silly audit   '@svta/cml-cmcd': [ '2.3.2' ],
63 silly audit   '@svta/cml-cmsd': [ '1.0.6' ],
63 silly audit   '@svta/cml-cta': [ '1.0.6' ],
63 silly audit   '@svta/cml-dash': [ '1.0.6' ],
63 silly audit   '@svta/cml-id3': [ '1.0.6' ],
63 silly audit   '@svta/cml-request': [ '1.0.12' ],
63 silly audit   '@svta/cml-structured-field-values': [ '1.1.3' ],
63 silly audit   '@svta/cml-utils': [ '1.5.0' ],
63 silly audit   '@svta/cml-xml': [ '1.1.4' ],
63 silly audit   '@swc/helpers': [ '0.5.23' ],
63 silly audit   '@tailwindcss/node': [ '4.3.3' ],
63 silly audit   '@tailwindcss/oxide': [ '4.3.3' ],
63 silly audit   '@tailwindcss/oxide-android-arm64': [ '4.3.3' ],
63 silly audit   '@tailwindcss/oxide-darwin-arm64': [ '4.3.3' ],
63 silly audit   '@tailwindcss/oxide-darwin-x64': [ '4.3.3' ],
63 silly audit   '@tailwindcss/oxide-freebsd-x64': [ '4.3.3' ],
63 silly audit   '@tailwindcss/oxide-linux-arm-gnueabihf': [ '4.3.3' ],
63 silly audit   '@tailwindcss/oxide-linux-arm64-gnu': [ '4.3.3' ],
63 silly audit   '@tailwindcss/oxide-linux-arm64-musl': [ '4.3.3' ],
63 silly audit   '@tailwindcss/oxide-linux-x64-gnu': [ '4.3.3' ],
63 silly audit   '@tailwindcss/oxide-linux-x64-musl': [ '4.3.3' ],
63 silly audit   '@tailwindcss/oxide-wasm32-wasi': [ '4.3.3' ],
63 silly audit   '@emnapi/core': [ '1.11.1' ],
63 silly audit   '@emnapi/wasi-threads': [ '1.2.2' ],
63 silly audit   '@napi-rs/wasm-runtime': [ '1.1.4' ],
63 silly audit   '@tybys/wasm-util': [ '0.10.2' ],
63 silly audit   tslib: [ '2.8.1' ],
63 silly audit   '@tailwindcss/oxide-win32-arm64-msvc': [ '4.3.3' ],
63 silly audit   '@tailwindcss/oxide-win32-x64-msvc': [ '4.3.3' ],
63 silly audit   '@tailwindcss/postcss': [ '4.3.3' ],
63 silly audit   '@ts-morph/common': [ '0.27.0' ],
63 silly audit   '@types/debug': [ '4.1.13' ],
63 silly audit   '@types/estree': [ '1.0.9' ],
63 silly audit   '@types/estree-jsx': [ '1.0.5' ],
63 silly audit   '@types/google_interactive_media_ads_types': [ '3.697.1' ],
63 silly audit   '@types/hast': [ '3.0.5' ],
63 silly audit   '@types/mdast': [ '4.0.4' ],
63 silly audit   '@types/ms': [ '2.1.0' ],
63 silly audit   '@types/node': [ '20.19.43' ],
63 silly audit   '@types/prismjs': [ '1.26.6' ],
63 silly audit   '@types/react': [ '19.2.18' ],
63 silly audit   '@types/react-dom': [ '19.2.4' ],
63 silly audit   '@types/unist': [ '3.0.3', '2.0.11' ],
63 silly audit   '@types/validate-npm-package-name': [ '4.0.2' ],
63 silly audit   '@uiw/copy-to-clipboard': [ '1.0.21' ],
63 silly audit   '@uiw/react-markdown-preview': [ '5.2.1' ],
63 silly audit   '@uiw/react-md-editor': [ '4.1.2' ],
63 silly audit   '@ungap/structured-clone': [ '1.3.3' ],
63 silly audit   '@vimeo/player': [ '2.29.0' ],
63 silly audit   accepts: [ '2.0.0' ],
63 silly audit   address: [ '1.2.2' ],
63 silly audit   agentkeepalive: [ '3.5.3' ],
63 silly audit   ajv: [ '8.20.0' ],
63 silly audit   'ajv-formats': [ '3.0.1', '2.1.1' ],
63 silly audit   'ali-oss': [ '6.23.0' ],
63 silly audit   'ansi-colors': [ '4.1.3' ],
63 silly audit   'ansi-regex': [ '5.0.1', '6.3.0' ],
63 silly audit   'any-promise': [ '1.3.0' ],
63 silly audit   argparse: [ '2.0.1' ],
63 silly audit   'ast-types': [ '0.16.1' ],
63 silly audit   atomically: [ '1.7.0' ],
63 silly audit   'attr-accept': [ '4.0.0' ],
63 silly audit   bail: [ '2.0.2' ],
63 silly audit   'balanced-match': [ '4.0.4' ],
63 silly audit   'baseline-browser-mapping': [ '2.11.15' ],
63 silly audit   'bcp-47-match': [ '2.0.3' ],
63 silly audit   'body-parser': [ '2.3.0' ],
63 silly audit   'content-type': [ '2.1.0', '1.0.5' ],
63 silly audit   'iconv-lite': [ '0.7.3', '0.6.3' ],
63 silly audit   boolbase: [ '1.0.0' ],
63 silly audit   bowser: [ '1.9.4' ],
63 silly audit   'brace-expansion': [ '5.0.9' ],
63 silly audit   braces: [ '3.0.3' ],
63 silly audit   browserslist: [ '4.28.8' ],
63 silly audit   'builtin-status-codes': [ '3.0.0' ],
63 silly audit   'bundle-name': [ '4.1.0' ],
63 silly audit   bytes: [ '3.1.2' ],
63 silly audit   'call-bind-apply-helpers': [ '1.0.2' ],
63 silly audit   'call-bound': [ '1.0.4' ],
63 silly audit   callsites: [ '3.1.0' ],
63 silly audit   'caniuse-lite': [ '1.0.30001809' ],
63 silly audit   'castable-video': [ '1.1.16' ],
63 silly audit   ccount: [ '2.0.1' ],
63 silly audit   'ce-la-react': [ '0.3.2' ],
63 silly audit   chalk: [ '5.6.2' ],
63 silly audit   'character-entities': [ '2.0.2' ],
63 silly audit   'character-entities-html4': [ '2.1.0' ],
63 silly audit   'character-entities-legacy': [ '3.0.0' ],
63 silly audit   'character-reference-invalid': [ '2.0.1' ],
63 silly audit   'class-variance-authority': [ '0.7.1' ],
63 silly audit   'cli-cursor': [ '5.0.0' ],
63 silly audit   'cli-spinners': [ '2.9.2' ],
63 silly audit   'client-only': [ '0.0.1' ],
63 silly audit   'cloudflare-video-element': [ '1.3.5' ],
63 silly audit   clsx: [ '2.1.1' ],
63 silly audit   'code-block-writer': [ '13.0.3' ],
63 silly audit   'codem-isoboxer': [ '0.3.10' ],
63 silly audit   'comma-separated-tokens': [ '2.0.3' ],
63 silly audit   conf: [ '10.2.0' ],
63 silly audit   'json-schema-typed': [ '7.0.3', '8.0.2' ],
63 silly audit   'content-disposition': [ '1.1.0' ],
63 silly audit   'convert-source-map': [ '2.0.0' ],
63 silly audit   cookie: [ '1.1.1', '0.7.2' ],
63 silly audit   'cookie-signature': [ '1.2.2' ],
63 silly audit   'copy-to': [ '2.0.1' ],
63 silly audit   'core-util-is': [ '1.0.3' ],
63 silly audit   cors: [ '2.8.6' ],
63 silly audit   cosmiconfig: [ '9.0.2' ],
63 silly audit   'cross-spawn': [ '7.0.6' ],
63 silly audit   isexe: [ '2.0.0', '3.1.5' ],
63 silly audit   which: [ '2.0.2', '4.0.0' ],
63 silly audit   'css-selector-parser': [ '3.3.0' ],
63 silly audit   cssesc: [ '3.0.0' ],
63 silly audit   csstype: [ '3.2.3' ],
63 silly audit   'custom-media-element': [ '1.4.6' ],
63 silly audit   'dash-video-element': [ '0.3.2' ],
63 silly audit   dashjs: [ '5.2.1' ],
63 silly audit   dateformat: [ '2.2.0' ],
63 silly audit   'debounce-fn': [ '4.0.0' ],
63 silly audit   debug: [ '4.4.3' ],
63 silly audit   'decode-named-character-reference': [ '1.3.0' ],
63 silly audit   dedent: [ '1.7.2' ],
63 silly audit   deepmerge: [ '4.3.1' ],
63 silly audit   'default-browser': [ '5.5.1' ],
63 silly audit   'default-browser-id': [ '5.0.1' ],
63 silly audit   'default-user-agent': [ '1.0.0' ],
63 silly audit   depd: [ '2.0.0' ],
63 silly audit   dequal: [ '2.0.3' ],
63 silly audit   destroy: [ '1.2.0' ],
63 silly audit   'detect-libc': [ '2.1.2' ],
63 silly audit   devlop: [ '1.1.0' ],
63 silly audit   diff: [ '8.0.4' ],
63 silly audit   'digest-header': [ '1.1.0' ],
63 silly audit   direction: [ '2.0.1' ],
63 silly audit   'dot-prop': [ '6.0.1' ],
63 silly audit   dotenv: [ '17.4.2' ],
63 silly audit   'dunder-proto': [ '1.0.1' ],
63 silly audit   'ee-first': [ '1.1.1' ],
63 silly audit   'electron-to-chromium': [ '1.5.411' ],
63 silly audit   'emoji-regex': [ '10.6.0' ],
63 silly audit   encodeurl: [ '2.0.0' ],
63 silly audit   'end-of-stream': [ '1.4.5' ],
63 silly audit   'end-or-error': [ '1.0.1' ],
63 silly audit   'enhanced-resolve': [ '5.24.5' ],
63 silly audit   enquirer: [ '2.4.1' ],
63 silly audit   entities: [ '6.0.1' ],
63 silly audit   'env-paths': [ '2.2.1' ],
63 silly audit   'error-ex': [ '1.3.4' ],
63 silly audit   'es-define-property': [ '1.0.1' ],
63 silly audit   'es-errors': [ '1.3.0' ],
63 silly audit   'es-object-atoms': [ '1.1.2' ],
63 silly audit   escalade: [ '3.2.0' ],
63 silly audit   'escape-html': [ '1.0.3' ],
63 silly audit   'escape-string-regexp': [ '5.0.0' ],
63 silly audit   esprima: [ '4.0.1' ],
63 silly audit   'estree-util-is-identifier-name': [ '3.0.0' ],
63 silly audit   etag: [ '1.8.1' ],
63 silly audit   eventsource: [ '3.0.7' ],
63 silly audit   'eventsource-parser': [ '3.1.1' ],
63 silly audit   exifr: [ '7.1.3' ],
63 silly audit   express: [ '5.2.1' ],
63 silly audit   'express-rate-limit': [ '8.6.2' ],
63 silly audit   'merge-descriptors': [ '2.0.0', '1.0.3' ],
63 silly audit   statuses: [ '2.0.2', '1.5.0' ],
63 silly audit   extend: [ '3.0.2' ],
63 silly audit   'extend-shallow': [ '2.0.1' ],
63 silly audit   'fast-deep-equal': [ '3.1.3' ],
63 silly audit   'fast-glob': [ '3.3.3' ],
63 silly audit   'fast-uri': [ '3.1.5' ],
63 silly audit   fastq: [ '1.20.1' ],
63 silly audit   fdir: [ '6.5.0' ],
63 silly audit   figures: [ '6.1.0' ],
63 silly audit   'file-selector': [ '5.0.1' ],
63 silly audit   'fill-range': [ '7.1.1' ],
63 silly audit   finalhandler: [ '2.1.1' ],
63 silly audit   'find-up': [ '3.0.0' ],
63 silly audit   formstream: [ '1.5.2' ],
63 silly audit   forwarded: [ '0.2.0' ],
63 silly audit   fresh: [ '2.0.0' ],
63 silly audit   'fs-extra': [ '11.4.0' ],
63 silly audit   'function-bind': [ '1.1.2' ],
63 silly audit   fuzzysort: [ '3.1.0' ],
63 silly audit   gensync: [ '1.0.0-beta.2' ],
63 silly audit   'get-east-asian-width': [ '1.6.0' ],
63 silly audit   'get-intrinsic': [ '1.3.0' ],
63 silly audit   'get-own-enumerable-keys': [ '1.0.0' ],
63 silly audit   'get-proto': [ '1.0.1' ],
63 silly audit   'get-ready': [ '1.0.0' ],
63 silly audit   'github-slugger': [ '2.0.0' ],
63 silly audit   'glob-parent': [ '5.1.2' ],
63 silly audit   gopd: [ '1.2.0' ],
63 silly audit   'graceful-fs': [ '4.2.11' ],
63 silly audit   gsap: [ '3.15.0' ],
63 silly audit   'has-symbols': [ '1.1.0' ],
63 silly audit   hasown: [ '2.0.4' ],
63 silly audit   'hast-util-from-html': [ '2.0.3' ],
63 silly audit   'hast-util-from-parse5': [ '8.0.3' ],
63 silly audit   'hast-util-has-property': [ '3.0.0' ],
63 silly audit   'hast-util-heading-rank': [ '3.0.0' ],
63 silly audit   'hast-util-is-element': [ '3.0.0' ],
63 silly audit   'hast-util-parse-selector': [ '4.0.0' ],
63 silly audit   'hast-util-raw': [ '9.1.0' ],
63 silly audit   'hast-util-sanitize': [ '5.0.2' ],
63 silly audit   'hast-util-select': [ '6.0.4' ],
63 silly audit   'hast-util-to-html': [ '9.0.5' ],
63 silly audit   'hast-util-to-jsx-runtime': [ '2.3.6' ],
63 silly audit   'hast-util-to-parse5': [ '8.0.1' ],
63 silly audit   'hast-util-to-string': [ '3.0.1' ],
63 silly audit   'hast-util-whitespace': [ '3.0.0' ],
63 silly audit   hastscript: [ '9.0.1' ],
63 silly audit   'hls-video-element': [ '1.5.11' ],
63 silly audit   'hls.js': [ '1.6.19' ],
63 silly audit   hono: [ '4.13.3' ],
63 silly audit   'html-entities': [ '2.6.0' ],
63 silly audit   'html-url-attributes': [ '3.0.1' ],
63 silly audit   'html-void-elements': [ '3.0.0' ],
63 silly audit   'http-errors': [ '2.0.1' ],
63 silly audit   'humanize-ms': [ '1.2.1' ],
63 silly audit   'iceberg-js': [ '0.8.1' ],
63 silly audit   ignore: [ '5.3.2' ],
63 silly audit   immediate: [ '3.0.6' ],
63 silly audit   'import-fresh': [ '3.3.1' ],
63 silly audit   imsc: [ '1.1.5' ],
63 silly audit   inherits: [ '2.0.4' ],
63 silly audit   'inline-style-parser': [ '0.2.7' ],
63 silly audit   'ip-address': [ '10.5.0' ],
63 silly audit   'ipaddr.js': [ '1.9.1' ],
63 silly audit   'is-alphabetical': [ '2.0.1' ],
63 silly audit   'is-alphanumerical': [ '2.0.1' ],
63 silly audit   'is-arrayish': [ '0.2.1' ],
63 silly audit   'is-class-hotfix': [ '0.0.6' ],
63 silly audit   'is-decimal': [ '2.0.1' ],
63 silly audit   'is-extendable': [ '0.1.1' ],
63 silly audit   'is-extglob': [ '2.1.1' ],
63 silly audit   'is-glob': [ '4.0.3' ],
63 silly audit   'is-hexadecimal': [ '2.0.1' ],
63 silly audit   'is-in-ssh': [ '1.0.0' ],
63 silly audit   'is-inside-container': [ '1.0.0' ],
63 silly audit   'is-interactive': [ '2.0.0' ],
63 silly audit   'is-number': [ '7.0.0' ],
63 silly audit   'is-obj': [ '2.0.0', '3.0.0' ],
63 silly audit   'is-plain-obj': [ '4.1.0' ],
63 silly audit   'is-promise': [ '4.0.0' ],
63 silly audit   'is-regexp': [ '3.1.0' ],
63 silly audit   'is-type-of': [ '1.4.0' ],
63 silly audit   'is-unicode-supported': [ '2.1.0', '1.3.0' ],
63 silly audit   isarray: [ '1.0.0' ],
63 silly audit   isstream: [ '0.1.2' ],
63 silly audit   jiti: [ '2.7.0' ],
63 silly audit   jose: [ '6.2.9' ],
63 silly audit   'js-base64': [ '2.6.4' ],
63 silly audit   'js-tokens': [ '4.0.0' ],
63 silly audit   'js-yaml': [ '4.3.1' ],
63 silly audit   jsesc: [ '3.1.0' ],
63 silly audit   'json-parse-even-better-errors': [ '2.3.1' ],
63 silly audit   'json-schema-traverse': [ '1.0.0' ],
63 silly audit   json5: [ '2.2.3' ],
63 silly audit   jsonfile: [ '6.2.1' ],
63 silly audit   jstoxml: [ '2.2.9' ],
63 silly audit   kleur: [ '4.1.5', '3.0.3' ],
63 silly audit   lie: [ '3.1.1' ],
63 silly audit   lightningcss: [ '1.32.0' ],
63 silly audit   'lightningcss-android-arm64': [ '1.32.0' ],
63 silly audit   'lightningcss-darwin-arm64': [ '1.32.0' ],
63 silly audit   'lightningcss-darwin-x64': [ '1.32.0' ],
63 silly audit   'lightningcss-freebsd-x64': [ '1.32.0' ],
63 silly audit   'lightningcss-linux-arm-gnueabihf': [ '1.32.0' ],
63 silly audit   'lightningcss-linux-arm64-gnu': [ '1.32.0' ],
63 silly audit   'lightningcss-linux-arm64-musl': [ '1.32.0' ],
63 silly audit   'lightningcss-linux-x64-gnu': [ '1.32.0' ],
63 silly audit   'lightningcss-linux-x64-musl': [ '1.32.0' ],
63 silly audit   'lightningcss-win32-arm64-msvc': [ '1.32.0' ],
63 silly audit   'lightningcss-win32-x64-msvc': [ '1.32.0' ],
63 silly audit   'lines-and-columns': [ '1.2.4' ],
63 silly audit   localforage: [ '1.10.0' ],
63 silly audit   'locate-path': [ '3.0.0' ],
63 silly audit   lodash: [ '4.18.1' ],
63 silly audit   'log-symbols': [ '6.0.0' ],
63 silly audit   'longest-streak': [ '3.1.0' ],
63 silly audit   'loose-envify': [ '1.4.0' ],
63 silly audit   'lru-cache': [ '5.1.1' ],
63 silly audit   'lucide-react': [ '1.33.0' ],
63 silly audit   'magic-string': [ '0.30.21' ],
63 silly audit   'markdown-table': [ '3.0.4' ],
63 silly audit   'math-intrinsics': [ '1.1.0' ],
63 silly audit   'mdast-util-find-and-replace': [ '3.0.2' ],
63 silly audit   'mdast-util-from-markdown': [ '2.0.3' ],
63 silly audit   'mdast-util-gfm': [ '3.1.0' ],
63 silly audit   'mdast-util-gfm-autolink-literal': [ '2.0.1' ],
63 silly audit   'mdast-util-gfm-footnote': [ '2.1.0' ],
63 silly audit   'mdast-util-gfm-strikethrough': [ '2.0.0' ],
63 silly audit   'mdast-util-gfm-table': [ '2.0.0' ],
63 silly audit   'mdast-util-gfm-task-list-item': [ '2.0.0' ],
63 silly audit   'mdast-util-mdx-expression': [ '2.0.1' ],
63 silly audit   'mdast-util-mdx-jsx': [ '3.2.0' ],
63 silly audit   'mdast-util-mdxjs-esm': [ '2.0.1' ],
63 silly audit   'mdast-util-phrasing': [ '4.1.0' ],
63 silly audit   'mdast-util-to-hast': [ '13.2.1' ],
63 silly audit   'mdast-util-to-markdown': [ '2.1.2' ],
63 silly audit   'mdast-util-to-string': [ '4.0.0' ],
63 silly audit   'media-chrome': [ '4.19.2' ],
63 silly audit   'media-played-ranges-mixin': [ '0.1.0' ],
63 silly audit   'media-tracks': [ '0.3.5' ],
63 silly audit   'media-typer': [ '1.1.1' ],
63 silly audit   'merge-stream': [ '2.0.0' ],
63 silly audit   merge2: [ '1.4.1' ],
63 silly audit   micromark: [ '4.0.2' ],
63 silly audit   'micromark-core-commonmark': [ '2.0.3' ],
63 silly audit   'micromark-extension-gfm': [ '3.0.0' ],
63 silly audit   'micromark-extension-gfm-autolink-literal': [ '2.1.0' ],
63 silly audit   'micromark-extension-gfm-footnote': [ '2.1.0' ],
63 silly audit   'micromark-extension-gfm-strikethrough': [ '2.1.0' ],
63 silly audit   'micromark-extension-gfm-table': [ '2.1.1' ],
63 silly audit   'micromark-extension-gfm-tagfilter': [ '2.0.0' ],
63 silly audit   'micromark-extension-gfm-task-list-item': [ '2.1.0' ],
63 silly audit   'micromark-factory-destination': [ '2.0.1' ],
63 silly audit   'micromark-factory-label': [ '2.0.1' ],
63 silly audit   'micromark-factory-space': [ '2.0.1' ],
63 silly audit   'micromark-factory-title': [ '2.0.1' ],
63 silly audit   'micromark-factory-whitespace': [ '2.0.1' ],
63 silly audit   'micromark-util-character': [ '2.1.1' ],
63 silly audit   'micromark-util-chunked': [ '2.0.1' ],
63 silly audit   'micromark-util-classify-character': [ '2.0.1' ],
63 silly audit   'micromark-util-combine-extensions': [ '2.0.1' ],
63 silly audit   'micromark-util-decode-numeric-character-reference': [ '2.0.2' ],
63 silly audit   'micromark-util-decode-string': [ '2.0.1' ],
63 silly audit   'micromark-util-encode': [ '2.0.1' ],
63 silly audit   'micromark-util-html-tag-name': [ '2.0.1' ],
63 silly audit   'micromark-util-normalize-identifier': [ '2.0.1' ],
63 silly audit   'micromark-util-resolve-all': [ '2.0.1' ],
63 silly audit   'micromark-util-sanitize-uri': [ '2.0.1' ],
63 silly audit   'micromark-util-subtokenize': [ '2.1.0' ],
63 silly audit   'micromark-util-symbol': [ '2.0.1' ],
63 silly audit   'micromark-util-types': [ '2.0.2' ],
63 silly audit   micromatch: [ '4.0.8' ],
63 silly audit   picomatch: [ '2.3.2', '4.0.5' ],
63 silly audit   mime: [ '2.6.0' ],
63 silly audit   'mime-db': [ '1.54.0' ],
63 silly audit   'mime-types': [ '3.0.2' ],
63 silly audit   'mimic-fn': [ '3.1.0', '2.1.0' ],
63 silly audit   'mimic-function': [ '5.0.1' ],
63 silly audit   minimatch: [ '10.2.6' ],
63 silly audit   minimist: [ '1.2.8' ],
63 silly audit   mkdirp: [ '0.5.6' ],
63 silly audit   ms: [ '2.1.3' ],
63 silly audit   'mux-embed': [ '5.18.1' ],
63 silly audit   mz: [ '2.7.0' ],
63 silly audit   nanoid: [ '3.3.18' ],
63 silly audit   'native-promise-only': [ '0.8.1' ],
63 silly audit   negotiator: [ '1.0.0' ],
63 silly audit   next: [ '16.3.1' ],
63 silly audit   'next-themes': [ '0.4.6' ],
63 silly audit   postcss: [ '8.5.23', '8.5.26' ],
63 silly audit   'node-hex': [ '1.0.1' ],
63 silly audit   'node-releases': [ '2.0.53' ],
63 silly audit   'normalize-wheel': [ '1.0.1' ],
63 silly audit   'path-key': [ '4.0.0', '3.1.1' ],
63 silly audit   'nth-check': [ '2.1.1' ],
63 silly audit   'object-assign': [ '4.1.1' ],
63 silly audit   'object-inspect': [ '1.13.4' ],
63 silly audit   'object-treeify': [ '1.1.33' ],
63 silly audit   'on-finished': [ '2.4.1' ],
63 silly audit   once: [ '1.4.0' ],
63 silly audit   onetime: [ '5.1.2', '7.0.0' ],
63 silly audit   ora: [ '8.2.0' ],
63 silly audit   'strip-ansi': [ '7.2.0', '6.0.1' ],
63 silly audit   'os-name': [ '1.0.3' ],
63 silly audit   'osx-release': [ '1.1.0' ],
63 silly audit   'p-limit': [ '2.3.0' ],
63 silly audit   'p-locate': [ '3.0.0' ],
63 silly audit   'p-try': [ '2.2.0' ],
63 silly audit   'parent-module': [ '1.0.1' ],
63 silly audit   'parse-entities': [ '4.0.2' ],
63 silly audit   'parse-json': [ '5.2.0' ],
63 silly audit   'parse-ms': [ '4.0.0' ],
63 silly audit   'parse-numeric-range': [ '1.3.0' ],
63 silly audit   parse5: [ '7.3.0' ],
63 silly audit   parseurl: [ '1.3.3' ],
63 silly audit   'path-browserify': [ '1.0.1' ],
63 silly audit   'path-exists': [ '3.0.0' ],
63 silly audit   'path-to-regexp': [ '8.4.2' ],
63 silly audit   'pause-stream': [ '0.0.11' ],
63 silly audit   picocolors: [ '1.1.1' ],
63 silly audit   'pkce-challenge': [ '5.0.1' ],
63 silly audit   'pkg-up': [ '3.1.0' ],
63 silly audit   platform: [ '1.3.6' ],
63 silly audit   'player.style': [ '0.3.4' ],
63 silly audit   'postcss-selector-parser': [ '7.1.5' ],
63 silly audit   'powershell-utils': [ '0.2.0', '0.1.0' ],
63 silly audit   'pretty-ms': [ '9.3.0' ],
63 silly audit   'process-nextick-args': [ '2.0.1' ],
63 silly audit   prompts: [ '2.4.2' ],
63 silly audit   'prop-types': [ '15.8.1' ],
63 silly audit   'property-information': [ '7.2.0' ],
63 silly audit   'proxy-addr': [ '2.0.7' ],
63 silly audit   pump: [ '3.0.4' ],
63 silly audit   qs: [ '6.15.3' ],
63 silly audit   'queue-microtask': [ '1.2.3' ],
63 silly audit   'range-parser': [ '1.3.0' ],
63 silly audit   'raw-body': [ '3.0.2' ],
63 silly audit   react: [ '19.2.8' ],
63 silly audit   'react-dom': [ '19.2.8' ],
63 silly audit   'react-dropzone': [ '20.1.1' ],
63 silly audit   'react-easy-crop': [ '6.2.3' ],
63 silly audit   'react-icons': [ '5.7.0' ],
63 silly audit   'react-is': [ '16.13.1' ],
63 silly audit   'react-markdown': [ '10.1.0' ],
63 silly audit   'react-photo-view': [ '1.2.7' ],
63 silly audit   'react-player': [ '3.4.0' ],
63 silly audit   'readable-stream': [ '2.3.8' ],
63 silly audit   recast: [ '0.23.21' ],
63 silly audit   refractor: [ '5.0.0' ],
63 silly audit   rehype: [ '13.0.2' ],
63 silly audit   'rehype-attr': [ '4.0.2' ],
63 silly audit   'unist-util-visit': [ '5.0.0', '5.1.0' ],
63 silly audit   'rehype-autolink-headings': [ '7.1.0' ],
63 silly audit   'rehype-ignore': [ '2.0.3' ],
63 silly audit   'rehype-parse': [ '9.0.1' ],
63 silly audit   'rehype-prism-plus': [ '2.0.2' ],
63 silly audit   'rehype-raw': [ '7.0.0' ],
63 silly audit   'rehype-rewrite': [ '4.0.4' ],
63 silly audit   'rehype-sanitize': [ '6.0.0' ],
63 silly audit   'rehype-slug': [ '6.0.0' ],
63 silly audit   'rehype-stringify': [ '10.0.1' ],
63 silly audit   'remark-gfm': [ '4.0.1' ],
63 silly audit   'remark-github-blockquote-alert': [ '1.3.1' ],
63 silly audit   'remark-parse': [ '11.0.0' ],
63 silly audit   'remark-rehype': [ '11.1.2' ],
63 silly audit   'remark-stringify': [ '11.0.0' ],
63 silly audit   'require-from-string': [ '2.0.2' ],
63 silly audit   reselect: [ '5.2.0' ],
63 silly audit   'resolve-from': [ '4.0.0' ],
63 silly audit   'restore-cursor': [ '5.1.0' ],
63 silly audit   reusify: [ '1.1.0' ],
63 silly audit   router: [ '2.2.0' ],
63 silly audit   'run-applescript': [ '7.1.0' ],
63 silly audit   'run-parallel': [ '1.2.0' ],
63 silly audit   'safe-buffer': [ '5.1.2' ],
63 silly audit   'safer-buffer': [ '2.1.2' ],
63 silly audit   sax: [ '1.2.1' ],
63 silly audit   scheduler: [ '0.27.0' ],
63 silly audit   'sdk-base': [ '2.0.1' ],
63 silly audit   send: [ '1.2.1' ],
63 silly audit   'serve-static': [ '2.2.1' ],
63 silly audit   setprototypeof: [ '1.2.0' ],
63 silly audit   shadcn: [ '4.18.0' ],
63 silly audit   zod: [ '3.25.76', '4.4.3' ],
63 silly audit   sharp: [ '0.35.3' ],
63 silly audit   'shebang-command': [ '2.0.0' ],
63 silly audit   'shebang-regex': [ '3.0.0' ],
63 silly audit   'side-channel': [ '1.1.1' ],
63 silly audit   'side-channel-list': [ '1.0.1' ],
63 silly audit   'side-channel-map': [ '1.0.1' ],
63 silly audit   'side-channel-weakmap': [ '1.0.2' ],
63 silly audit   sisteransi: [ '1.0.5' ],
63 silly audit   'smart-buffer': [ '4.2.0' ],
63 silly audit   socks: [ '2.8.9' ],
63 silly audit   sonner: [ '2.0.8' ],
63 silly audit   'source-map': [ '0.6.1' ],
63 silly audit   'source-map-js': [ '1.2.1' ],
63 silly audit   'space-separated-tokens': [ '2.0.2' ],
63 silly audit   'spotify-audio-element': [ '1.0.4' ],
63 silly audit   'stdin-discarder': [ '0.2.2' ],
63 silly audit   'stream-http': [ '2.8.2' ],
63 silly audit   'stream-wormhole': [ '1.1.0' ],
63 silly audit   string_decoder: [ '1.1.1' ],
63 silly audit   'string-width': [ '7.2.0' ],
63 silly audit   'stringify-entities': [ '4.0.4' ],
63 silly audit   'stringify-object': [ '5.0.0' ],
63 silly audit   'strip-bom': [ '3.0.0' ],
63 silly audit   'style-to-js': [ '1.1.21' ],
63 silly audit   'style-to-object': [ '1.0.14' ],
63 silly audit   'styled-jsx': [ '5.1.6' ],
63 silly audit   'super-media-element': [ '1.4.2' ],
63 silly audit   systeminformation: [ '5.33.1' ],
63 silly audit   'tailwind-merge': [ '3.6.0' ],
63 silly audit   tailwindcss: [ '4.3.3' ],
63 silly audit   tapable: [ '2.3.3' ],
63 silly audit   thenify: [ '3.3.1' ],
63 silly audit   'thenify-all': [ '1.6.0' ],
63 silly audit   through: [ '2.3.8' ],
63 silly audit   'tiktok-video-element': [ '0.1.2' ],
63 silly audit   'tiny-invariant': [ '1.3.3' ],
63 silly audit   'to-arraybuffer': [ '1.0.1' ],
63 silly audit   'to-regex-range': [ '5.0.1' ],
63 silly audit   toidentifier: [ '1.0.1' ],
63 silly audit   'trim-lines': [ '3.0.1' ],
63 silly audit   trough: [ '2.2.0' ],
63 silly audit   'ts-morph': [ '26.0.0' ],
63 silly audit   'tsconfig-paths': [ '4.2.0' ],
63 silly audit   'tw-animate-css': [ '1.4.0' ],
63 silly audit   'twitch-video-element': [ '0.1.6' ],
63 silly audit   'type-is': [ '2.1.0' ],
63 silly audit   typescript: [ '5.9.3' ],
63 silly audit   undici: [ '7.29.0' ],
63 silly audit   'undici-types': [ '6.21.0' ],
63 silly audit   unescape: [ '1.0.1' ],
63 silly audit   'unicorn-magic': [ '0.3.0' ],
63 silly audit   unified: [ '11.0.5' ],
63 silly audit   'unist-util-filter': [ '5.0.1' ],
63 silly audit   'unist-util-is': [ '6.0.1' ],
63 silly audit   'unist-util-position': [ '5.0.0' ],
63 silly audit   'unist-util-stringify-position': [ '4.0.0' ],
63 silly audit   'unist-util-visit-parents': [ '6.0.2' ],
63 silly audit   universalify: [ '2.0.1' ],
63 silly audit   unpipe: [ '1.0.0' ],
63 silly audit   'update-browserslist-db': [ '1.3.1' ],
63 silly audit   urllib: [ '2.44.1' ],
63 silly audit   'use-sync-external-store': [ '1.6.0' ],
63 silly audit   'util-deprecate': [ '1.0.2' ],
63 silly audit   utility: [ '1.18.0' ],
63 silly audit   'validate-npm-package-name': [ '7.0.2' ],
63 silly audit   vary: [ '1.1.2' ],
63 silly audit   vfile: [ '6.0.3' ],
63 silly audit   'vfile-location': [ '5.0.3' ],
63 silly audit   'vfile-message': [ '4.0.3' ],
63 silly audit   'vimeo-video-element': [ '1.7.3' ],
63 silly audit   'weakmap-polyfill': [ '2.0.4' ],
63 silly audit   'web-namespaces': [ '2.0.1' ],
63 silly audit   'win-release': [ '1.1.1' ],
63 silly audit   'wistia-video-element': [ '1.4.0' ],
63 silly audit   wrappy: [ '1.0.2' ],
63 silly audit   'wsl-utils': [ '1.0.0' ],
63 silly audit   xml2js: [ '0.6.2' ],
63 silly audit   xmlbuilder: [ '11.0.1' ],
63 silly audit   xtend: [ '4.0.2' ],
63 silly audit   yallist: [ '3.1.1' ],
63 silly audit   'yocto-spinner': [ '1.2.2' ],
63 silly audit   yoctocolors: [ '2.2.0' ],
63 silly audit   'youtube-video-element': [ '1.9.0' ],
63 silly audit   'zod-to-json-schema': [ '3.25.2' ],
63 silly audit   zustand: [ '5.0.15' ],
63 silly audit   zwitch: [ '2.0.4' ],
63 silly audit   '@ffmpeg/ffmpeg': [ '0.12.15' ],
63 silly audit   '@ffmpeg/util': [ '0.12.2' ],
63 silly audit   '@ffmpeg/types': [ '0.12.4' ]
63 silly audit }
64 http cache @ffmpeg/util@https://registry.npmjs.org/@ffmpeg/util/-/util-0.12.2.tgz 0ms (cache hit)
65 http cache @ffmpeg/ffmpeg@https://registry.npmjs.org/@ffmpeg/ffmpeg/-/ffmpeg-0.12.15.tgz 0ms (cache hit)
66 silly tarball no local data for @ffmpeg/util@https://registry.npmjs.org/@ffmpeg/util/-/util-0.12.2.tgz. Extracting by manifest.
67 silly tarball no local data for @ffmpeg/ffmpeg@https://registry.npmjs.org/@ffmpeg/ffmpeg/-/ffmpeg-0.12.15.tgz. Extracting by manifest.
68 http cache @ffmpeg/types@https://registry.npmjs.org/@ffmpeg/types/-/types-0.12.4.tgz 0ms (cache hit)
69 silly tarball no local data for @ffmpeg/types@https://registry.npmjs.org/@ffmpeg/types/-/types-0.12.4.tgz. Extracting by manifest.
70 http fetch POST 200 https://registry.npmjs.org/-/npm/v1/security/advisories/bulk 228ms
71 silly audit report {}
72 http fetch GET 200 https://registry.npmjs.org/@ffmpeg/util/-/util-0.12.2.tgz 278ms (cache miss)
73 http fetch GET 200 https://registry.npmjs.org/@ffmpeg/types/-/types-0.12.4.tgz 474ms (cache miss)
74 http fetch GET 200 https://registry.npmjs.org/@ffmpeg/ffmpeg/-/ffmpeg-0.12.15.tgz 526ms (cache miss)
75 silly ADD node_modules/@ffmpeg/types
76 silly ADD node_modules/@ffmpeg/util
77 silly ADD node_modules/@ffmpeg/ffmpeg
78 silly REMOVE node_modules/@vitest/utils
79 silly REMOVE node_modules/@vitest/spy
80 silly REMOVE node_modules/@vitest/snapshot
81 silly REMOVE node_modules/@vitest/runner
82 silly REMOVE node_modules/@vitest/pretty-format
83 silly REMOVE node_modules/@vitest/mocker
84 silly REMOVE node_modules/@vitest/expect
85 silly REMOVE node_modules/@types/deep-eql
86 silly REMOVE node_modules/@types/chai
87 silly REMOVE node_modules/@standard-schema/spec
88 silly REMOVE node_modules/@rolldown/pluginutils
89 silly REMOVE node_modules/@rolldown/binding-win32-x64-msvc
90 silly REMOVE node_modules/@oxc-project/types
91 silly REMOVE node_modules/why-is-node-running
92 silly REMOVE node_modules/vitest
93 silly REMOVE node_modules/vite
94 silly REMOVE node_modules/vite/node_modules/lightningcss-win32-x64-msvc
95 silly REMOVE node_modules/vite/node_modules/lightningcss
96 silly REMOVE node_modules/tinyrainbow
97 silly REMOVE node_modules/tinyglobby
98 silly REMOVE node_modules/tinyexec
99 silly REMOVE node_modules/tinybench
100 silly REMOVE node_modules/std-env
101 silly REMOVE node_modules/stackback
102 silly REMOVE node_modules/siginfo
103 silly REMOVE node_modules/rolldown
104 silly REMOVE node_modules/pathe
105 silly REMOVE node_modules/obug
106 silly REMOVE node_modules/expect-type
107 silly REMOVE node_modules/estree-walker
108 silly REMOVE node_modules/es-module-lexer
109 silly REMOVE node_modules/chai
110 silly REMOVE node_modules/assertion-error
111 verbose cwd D:\FullStackProjects\yltt2025
112 verbose os Windows_NT 10.0.26200
113 verbose node v24.19.0
114 verbose npm  v11.17.0
115 notice
115 notice New major version of npm available! 11.17.0 -> 12.0.2
115 notice Changelog: https://github.com/npm/cli/releases/tag/v12.0.2
115 notice To update run: npm install -g npm@12.0.2
115 notice  { force: true, Symbol(proc-log.meta): true }
116 verbose exit 0
117 info ok
