0 verbose cli E:\Nodejs\node.exe E:\Nodejs\node_modules\npm\bin\npm-cli.js
1 info using npm@11.17.0
2 info using node@v24.19.0
3 silly config load:file:E:\Nodejs\node_modules\npm\npmrc
4 silly config load:file:D:\FullStackProjects\yltt2025\.npmrc
5 silly config load:file:C:\Users\10991\.npmrc
6 silly config load:file:C:\Users\10991\AppData\Roaming\npm\etc\npmrc
7 verbose title npm install
8 verbose argv "install" "--package-lock-only" "--ignore-scripts" "--cache" "D:\\FullStackProjects\\yltt2025\\.npm-cache-local"
9 verbose logfile logs-max:10 dir:D:\FullStackProjects\yltt2025\.npm-cache-local\_logs\2026-08-23T15_03_51_170Z-
10 verbose logfile D:\FullStackProjects\yltt2025\.npm-cache-local\_logs\2026-08-23T15_03_51_170Z-debug-0.log
11 silly logfile done cleaning log files
12 silly packumentCache heap:4496293888 maxSize:1124073472 maxEntrySize:562036736
13 silly idealTree buildDeps
14 silly fetch manifest vitest@^4.1.11
15 silly packumentCache full:https://registry.npmjs.org/vitest cache-miss
16 http cache https://registry.npmjs.org/vitest 21ms (cache hit)
17 silly packumentCache full:https://registry.npmjs.org/vitest set size:2241365 disposed:false
18 silly fetch manifest @edge-runtime/vm@*
19 silly packumentCache full:https://registry.npmjs.org/@edge-runtime%2fvm cache-miss
20 http cache https://registry.npmjs.org/@edge-runtime%2fvm 7ms (cache hit)
21 silly packumentCache full:https://registry.npmjs.org/@edge-runtime%2fvm set size:269934 disposed:false
22 silly fetch manifest @opentelemetry/api@^1.9.0
23 silly packumentCache full:https://registry.npmjs.org/@opentelemetry%2fapi cache-miss
24 http cache https://registry.npmjs.org/@opentelemetry%2fapi 6ms (cache hit)
25 silly packumentCache full:https://registry.npmjs.org/@opentelemetry%2fapi set size:272967 disposed:false
26 silly fetch manifest @types/node@^20
27 silly packumentCache full:https://registry.npmjs.org/@types%2fnode cache-miss
28 http cache https://registry.npmjs.org/@types%2fnode 33ms (cache hit)
29 silly packumentCache full:https://registry.npmjs.org/@types%2fnode set size:11088606 disposed:false
30 silly fetch manifest @vitest/browser-playwright@4.1.11
31 silly packumentCache full:https://registry.npmjs.org/@vitest%2fbrowser-playwright cache-miss
32 http cache https://registry.npmjs.org/@vitest%2fbrowser-playwright 16ms (cache hit)
33 silly packumentCache full:https://registry.npmjs.org/@vitest%2fbrowser-playwright set size:145772 disposed:false
34 silly fetch manifest playwright@*
35 silly packumentCache full:https://registry.npmjs.org/playwright cache-miss
36 http cache https://registry.npmjs.org/playwright 62ms (cache hit)
37 silly packumentCache full:https://registry.npmjs.org/playwright set size:16656241 disposed:false
38 silly fetch manifest @vitest/browser-preview@4.1.11
39 silly packumentCache full:https://registry.npmjs.org/@vitest%2fbrowser-preview cache-miss
40 http cache https://registry.npmjs.org/@vitest%2fbrowser-preview 8ms (cache hit)
41 silly packumentCache full:https://registry.npmjs.org/@vitest%2fbrowser-preview set size:139766 disposed:false
42 silly fetch manifest @vitest/browser-webdriverio@4.1.11
43 silly packumentCache full:https://registry.npmjs.org/@vitest%2fbrowser-webdriverio cache-miss
44 http cache https://registry.npmjs.org/@vitest%2fbrowser-webdriverio 12ms (cache hit)
45 silly packumentCache full:https://registry.npmjs.org/@vitest%2fbrowser-webdriverio set size:140979 disposed:false
46 silly fetch manifest webdriverio@*
47 silly packumentCache full:https://registry.npmjs.org/webdriverio cache-miss
48 http cache https://registry.npmjs.org/webdriverio 11ms (cache hit)
49 silly packumentCache full:https://registry.npmjs.org/webdriverio set size:3155395 disposed:false
50 silly fetch manifest puppeteer-core@>=22.x <=24.x
51 silly packumentCache full:https://registry.npmjs.org/puppeteer-core cache-miss
52 http cache https://registry.npmjs.org/puppeteer-core 8ms (cache hit)
53 silly packumentCache full:https://registry.npmjs.org/puppeteer-core set size:1571858 disposed:false
54 silly fetch manifest @vitest/coverage-istanbul@4.1.11
55 silly packumentCache full:https://registry.npmjs.org/@vitest%2fcoverage-istanbul cache-miss
56 http cache https://registry.npmjs.org/@vitest%2fcoverage-istanbul 6ms (cache hit)
57 silly packumentCache full:https://registry.npmjs.org/@vitest%2fcoverage-istanbul set size:700836 disposed:false
58 silly fetch manifest @vitest/coverage-v8@4.1.11
59 silly packumentCache full:https://registry.npmjs.org/@vitest%2fcoverage-v8 cache-miss
60 http cache https://registry.npmjs.org/@vitest%2fcoverage-v8 6ms (cache hit)
61 silly packumentCache full:https://registry.npmjs.org/@vitest%2fcoverage-v8 set size:537094 disposed:false
62 silly fetch manifest @vitest/browser@4.1.11
63 silly packumentCache full:https://registry.npmjs.org/@vitest%2fbrowser cache-miss
64 http cache https://registry.npmjs.org/@vitest%2fbrowser 6ms (cache hit)
65 silly packumentCache full:https://registry.npmjs.org/@vitest%2fbrowser set size:797238 disposed:false
66 silly fetch manifest @vitest/ui@4.1.11
67 silly packumentCache full:https://registry.npmjs.org/@vitest%2fui cache-miss
68 http cache https://registry.npmjs.org/@vitest%2fui 6ms (cache hit)
69 silly packumentCache full:https://registry.npmjs.org/@vitest%2fui set size:1285644 disposed:false
70 silly fetch manifest happy-dom@*
71 silly packumentCache full:https://registry.npmjs.org/happy-dom cache-miss
72 http cache https://registry.npmjs.org/happy-dom 9ms (cache hit)
73 silly packumentCache full:https://registry.npmjs.org/happy-dom set size:2492452 disposed:false
74 silly fetch manifest jsdom@*
75 silly packumentCache full:https://registry.npmjs.org/jsdom cache-miss
76 http cache https://registry.npmjs.org/jsdom 6ms (cache hit)
77 silly packumentCache full:https://registry.npmjs.org/jsdom set size:1074418 disposed:false
78 silly fetch manifest canvas@^3.2.3
79 silly packumentCache full:https://registry.npmjs.org/canvas cache-miss
80 http cache https://registry.npmjs.org/canvas 5ms (cache hit)
81 silly packumentCache full:https://registry.npmjs.org/canvas set size:353371 disposed:false
82 silly placeDep ROOT vitest@4.1.11 OK for: yltt2025@0.1.0 want: ^4.1.11
83 silly fetch manifest obug@^2.1.1
84 silly packumentCache full:https://registry.npmjs.org/obug cache-miss
85 silly fetch manifest vite@^6.0.0 || ^7.0.0 || ^8.0.0
86 silly packumentCache full:https://registry.npmjs.org/vite cache-miss
87 silly fetch manifest pathe@^2.0.3
88 silly packumentCache full:https://registry.npmjs.org/pathe cache-miss
89 silly fetch manifest std-env@^4.0.0-rc.1
90 silly packumentCache full:https://registry.npmjs.org/std-env cache-miss
91 silly fetch manifest tinyexec@^1.0.2
92 silly packumentCache full:https://registry.npmjs.org/tinyexec cache-miss
93 silly fetch manifest tinybench@^2.9.0
94 silly packumentCache full:https://registry.npmjs.org/tinybench cache-miss
95 silly fetch manifest tinyglobby@^0.2.15
96 silly packumentCache full:https://registry.npmjs.org/tinyglobby cache-miss
97 http cache https://registry.npmjs.org/pathe 40ms (cache hit)
98 silly packumentCache full:https://registry.npmjs.org/pathe set size:68788 disposed:false
99 silly fetch manifest @vitest/spy@4.1.11
100 silly packumentCache full:https://registry.npmjs.org/@vitest%2fspy cache-miss
101 http cache https://registry.npmjs.org/std-env 51ms (cache hit)
102 silly packumentCache full:https://registry.npmjs.org/std-env set size:90491 disposed:false
103 silly fetch manifest expect-type@^1.3.0
104 silly packumentCache full:https://registry.npmjs.org/expect-type cache-miss
105 http cache https://registry.npmjs.org/obug 56ms (cache hit)
106 silly packumentCache full:https://registry.npmjs.org/obug set size:49983 disposed:false
107 silly fetch manifest tinyrainbow@^3.1.0
108 silly packumentCache full:https://registry.npmjs.org/tinyrainbow cache-miss
109 http cache https://registry.npmjs.org/tinyglobby 64ms (cache hit)
110 silly packumentCache full:https://registry.npmjs.org/tinyglobby set size:54291 disposed:false
111 silly fetch manifest @vitest/utils@4.1.11
112 silly packumentCache full:https://registry.npmjs.org/@vitest%2futils cache-miss
113 http cache https://registry.npmjs.org/tinyexec 69ms (cache hit)
114 silly packumentCache full:https://registry.npmjs.org/tinyexec set size:65811 disposed:false
115 silly fetch manifest @vitest/expect@4.1.11
116 silly packumentCache full:https://registry.npmjs.org/@vitest%2fexpect cache-miss
117 http cache https://registry.npmjs.org/vite 136ms (cache hit)
118 silly packumentCache full:https://registry.npmjs.org/vite set size:38929639 disposed:false
119 silly fetch manifest @vitest/mocker@4.1.11
120 silly packumentCache full:https://registry.npmjs.org/@vitest%2fmocker cache-miss
121 http cache https://registry.npmjs.org/tinybench 359ms (cache hit)
122 silly packumentCache full:https://registry.npmjs.org/tinybench set size:175152 disposed:false
123 silly fetch manifest @vitest/runner@4.1.11
124 silly packumentCache full:https://registry.npmjs.org/@vitest%2frunner cache-miss
125 http cache https://registry.npmjs.org/@vitest%2fspy 325ms (cache hit)
126 silly packumentCache full:https://registry.npmjs.org/@vitest%2fspy set size:456437 disposed:false
127 silly fetch manifest es-module-lexer@^2.0.0
128 silly packumentCache full:https://registry.npmjs.org/es-module-lexer cache-miss
129 http cache https://registry.npmjs.org/tinyrainbow 322ms (cache hit)
130 silly packumentCache full:https://registry.npmjs.org/tinyrainbow set size:31061 disposed:false
131 silly fetch manifest @vitest/snapshot@4.1.11
132 silly packumentCache full:https://registry.npmjs.org/@vitest%2fsnapshot cache-miss
133 http cache https://registry.npmjs.org/expect-type 330ms (cache hit)
134 silly packumentCache full:https://registry.npmjs.org/expect-type set size:191241 disposed:false
135 silly fetch manifest why-is-node-running@^2.3.0
136 silly packumentCache full:https://registry.npmjs.org/why-is-node-running cache-miss
137 http cache https://registry.npmjs.org/@vitest%2futils 323ms (cache hit)
138 silly packumentCache full:https://registry.npmjs.org/@vitest%2futils set size:594701 disposed:false
139 silly fetch manifest @vitest/pretty-format@4.1.11
140 silly packumentCache full:https://registry.npmjs.org/@vitest%2fpretty-format cache-miss
141 http cache https://registry.npmjs.org/@vitest%2fexpect 332ms (cache hit)
142 silly packumentCache full:https://registry.npmjs.org/@vitest%2fexpect set size:492855 disposed:false
143 http cache https://registry.npmjs.org/@vitest%2fmocker 53ms (cache hit)
144 silly packumentCache full:https://registry.npmjs.org/@vitest%2fmocker set size:343415 disposed:false
145 http cache https://registry.npmjs.org/@vitest%2frunner 53ms (cache hit)
146 silly packumentCache full:https://registry.npmjs.org/@vitest%2frunner set size:468291 disposed:false
147 http cache https://registry.npmjs.org/es-module-lexer 51ms (cache hit)
148 silly packumentCache full:https://registry.npmjs.org/es-module-lexer set size:214894 disposed:false
149 http cache https://registry.npmjs.org/why-is-node-running 42ms (cache hit)
150 silly packumentCache full:https://registry.npmjs.org/why-is-node-running set size:50430 disposed:false
151 http cache https://registry.npmjs.org/@vitest%2fsnapshot 51ms (cache hit)
152 silly packumentCache full:https://registry.npmjs.org/@vitest%2fsnapshot set size:467931 disposed:false
153 http cache https://registry.npmjs.org/@vitest%2fpretty-format 37ms (cache hit)
154 silly packumentCache full:https://registry.npmjs.org/@vitest%2fpretty-format set size:291521 disposed:false
155 silly fetch manifest @types/node@^20.0.0 || ^22.0.0 || >=24.0.0
156 silly packumentCache full:https://registry.npmjs.org/@types%2fnode cache-miss
157 http cache https://registry.npmjs.org/@types%2fnode 30ms (cache hit)
158 silly packumentCache full:https://registry.npmjs.org/@types%2fnode set size:11088606 disposed:false
159 silly fetch manifest @vitejs/devtools@^0.4.0 || ^0.5.0
160 silly packumentCache full:https://registry.npmjs.org/@vitejs%2fdevtools cache-miss
161 http cache https://registry.npmjs.org/@vitejs%2fdevtools 7ms (cache hit)
162 silly packumentCache full:https://registry.npmjs.org/@vitejs%2fdevtools set size:294884 disposed:false
163 silly fetch manifest @vitejs/devtools-oxc@^0.5.2
164 silly packumentCache full:https://registry.npmjs.org/@vitejs%2fdevtools-oxc cache-miss
165 http cache https://registry.npmjs.org/@vitejs%2fdevtools-oxc 24ms (cache hit)
166 silly packumentCache full:https://registry.npmjs.org/@vitejs%2fdevtools-oxc set size:50744 disposed:false
167 silly fetch manifest @vitejs/devtools-rolldown@^0.5.2
168 silly packumentCache full:https://registry.npmjs.org/@vitejs%2fdevtools-rolldown cache-miss
169 http cache https://registry.npmjs.org/@vitejs%2fdevtools-rolldown 5ms (cache hit)
170 silly packumentCache full:https://registry.npmjs.org/@vitejs%2fdevtools-rolldown set size:209217 disposed:false
171 silly fetch manifest @vitejs/devtools-vite@^0.5.2
172 silly packumentCache full:https://registry.npmjs.org/@vitejs%2fdevtools-vite cache-miss
173 http cache https://registry.npmjs.org/@vitejs%2fdevtools-vite 4ms (cache hit)
174 silly packumentCache full:https://registry.npmjs.org/@vitejs%2fdevtools-vite set size:138318 disposed:false
175 silly fetch manifest @vitejs/devtools-vitest@^0.5.2
176 silly packumentCache full:https://registry.npmjs.org/@vitejs%2fdevtools-vitest cache-miss
177 http cache https://registry.npmjs.org/@vitejs%2fdevtools-vitest 3ms (cache hit)
178 silly packumentCache full:https://registry.npmjs.org/@vitejs%2fdevtools-vitest set size:35911 disposed:false
179 silly fetch manifest vitest@*
180 silly packumentCache full:https://registry.npmjs.org/vitest cache-miss
181 http cache https://registry.npmjs.org/vitest 8ms (cache hit)
182 silly packumentCache full:https://registry.npmjs.org/vitest set size:2241365 disposed:false
183 silly fetch manifest esbuild@^0.27.0 || ^0.28.0
184 silly packumentCache full:https://registry.npmjs.org/esbuild cache-miss
185 http cache https://registry.npmjs.org/esbuild 7ms (cache hit)
186 silly packumentCache full:https://registry.npmjs.org/esbuild set size:1264676 disposed:false
187 silly fetch manifest jiti@>=1.21.0
188 silly packumentCache full:https://registry.npmjs.org/jiti cache-miss
189 http cache https://registry.npmjs.org/jiti 4ms (cache hit)
190 silly packumentCache full:https://registry.npmjs.org/jiti set size:387989 disposed:false
191 silly fetch manifest less@^4.0.0
192 silly packumentCache full:https://registry.npmjs.org/less cache-miss
193 http cache https://registry.npmjs.org/less 4ms (cache hit)
194 silly packumentCache full:https://registry.npmjs.org/less set size:500352 disposed:false
195 silly fetch manifest sass@^1.70.0
196 silly packumentCache full:https://registry.npmjs.org/sass cache-miss
197 http cache https://registry.npmjs.org/sass 6ms (cache hit)
198 silly packumentCache full:https://registry.npmjs.org/sass set size:747752 disposed:false
199 silly fetch manifest sass-embedded@^1.70.0
200 silly packumentCache full:https://registry.npmjs.org/sass-embedded cache-miss
201 http cache https://registry.npmjs.org/sass-embedded 4ms (cache hit)
202 silly packumentCache full:https://registry.npmjs.org/sass-embedded set size:428375 disposed:false
203 silly fetch manifest stylus@>=0.54.8
204 silly packumentCache full:https://registry.npmjs.org/stylus cache-miss
205 http cache https://registry.npmjs.org/stylus 4ms (cache hit)
206 silly packumentCache full:https://registry.npmjs.org/stylus set size:286766 disposed:false
207 silly fetch manifest sugarss@^5.0.0
208 silly packumentCache full:https://registry.npmjs.org/sugarss cache-miss
209 http cache https://registry.npmjs.org/sugarss 4ms (cache hit)
210 silly packumentCache full:https://registry.npmjs.org/sugarss set size:44975 disposed:false
211 silly fetch manifest postcss@^8.3.3
212 silly packumentCache full:https://registry.npmjs.org/postcss cache-miss
213 http cache https://registry.npmjs.org/postcss 6ms (cache hit)
214 silly packumentCache full:https://registry.npmjs.org/postcss set size:760024 disposed:false
215 silly fetch manifest terser@^5.16.0
216 silly packumentCache full:https://registry.npmjs.org/terser cache-miss
217 http cache https://registry.npmjs.org/terser 6ms (cache hit)
218 silly packumentCache full:https://registry.npmjs.org/terser set size:817272 disposed:false
219 silly fetch manifest tsx@^4.8.1
220 silly packumentCache full:https://registry.npmjs.org/tsx cache-miss
221 http cache https://registry.npmjs.org/tsx 4ms (cache hit)
222 silly packumentCache full:https://registry.npmjs.org/tsx set size:341667 disposed:false
223 silly fetch manifest yaml@^2.4.2
224 silly packumentCache full:https://registry.npmjs.org/yaml cache-miss
225 http cache https://registry.npmjs.org/yaml 4ms (cache hit)
226 silly packumentCache full:https://registry.npmjs.org/yaml set size:385754 disposed:false
227 silly fetch manifest msw@^2.4.9
228 silly packumentCache full:https://registry.npmjs.org/msw cache-miss
229 http cache https://registry.npmjs.org/msw 7ms (cache hit)
230 silly packumentCache full:https://registry.npmjs.org/msw set size:2036917 disposed:false
231 silly fetch manifest typescript@>= 4.8.x
232 silly packumentCache full:https://registry.npmjs.org/typescript cache-miss
233 http cache https://registry.npmjs.org/typescript 33ms (cache hit)
234 silly packumentCache full:https://registry.npmjs.org/typescript set size:15585119 disposed:false
235 silly placeDep ROOT @vitest/expect@4.1.11 OK for: vitest@4.1.11 want: 4.1.11
236 silly placeDep ROOT @vitest/mocker@4.1.11 OK for: vitest@4.1.11 want: 4.1.11
237 silly placeDep ROOT @vitest/pretty-format@4.1.11 OK for: vitest@4.1.11 want: 4.1.11
238 silly placeDep ROOT @vitest/runner@4.1.11 OK for: vitest@4.1.11 want: 4.1.11
239 silly placeDep ROOT @vitest/snapshot@4.1.11 OK for: vitest@4.1.11 want: 4.1.11
240 silly placeDep ROOT @vitest/spy@4.1.11 OK for: vitest@4.1.11 want: 4.1.11
241 silly placeDep ROOT @vitest/utils@4.1.11 OK for: vitest@4.1.11 want: 4.1.11
242 silly placeDep ROOT es-module-lexer@2.3.2 OK for: vitest@4.1.11 want: ^2.0.0
243 silly placeDep ROOT expect-type@1.4.0 OK for: vitest@4.1.11 want: ^1.3.0
244 silly placeDep ROOT obug@2.1.4 OK for: vitest@4.1.11 want: ^2.1.1
245 silly placeDep ROOT pathe@2.0.3 OK for: vitest@4.1.11 want: ^2.0.3
246 silly placeDep ROOT std-env@4.2.0 OK for: vitest@4.1.11 want: ^4.0.0-rc.1
247 silly placeDep ROOT tinybench@2.9.0 OK for: vitest@4.1.11 want: ^2.9.0
248 silly placeDep ROOT tinyexec@1.3.0 OK for: vitest@4.1.11 want: ^1.0.2
249 silly placeDep ROOT tinyglobby@0.2.17 OK for: vitest@4.1.11 want: ^0.2.15
250 silly placeDep ROOT tinyrainbow@3.1.1 OK for: vitest@4.1.11 want: ^3.1.0
251 silly placeDep ROOT vite@8.2.2 OK for: vitest@4.1.11 want: ^6.0.0 || ^7.0.0 || ^8.0.0
252 silly placeDep ROOT why-is-node-running@2.3.0 OK for: vitest@4.1.11 want: ^2.3.0
253 silly fetch manifest chai@^6.2.2
254 silly packumentCache full:https://registry.npmjs.org/chai cache-miss
255 silly fetch manifest @types/chai@^5.2.2
256 silly packumentCache full:https://registry.npmjs.org/@types%2fchai cache-miss
257 silly fetch manifest @standard-schema/spec@^1.1.0
258 silly packumentCache full:https://registry.npmjs.org/@standard-schema%2fspec cache-miss
259 silly fetch manifest estree-walker@^3.0.3
260 silly packumentCache full:https://registry.npmjs.org/estree-walker cache-miss
261 silly fetch manifest rolldown@~1.2.4
262 silly packumentCache full:https://registry.npmjs.org/rolldown cache-miss
263 silly fetch manifest lightningcss@^1.33.0
264 silly packumentCache full:https://registry.npmjs.org/lightningcss cache-miss
265 silly fetch manifest fsevents@~2.3.3
266 silly packumentCache full:https://registry.npmjs.org/fsevents cache-miss
267 http cache https://registry.npmjs.org/lightningcss 10ms (cache hit)
268 silly packumentCache full:https://registry.npmjs.org/lightningcss set size:191065 disposed:false
269 silly fetch manifest siginfo@^2.0.0
270 silly packumentCache full:https://registry.npmjs.org/siginfo cache-miss
271 http cache https://registry.npmjs.org/chai 16ms (cache hit)
272 silly packumentCache full:https://registry.npmjs.org/chai set size:232540 disposed:false
273 silly fetch manifest stackback@0.0.2
274 silly packumentCache full:https://registry.npmjs.org/stackback cache-miss
275 http cache https://registry.npmjs.org/@types%2fchai 20ms (cache hit)
276 silly packumentCache full:https://registry.npmjs.org/@types%2fchai set size:226260 disposed:false
277 http cache https://registry.npmjs.org/estree-walker 22ms (cache hit)
278 silly packumentCache full:https://registry.npmjs.org/estree-walker set size:60887 disposed:false
279 http cache https://registry.npmjs.org/fsevents 22ms (cache hit)
280 silly packumentCache full:https://registry.npmjs.org/fsevents set size:182472 disposed:false
281 http cache https://registry.npmjs.org/rolldown 31ms (cache hit)
282 silly packumentCache full:https://registry.npmjs.org/rolldown set size:3795090 disposed:false
283 http cache https://registry.npmjs.org/@standard-schema%2fspec 54ms (cache hit)
284 silly packumentCache full:https://registry.npmjs.org/@standard-schema%2fspec set size:27284 disposed:false
285 http cache https://registry.npmjs.org/stackback 40ms (cache hit)
286 silly packumentCache full:https://registry.npmjs.org/stackback set size:4594 disposed:false
287 http cache https://registry.npmjs.org/siginfo 45ms (cache hit)
288 silly packumentCache full:https://registry.npmjs.org/siginfo set size:8524 disposed:false
289 silly placeDep ROOT @standard-schema/spec@1.1.0 OK for: @vitest/expect@4.1.11 want: ^1.1.0
290 silly placeDep ROOT @types/chai@5.2.3 OK for: @vitest/expect@4.1.11 want: ^5.2.2
291 silly placeDep ROOT chai@6.2.2 OK for: @vitest/expect@4.1.11 want: ^6.2.2
292 silly fetch manifest @types/deep-eql@*
293 silly packumentCache full:https://registry.npmjs.org/@types%2fdeep-eql cache-miss
294 silly fetch manifest assertion-error@^2.0.1
295 silly packumentCache full:https://registry.npmjs.org/assertion-error cache-miss
296 http cache https://registry.npmjs.org/assertion-error 4ms (cache hit)
297 silly packumentCache full:https://registry.npmjs.org/assertion-error set size:14438 disposed:false
298 http cache https://registry.npmjs.org/@types%2fdeep-eql 6ms (cache hit)
299 silly packumentCache full:https://registry.npmjs.org/@types%2fdeep-eql set size:6411 disposed:false
300 silly placeDep ROOT @types/deep-eql@4.0.2 OK for: @types/chai@5.2.3 want: *
301 silly placeDep ROOT assertion-error@2.0.1 OK for: @types/chai@5.2.3 want: ^2.0.1
302 silly placeDep ROOT estree-walker@3.0.3 OK for: @vitest/mocker@4.1.11 want: ^3.0.3
303 silly placeDep ROOT fsevents@2.3.3 OK for: vite@8.2.2 want: ~2.3.3
304 silly placeDep node_modules/vite lightningcss@1.33.0 OK for: vite@8.2.2 want: ^1.33.0
305 silly placeDep ROOT rolldown@1.2.5 OK for: vite@8.2.2 want: ~1.2.4
306 silly fetch manifest lightningcss-darwin-x64@1.33.0
307 silly packumentCache full:https://registry.npmjs.org/lightningcss-darwin-x64 cache-miss
308 silly fetch manifest lightningcss-linux-x64-gnu@1.33.0
309 silly packumentCache full:https://registry.npmjs.org/lightningcss-linux-x64-gnu cache-miss
310 silly fetch manifest lightningcss-win32-x64-msvc@1.33.0
311 silly packumentCache full:https://registry.npmjs.org/lightningcss-win32-x64-msvc cache-miss
312 silly fetch manifest lightningcss-win32-arm64-msvc@1.33.0
313 silly packumentCache full:https://registry.npmjs.org/lightningcss-win32-arm64-msvc cache-miss
314 silly fetch manifest lightningcss-darwin-arm64@1.33.0
315 silly packumentCache full:https://registry.npmjs.org/lightningcss-darwin-arm64 cache-miss
316 silly fetch manifest lightningcss-linux-arm64-gnu@1.33.0
317 silly packumentCache full:https://registry.npmjs.org/lightningcss-linux-arm64-gnu cache-miss
318 silly fetch manifest lightningcss-linux-arm-gnueabihf@1.33.0
319 silly packumentCache full:https://registry.npmjs.org/lightningcss-linux-arm-gnueabihf cache-miss
320 http cache https://registry.npmjs.org/lightningcss-win32-arm64-msvc 11ms (cache hit)
321 silly packumentCache full:https://registry.npmjs.org/lightningcss-win32-arm64-msvc set size:28346 disposed:false
322 silly fetch manifest lightningcss-linux-arm64-musl@1.33.0
323 silly packumentCache full:https://registry.npmjs.org/lightningcss-linux-arm64-musl cache-miss
324 http cache https://registry.npmjs.org/lightningcss-win32-x64-msvc 14ms (cache hit)
325 silly packumentCache full:https://registry.npmjs.org/lightningcss-win32-x64-msvc set size:81347 disposed:false
326 silly fetch manifest lightningcss-linux-x64-musl@1.33.0
327 silly packumentCache full:https://registry.npmjs.org/lightningcss-linux-x64-musl cache-miss
328 http cache https://registry.npmjs.org/lightningcss-darwin-arm64 17ms (cache hit)
329 silly packumentCache full:https://registry.npmjs.org/lightningcss-darwin-arm64 set size:80970 disposed:false
330 silly fetch manifest lightningcss-freebsd-x64@1.33.0
331 silly packumentCache full:https://registry.npmjs.org/lightningcss-freebsd-x64 cache-miss
332 http cache https://registry.npmjs.org/lightningcss-darwin-x64 20ms (cache hit)
333 silly packumentCache full:https://registry.npmjs.org/lightningcss-darwin-x64 set size:80374 disposed:false
334 silly fetch manifest lightningcss-android-arm64@1.33.0
335 silly packumentCache full:https://registry.npmjs.org/lightningcss-android-arm64 cache-miss
336 http cache https://registry.npmjs.org/lightningcss-linux-arm64-gnu 21ms (cache hit)
337 silly packumentCache full:https://registry.npmjs.org/lightningcss-linux-arm64-gnu set size:82397 disposed:false
338 silly fetch manifest @oxc-project/types@=0.146.0
339 silly packumentCache full:https://registry.npmjs.org/@oxc-project%2ftypes cache-miss
340 http cache https://registry.npmjs.org/lightningcss-linux-x64-gnu 25ms (cache hit)
341 silly packumentCache full:https://registry.npmjs.org/lightningcss-linux-x64-gnu set size:81819 disposed:false
342 silly fetch manifest @rolldown/pluginutils@^1.0.0
343 silly packumentCache full:https://registry.npmjs.org/@rolldown%2fpluginutils cache-miss
344 http cache https://registry.npmjs.org/lightningcss-linux-arm-gnueabihf 26ms (cache hit)
345 silly packumentCache full:https://registry.npmjs.org/lightningcss-linux-arm-gnueabihf set size:82635 disposed:false
346 silly fetch manifest @rolldown/binding-darwin-x64@1.2.5
347 silly packumentCache full:https://registry.npmjs.org/@rolldown%2fbinding-darwin-x64 cache-miss
348 http cache https://registry.npmjs.org/lightningcss-linux-arm64-musl 28ms (cache hit)
349 silly packumentCache full:https://registry.npmjs.org/lightningcss-linux-arm64-musl set size:82617 disposed:false
350 silly fetch manifest @rolldown/binding-freebsd-x64@1.2.5
351 silly packumentCache full:https://registry.npmjs.org/@rolldown%2fbinding-freebsd-x64 cache-miss
352 http cache https://registry.npmjs.org/lightningcss-freebsd-x64 23ms (cache hit)
353 silly packumentCache full:https://registry.npmjs.org/lightningcss-freebsd-x64 set size:44564 disposed:false
354 silly fetch manifest @rolldown/binding-darwin-arm64@1.2.5
355 silly packumentCache full:https://registry.npmjs.org/@rolldown%2fbinding-darwin-arm64 cache-miss
356 http cache https://registry.npmjs.org/lightningcss-linux-x64-musl 29ms (cache hit)
357 silly packumentCache full:https://registry.npmjs.org/lightningcss-linux-x64-musl set size:82032 disposed:false
358 silly fetch manifest @rolldown/binding-android-arm64@1.2.5
359 silly packumentCache full:https://registry.npmjs.org/@rolldown%2fbinding-android-arm64 cache-miss
360 http cache https://registry.npmjs.org/@oxc-project%2ftypes 25ms (cache hit)
361 silly packumentCache full:https://registry.npmjs.org/@oxc-project%2ftypes set size:249791 disposed:false
362 silly fetch manifest @rolldown/binding-linux-x64-gnu@1.2.5
363 silly packumentCache full:https://registry.npmjs.org/@rolldown%2fbinding-linux-x64-gnu cache-miss
364 http cache https://registry.npmjs.org/lightningcss-android-arm64 29ms (cache hit)
365 silly packumentCache full:https://registry.npmjs.org/lightningcss-android-arm64 set size:9371 disposed:false
366 silly fetch manifest @rolldown/binding-linux-x64-musl@1.2.5
367 silly packumentCache full:https://registry.npmjs.org/@rolldown%2fbinding-linux-x64-musl cache-miss
368 http cache https://registry.npmjs.org/@rolldown%2fpluginutils 26ms (cache hit)
369 silly packumentCache full:https://registry.npmjs.org/@rolldown%2fpluginutils set size:300388 disposed:false
370 silly fetch manifest @rolldown/binding-win32-x64-msvc@1.2.5
371 silly packumentCache full:https://registry.npmjs.org/@rolldown%2fbinding-win32-x64-msvc cache-miss
372 http cache https://registry.npmjs.org/@rolldown%2fbinding-darwin-x64 29ms (cache hit)
373 silly packumentCache full:https://registry.npmjs.org/@rolldown%2fbinding-darwin-x64 set size:1389288 disposed:false
374 silly fetch manifest @rolldown/binding-linux-arm64-gnu@1.2.5
375 silly packumentCache full:https://registry.npmjs.org/@rolldown%2fbinding-linux-arm64-gnu cache-miss
376 http cache https://registry.npmjs.org/@rolldown%2fbinding-freebsd-x64 41ms (cache hit)
377 silly packumentCache full:https://registry.npmjs.org/@rolldown%2fbinding-freebsd-x64 set size:1069029 disposed:false
378 silly fetch manifest @rolldown/binding-linux-ppc64-gnu@1.2.5
379 silly packumentCache full:https://registry.npmjs.org/@rolldown%2fbinding-linux-ppc64-gnu cache-miss
380 http cache https://registry.npmjs.org/@rolldown%2fbinding-android-arm64 43ms (cache hit)
381 silly packumentCache full:https://registry.npmjs.org/@rolldown%2fbinding-android-arm64 set size:175638 disposed:false
382 silly fetch manifest @rolldown/binding-linux-s390x-gnu@1.2.5
383 silly packumentCache full:https://registry.npmjs.org/@rolldown%2fbinding-linux-s390x-gnu cache-miss
384 http cache https://registry.npmjs.org/@rolldown%2fbinding-darwin-arm64 51ms (cache hit)
385 silly packumentCache full:https://registry.npmjs.org/@rolldown%2fbinding-darwin-arm64 set size:1401097 disposed:false
386 silly fetch manifest @rolldown/binding-android-arm-eabi@1.2.5
387 silly packumentCache full:https://registry.npmjs.org/@rolldown%2fbinding-android-arm-eabi cache-miss
388 http cache https://registry.npmjs.org/@rolldown%2fbinding-linux-x64-gnu 61ms (cache hit)
389 silly packumentCache full:https://registry.npmjs.org/@rolldown%2fbinding-linux-x64-gnu set size:1414902 disposed:false
390 silly fetch manifest @rolldown/binding-linux-arm64-musl@1.2.5
391 silly packumentCache full:https://registry.npmjs.org/@rolldown%2fbinding-linux-arm64-musl cache-miss
392 http cache https://registry.npmjs.org/@rolldown%2fbinding-linux-x64-musl 72ms (cache hit)
393 silly packumentCache full:https://registry.npmjs.org/@rolldown%2fbinding-linux-x64-musl set size:1419599 disposed:false
394 silly fetch manifest @rolldown/binding-win32-arm64-msvc@1.2.5
395 silly packumentCache full:https://registry.npmjs.org/@rolldown%2fbinding-win32-arm64-msvc cache-miss
396 http cache https://registry.npmjs.org/@rolldown%2fbinding-win32-x64-msvc 81ms (cache hit)
397 silly packumentCache full:https://registry.npmjs.org/@rolldown%2fbinding-win32-x64-msvc set size:1407506 disposed:false
398 silly fetch manifest @rolldown/binding-openharmony-arm64@1.2.5
399 silly packumentCache full:https://registry.npmjs.org/@rolldown%2fbinding-openharmony-arm64 cache-miss
400 http cache https://registry.npmjs.org/@rolldown%2fbinding-linux-arm64-gnu 82ms (cache hit)
401 silly packumentCache full:https://registry.npmjs.org/@rolldown%2fbinding-linux-arm64-gnu set size:1426746 disposed:false
402 silly fetch manifest @rolldown/binding-linux-arm-gnueabihf@1.2.5
403 silly packumentCache full:https://registry.npmjs.org/@rolldown%2fbinding-linux-arm-gnueabihf cache-miss
404 http cache https://registry.npmjs.org/@rolldown%2fbinding-linux-ppc64-gnu 80ms (cache hit)
405 silly packumentCache full:https://registry.npmjs.org/@rolldown%2fbinding-linux-ppc64-gnu set size:63333 disposed:false
406 http cache https://registry.npmjs.org/@rolldown%2fbinding-linux-s390x-gnu 79ms (cache hit)
407 silly packumentCache full:https://registry.npmjs.org/@rolldown%2fbinding-linux-s390x-gnu set size:63330 disposed:false
408 http cache https://registry.npmjs.org/@rolldown%2fbinding-android-arm-eabi 67ms (cache hit)
409 silly packumentCache full:https://registry.npmjs.org/@rolldown%2fbinding-android-arm-eabi set size:11807 disposed:false
410 http cache https://registry.npmjs.org/@rolldown%2fbinding-linux-arm64-musl 56ms (cache hit)
411 silly packumentCache full:https://registry.npmjs.org/@rolldown%2fbinding-linux-arm64-musl set size:1431408 disposed:false
412 http cache https://registry.npmjs.org/@rolldown%2fbinding-win32-arm64-msvc 53ms (cache hit)
413 silly packumentCache full:https://registry.npmjs.org/@rolldown%2fbinding-win32-arm64-msvc set size:1421694 disposed:false
414 http cache https://registry.npmjs.org/@rolldown%2fbinding-openharmony-arm64 50ms (cache hit)
415 silly packumentCache full:https://registry.npmjs.org/@rolldown%2fbinding-openharmony-arm64 set size:137707 disposed:false
416 http cache https://registry.npmjs.org/@rolldown%2fbinding-linux-arm-gnueabihf 42ms (cache hit)
417 silly packumentCache full:https://registry.npmjs.org/@rolldown%2fbinding-linux-arm-gnueabihf set size:1436355 disposed:false
418 silly placeDep ROOT @oxc-project/types@0.146.0 OK for: rolldown@1.2.5 want: =0.146.0
419 silly placeDep ROOT @rolldown/binding-android-arm-eabi@1.2.5 OK for: rolldown@1.2.5 want: 1.2.5
420 silly placeDep ROOT @rolldown/binding-android-arm64@1.2.5 OK for: rolldown@1.2.5 want: 1.2.5
421 silly placeDep ROOT @rolldown/binding-darwin-arm64@1.2.5 OK for: rolldown@1.2.5 want: 1.2.5
422 silly placeDep ROOT @rolldown/binding-darwin-x64@1.2.5 OK for: rolldown@1.2.5 want: 1.2.5
423 silly placeDep ROOT @rolldown/binding-freebsd-x64@1.2.5 OK for: rolldown@1.2.5 want: 1.2.5
424 silly placeDep ROOT @rolldown/binding-linux-arm-gnueabihf@1.2.5 OK for: rolldown@1.2.5 want: 1.2.5
425 silly placeDep ROOT @rolldown/binding-linux-arm64-gnu@1.2.5 OK for: rolldown@1.2.5 want: 1.2.5
426 silly placeDep ROOT @rolldown/binding-linux-arm64-musl@1.2.5 OK for: rolldown@1.2.5 want: 1.2.5
427 silly placeDep ROOT @rolldown/binding-linux-ppc64-gnu@1.2.5 OK for: rolldown@1.2.5 want: 1.2.5
428 silly placeDep ROOT @rolldown/binding-linux-s390x-gnu@1.2.5 OK for: rolldown@1.2.5 want: 1.2.5
429 silly placeDep ROOT @rolldown/binding-linux-x64-gnu@1.2.5 OK for: rolldown@1.2.5 want: 1.2.5
430 silly placeDep ROOT @rolldown/binding-linux-x64-musl@1.2.5 OK for: rolldown@1.2.5 want: 1.2.5
431 silly placeDep ROOT @rolldown/binding-openharmony-arm64@1.2.5 OK for: rolldown@1.2.5 want: 1.2.5
432 silly placeDep ROOT @rolldown/binding-win32-arm64-msvc@1.2.5 OK for: rolldown@1.2.5 want: 1.2.5
433 silly placeDep ROOT @rolldown/binding-win32-x64-msvc@1.2.5 OK for: rolldown@1.2.5 want: 1.2.5
434 silly placeDep ROOT @rolldown/pluginutils@1.0.1 OK for: rolldown@1.2.5 want: ^1.0.0
435 silly placeDep ROOT siginfo@2.0.0 OK for: why-is-node-running@2.3.0 want: ^2.0.0
436 silly placeDep ROOT stackback@0.0.2 OK for: why-is-node-running@2.3.0 want: 0.0.2
437 silly placeDep node_modules/vite lightningcss-android-arm64@1.33.0 OK for: lightningcss@1.33.0 want: 1.33.0
438 silly placeDep node_modules/vite lightningcss-darwin-arm64@1.33.0 OK for: lightningcss@1.33.0 want: 1.33.0
439 silly placeDep node_modules/vite lightningcss-darwin-x64@1.33.0 OK for: lightningcss@1.33.0 want: 1.33.0
440 silly placeDep node_modules/vite lightningcss-freebsd-x64@1.33.0 OK for: lightningcss@1.33.0 want: 1.33.0
441 silly placeDep node_modules/vite lightningcss-linux-arm-gnueabihf@1.33.0 OK for: lightningcss@1.33.0 want: 1.33.0
442 silly placeDep node_modules/vite lightningcss-linux-arm64-gnu@1.33.0 OK for: lightningcss@1.33.0 want: 1.33.0
443 silly placeDep node_modules/vite lightningcss-linux-arm64-musl@1.33.0 OK for: lightningcss@1.33.0 want: 1.33.0
444 silly placeDep node_modules/vite lightningcss-linux-x64-gnu@1.33.0 OK for: lightningcss@1.33.0 want: 1.33.0
445 silly placeDep node_modules/vite lightningcss-linux-x64-musl@1.33.0 OK for: lightningcss@1.33.0 want: 1.33.0
446 silly placeDep node_modules/vite lightningcss-win32-arm64-msvc@1.33.0 OK for: lightningcss@1.33.0 want: 1.33.0
447 silly placeDep node_modules/vite lightningcss-win32-x64-msvc@1.33.0 OK for: lightningcss@1.33.0 want: 1.33.0
448 silly audit bulk request {
448 silly audit   '@alloc/quick-lru': [ '5.2.0' ],
448 silly audit   '@babel/code-frame': [ '7.29.7' ],
448 silly audit   '@babel/compat-data': [ '7.29.7' ],
448 silly audit   '@babel/core': [ '7.29.7' ],
448 silly audit   semver: [ '6.3.1', '7.8.5', '5.7.2' ],
448 silly audit   '@babel/generator': [ '7.29.8' ],
448 silly audit   '@babel/helper-annotate-as-pure': [ '7.29.7' ],
448 silly audit   '@babel/helper-compilation-targets': [ '7.29.7' ],
448 silly audit   '@babel/helper-create-class-features-plugin': [ '7.29.7' ],
448 silly audit   '@babel/helper-globals': [ '7.29.7' ],
448 silly audit   '@babel/helper-member-expression-to-functions': [ '7.29.7' ],
448 silly audit   '@babel/helper-module-imports': [ '7.29.7' ],
448 silly audit   '@babel/helper-module-transforms': [ '7.29.7' ],
448 silly audit   '@babel/helper-optimise-call-expression': [ '7.29.7' ],
448 silly audit   '@babel/helper-plugin-utils': [ '7.29.7' ],
448 silly audit   '@babel/helper-replace-supers': [ '7.29.7' ],
448 silly audit   '@babel/helper-skip-transparent-expression-wrappers': [ '7.29.7' ],
448 silly audit   '@babel/helper-string-parser': [ '7.29.7' ],
448 silly audit   '@babel/helper-validator-identifier': [ '7.29.7' ],
448 silly audit   '@babel/helper-validator-option': [ '7.29.7' ],
448 silly audit   '@babel/helpers': [ '7.29.7' ],
448 silly audit   '@babel/parser': [ '7.29.8' ],
448 silly audit   '@babel/plugin-syntax-jsx': [ '7.29.7' ],
448 silly audit   '@babel/plugin-syntax-typescript': [ '7.29.7' ],
448 silly audit   '@babel/plugin-transform-modules-commonjs': [ '7.29.7' ],
448 silly audit   '@babel/plugin-transform-typescript': [ '7.29.7' ],
448 silly audit   '@babel/preset-typescript': [ '7.29.7' ],
448 silly audit   '@babel/runtime': [ '7.29.7' ],
448 silly audit   '@babel/template': [ '7.29.7' ],
448 silly audit   '@babel/traverse': [ '7.29.8' ],
448 silly audit   '@babel/types': [ '7.29.8' ],
448 silly audit   '@base-ui/react': [ '1.7.0' ],
448 silly audit   '@base-ui/utils': [ '0.3.2' ],
448 silly audit   '@dotenvx/dotenvx': [ '1.75.1' ],
448 silly audit   commander: [ '11.1.0', '14.0.3' ],
448 silly audit   'define-lazy-prop': [ '2.0.0', '3.0.0' ],
448 silly audit   execa: [ '5.1.1', '9.6.1' ],
448 silly audit   'get-stream': [ '6.0.1', '9.0.1' ],
448 silly audit   'human-signals': [ '2.1.0', '8.0.1' ],
448 silly audit   'is-docker': [ '2.2.1', '3.0.0' ],
448 silly audit   'is-stream': [ '2.0.1', '4.0.1' ],
448 silly audit   'is-wsl': [ '2.2.0', '3.1.1' ],
448 silly audit   'npm-run-path': [ '4.0.1', '6.0.0' ],
448 silly audit   open: [ '8.4.2', '11.0.1' ],
448 silly audit   'signal-exit': [ '3.0.7', '4.1.0' ],
448 silly audit   'strip-final-newline': [ '2.0.0', '4.0.0' ],
448 silly audit   '@dotenvx/primitives': [ '0.8.0' ],
448 silly audit   '@emnapi/runtime': [ '1.11.3', '1.11.1' ],
448 silly audit   '@ffmpeg/ffmpeg': [ '0.12.15' ],
448 silly audit   '@ffmpeg/types': [ '0.12.4' ],
448 silly audit   '@ffmpeg/util': [ '0.12.2' ],
448 silly audit   '@floating-ui/core': [ '1.8.0' ],
448 silly audit   '@floating-ui/dom': [ '1.8.0' ],
448 silly audit   '@floating-ui/react-dom': [ '2.1.9' ],
448 silly audit   '@floating-ui/utils': [ '0.2.12' ],
448 silly audit   '@gsap/react': [ '2.1.2' ],
448 silly audit   '@hono/node-server': [ '2.1.1' ],
448 silly audit   '@img/colour': [ '1.1.0' ],
448 silly audit   '@img/sharp-darwin-arm64': [ '0.35.3' ],
448 silly audit   '@img/sharp-darwin-x64': [ '0.35.3' ],
448 silly audit   '@img/sharp-freebsd-wasm32': [ '0.35.3' ],
448 silly audit   '@img/sharp-libvips-darwin-arm64': [ '1.3.2' ],
448 silly audit   '@img/sharp-libvips-darwin-x64': [ '1.3.2' ],
448 silly audit   '@img/sharp-libvips-linux-arm': [ '1.3.2' ],
448 silly audit   '@img/sharp-libvips-linux-arm64': [ '1.3.2' ],
448 silly audit   '@img/sharp-libvips-linux-ppc64': [ '1.3.2' ],
448 silly audit   '@img/sharp-libvips-linux-riscv64': [ '1.3.2' ],
448 silly audit   '@img/sharp-libvips-linux-s390x': [ '1.3.2' ],
448 silly audit   '@img/sharp-libvips-linux-x64': [ '1.3.2' ],
448 silly audit   '@img/sharp-libvips-linuxmusl-arm64': [ '1.3.2' ],
448 silly audit   '@img/sharp-libvips-linuxmusl-x64': [ '1.3.2' ],
448 silly audit   '@img/sharp-linux-arm': [ '0.35.3' ],
448 silly audit   '@img/sharp-linux-arm64': [ '0.35.3' ],
448 silly audit   '@img/sharp-linux-ppc64': [ '0.35.3' ],
448 silly audit   '@img/sharp-linux-riscv64': [ '0.35.3' ],
448 silly audit   '@img/sharp-linux-s390x': [ '0.35.3' ],
448 silly audit   '@img/sharp-linux-x64': [ '0.35.3' ],
448 silly audit   '@img/sharp-linuxmusl-arm64': [ '0.35.3' ],
448 silly audit   '@img/sharp-linuxmusl-x64': [ '0.35.3' ],
448 silly audit   '@img/sharp-wasm32': [ '0.35.3' ],
448 silly audit   '@img/sharp-webcontainers-wasm32': [ '0.35.3' ],
448 silly audit   '@img/sharp-win32-arm64': [ '0.35.3' ],
448 silly audit   '@img/sharp-win32-ia32': [ '0.35.3' ],
448 silly audit   '@img/sharp-win32-x64': [ '0.35.3' ],
448 silly audit   '@jridgewell/gen-mapping': [ '0.3.13' ],
448 silly audit   '@jridgewell/remapping': [ '2.3.5' ],
448 silly audit   '@jridgewell/resolve-uri': [ '3.1.2' ],
448 silly audit   '@jridgewell/sourcemap-codec': [ '1.5.5' ],
448 silly audit   '@jridgewell/trace-mapping': [ '0.3.31' ],
448 silly audit   '@modelcontextprotocol/sdk': [ '1.30.0' ],
448 silly audit   '@mux/mux-data-google-ima': [ '0.3.17' ],
448 silly audit   '@mux/mux-player': [ '3.13.2' ],
448 silly audit   '@mux/mux-player-react': [ '3.13.2' ],
448 silly audit   '@mux/mux-video': [ '0.31.2' ],
448 silly audit   '@mux/playback-core': [ '0.35.2' ],
448 silly audit   '@next/env': [ '16.3.1' ],
448 silly audit   '@next/swc-darwin-arm64': [ '16.3.1' ],
448 silly audit   '@next/swc-darwin-x64': [ '16.3.1' ],
448 silly audit   '@next/swc-linux-arm64-gnu': [ '16.3.1' ],
448 silly audit   '@next/swc-linux-arm64-musl': [ '16.3.1' ],
448 silly audit   '@next/swc-linux-x64-gnu': [ '16.3.1' ],
448 silly audit   '@next/swc-linux-x64-musl': [ '16.3.1' ],
448 silly audit   '@next/swc-win32-arm64-msvc': [ '16.3.1' ],
448 silly audit   '@next/swc-win32-x64-msvc': [ '16.3.1' ],
448 silly audit   '@nodelib/fs.scandir': [ '2.1.5' ],
448 silly audit   '@nodelib/fs.stat': [ '2.0.5' ],
448 silly audit   '@nodelib/fs.walk': [ '1.2.8' ],
448 silly audit   '@sec-ant/readable-stream': [ '0.4.1' ],
448 silly audit   '@sindresorhus/merge-streams': [ '4.0.0' ],
448 silly audit   '@supabase/auth-js': [ '2.112.3' ],
448 silly audit   '@supabase/functions-js': [ '2.112.3' ],
448 silly audit   '@supabase/phoenix': [ '0.4.5' ],
448 silly audit   '@supabase/postgrest-js': [ '2.112.3' ],
448 silly audit   '@supabase/realtime-js': [ '2.112.3' ],
448 silly audit   '@supabase/ssr': [ '0.12.4' ],
448 silly audit   '@supabase/storage-js': [ '2.112.3' ],
448 silly audit   '@supabase/supabase-js': [ '2.112.3' ],
448 silly audit   '@svta/cml-608': [ '1.0.2' ],
448 silly audit   '@svta/cml-cmcd': [ '2.3.2' ],
448 silly audit   '@svta/cml-cmsd': [ '1.0.6' ],
448 silly audit   '@svta/cml-cta': [ '1.0.6' ],
448 silly audit   '@svta/cml-dash': [ '1.0.6' ],
448 silly audit   '@svta/cml-id3': [ '1.0.6' ],
448 silly audit   '@svta/cml-request': [ '1.0.12' ],
448 silly audit   '@svta/cml-structured-field-values': [ '1.1.3' ],
448 silly audit   '@svta/cml-utils': [ '1.5.0' ],
448 silly audit   '@svta/cml-xml': [ '1.1.4' ],
448 silly audit   '@swc/helpers': [ '0.5.23' ],
448 silly audit   '@tailwindcss/node': [ '4.3.3' ],
448 silly audit   '@tailwindcss/oxide': [ '4.3.3' ],
448 silly audit   '@tailwindcss/oxide-android-arm64': [ '4.3.3' ],
448 silly audit   '@tailwindcss/oxide-darwin-arm64': [ '4.3.3' ],
448 silly audit   '@tailwindcss/oxide-darwin-x64': [ '4.3.3' ],
448 silly audit   '@tailwindcss/oxide-freebsd-x64': [ '4.3.3' ],
448 silly audit   '@tailwindcss/oxide-linux-arm-gnueabihf': [ '4.3.3' ],
448 silly audit   '@tailwindcss/oxide-linux-arm64-gnu': [ '4.3.3' ],
448 silly audit   '@tailwindcss/oxide-linux-arm64-musl': [ '4.3.3' ],
448 silly audit   '@tailwindcss/oxide-linux-x64-gnu': [ '4.3.3' ],
448 silly audit   '@tailwindcss/oxide-linux-x64-musl': [ '4.3.3' ],
448 silly audit   '@tailwindcss/oxide-wasm32-wasi': [ '4.3.3' ],
448 silly audit   '@emnapi/core': [ '1.11.1' ],
448 silly audit   '@emnapi/wasi-threads': [ '1.2.2' ],
448 silly audit   '@napi-rs/wasm-runtime': [ '1.1.4' ],
448 silly audit   '@tybys/wasm-util': [ '0.10.2' ],
448 silly audit   tslib: [ '2.8.1' ],
448 silly audit   '@tailwindcss/oxide-win32-arm64-msvc': [ '4.3.3' ],
448 silly audit   '@tailwindcss/oxide-win32-x64-msvc': [ '4.3.3' ],
448 silly audit   '@tailwindcss/postcss': [ '4.3.3' ],
448 silly audit   '@ts-morph/common': [ '0.27.0' ],
448 silly audit   '@types/debug': [ '4.1.13' ],
448 silly audit   '@types/estree': [ '1.0.9' ],
448 silly audit   '@types/estree-jsx': [ '1.0.5' ],
448 silly audit   '@types/google_interactive_media_ads_types': [ '3.697.1' ],
448 silly audit   '@types/hast': [ '3.0.5' ],
448 silly audit   '@types/mdast': [ '4.0.4' ],
448 silly audit   '@types/ms': [ '2.1.0' ],
448 silly audit   '@types/node': [ '20.19.43' ],
448 silly audit   '@types/prismjs': [ '1.26.6' ],
448 silly audit   '@types/react': [ '19.2.18' ],
448 silly audit   '@types/react-dom': [ '19.2.4' ],
448 silly audit   '@types/unist': [ '3.0.3', '2.0.11' ],
448 silly audit   '@types/validate-npm-package-name': [ '4.0.2' ],
448 silly audit   '@uiw/copy-to-clipboard': [ '1.0.21' ],
448 silly audit   '@uiw/react-markdown-preview': [ '5.2.1' ],
448 silly audit   '@uiw/react-md-editor': [ '4.1.2' ],
448 silly audit   '@ungap/structured-clone': [ '1.3.3' ],
448 silly audit   '@vimeo/player': [ '2.29.0' ],
448 silly audit   accepts: [ '2.0.0' ],
448 silly audit   address: [ '1.2.2' ],
448 silly audit   agentkeepalive: [ '3.5.3' ],
448 silly audit   ajv: [ '8.20.0' ],
448 silly audit   'ajv-formats': [ '3.0.1', '2.1.1' ],
448 silly audit   'ali-oss': [ '6.23.0' ],
448 silly audit   'ansi-colors': [ '4.1.3' ],
448 silly audit   'ansi-regex': [ '5.0.1', '6.3.0' ],
448 silly audit   'any-promise': [ '1.3.0' ],
448 silly audit   argparse: [ '2.0.1' ],
448 silly audit   'ast-types': [ '0.16.1' ],
448 silly audit   atomically: [ '1.7.0' ],
448 silly audit   'attr-accept': [ '4.0.0' ],
448 silly audit   bail: [ '2.0.2' ],
448 silly audit   'balanced-match': [ '4.0.4' ],
448 silly audit   'baseline-browser-mapping': [ '2.11.15' ],
448 silly audit   'bcp-47-match': [ '2.0.3' ],
448 silly audit   'body-parser': [ '2.3.0' ],
448 silly audit   'content-type': [ '2.1.0', '1.0.5' ],
448 silly audit   'iconv-lite': [ '0.7.3', '0.6.3' ],
448 silly audit   boolbase: [ '1.0.0' ],
448 silly audit   bowser: [ '1.9.4' ],
448 silly audit   'brace-expansion': [ '5.0.9' ],
448 silly audit   braces: [ '3.0.3' ],
448 silly audit   browserslist: [ '4.28.8' ],
448 silly audit   'builtin-status-codes': [ '3.0.0' ],
448 silly audit   'bundle-name': [ '4.1.0' ],
448 silly audit   bytes: [ '3.1.2' ],
448 silly audit   'call-bind-apply-helpers': [ '1.0.2' ],
448 silly audit   'call-bound': [ '1.0.4' ],
448 silly audit   callsites: [ '3.1.0' ],
448 silly audit   'caniuse-lite': [ '1.0.30001809' ],
448 silly audit   'castable-video': [ '1.1.16' ],
448 silly audit   ccount: [ '2.0.1' ],
448 silly audit   'ce-la-react': [ '0.3.2' ],
448 silly audit   chalk: [ '5.6.2' ],
448 silly audit   'character-entities': [ '2.0.2' ],
448 silly audit   'character-entities-html4': [ '2.1.0' ],
448 silly audit   'character-entities-legacy': [ '3.0.0' ],
448 silly audit   'character-reference-invalid': [ '2.0.1' ],
448 silly audit   'class-variance-authority': [ '0.7.1' ],
448 silly audit   'cli-cursor': [ '5.0.0' ],
448 silly audit   'cli-spinners': [ '2.9.2' ],
448 silly audit   'client-only': [ '0.0.1' ],
448 silly audit   'cloudflare-video-element': [ '1.3.5' ],
448 silly audit   clsx: [ '2.1.1' ],
448 silly audit   'code-block-writer': [ '13.0.3' ],
448 silly audit   'codem-isoboxer': [ '0.3.10' ],
448 silly audit   'comma-separated-tokens': [ '2.0.3' ],
448 silly audit   conf: [ '10.2.0' ],
448 silly audit   'json-schema-typed': [ '7.0.3', '8.0.2' ],
448 silly audit   'content-disposition': [ '1.1.0' ],
448 silly audit   'convert-source-map': [ '2.0.0' ],
448 silly audit   cookie: [ '1.1.1', '0.7.2' ],
448 silly audit   'cookie-signature': [ '1.2.2' ],
448 silly audit   'copy-to': [ '2.0.1' ],
448 silly audit   'core-util-is': [ '1.0.3' ],
448 silly audit   cors: [ '2.8.6' ],
448 silly audit   cosmiconfig: [ '9.0.2' ],
448 silly audit   'cross-spawn': [ '7.0.6' ],
448 silly audit   isexe: [ '2.0.0', '3.1.5' ],
448 silly audit   which: [ '2.0.2', '4.0.0' ],
448 silly audit   'css-selector-parser': [ '3.3.0' ],
448 silly audit   cssesc: [ '3.0.0' ],
448 silly audit   csstype: [ '3.2.3' ],
448 silly audit   'custom-media-element': [ '1.4.6' ],
448 silly audit   'dash-video-element': [ '0.3.2' ],
448 silly audit   dashjs: [ '5.2.1' ],
448 silly audit   dateformat: [ '2.2.0' ],
448 silly audit   'debounce-fn': [ '4.0.0' ],
448 silly audit   debug: [ '4.4.3' ],
448 silly audit   'decode-named-character-reference': [ '1.3.0' ],
448 silly audit   dedent: [ '1.7.2' ],
448 silly audit   deepmerge: [ '4.3.1' ],
448 silly audit   'default-browser': [ '5.5.1' ],
448 silly audit   'default-browser-id': [ '5.0.1' ],
448 silly audit   'default-user-agent': [ '1.0.0' ],
448 silly audit   depd: [ '2.0.0' ],
448 silly audit   dequal: [ '2.0.3' ],
448 silly audit   destroy: [ '1.2.0' ],
448 silly audit   'detect-libc': [ '2.1.2' ],
448 silly audit   devlop: [ '1.1.0' ],
448 silly audit   diff: [ '8.0.4' ],
448 silly audit   'digest-header': [ '1.1.0' ],
448 silly audit   direction: [ '2.0.1' ],
448 silly audit   'dot-prop': [ '6.0.1' ],
448 silly audit   dotenv: [ '17.4.2' ],
448 silly audit   'dunder-proto': [ '1.0.1' ],
448 silly audit   'ee-first': [ '1.1.1' ],
448 silly audit   'electron-to-chromium': [ '1.5.411' ],
448 silly audit   'emoji-regex': [ '10.6.0' ],
448 silly audit   encodeurl: [ '2.0.0' ],
448 silly audit   'end-of-stream': [ '1.4.5' ],
448 silly audit   'end-or-error': [ '1.0.1' ],
448 silly audit   'enhanced-resolve': [ '5.24.5' ],
448 silly audit   enquirer: [ '2.4.1' ],
448 silly audit   entities: [ '6.0.1' ],
448 silly audit   'env-paths': [ '2.2.1' ],
448 silly audit   'error-ex': [ '1.3.4' ],
448 silly audit   'es-define-property': [ '1.0.1' ],
448 silly audit   'es-errors': [ '1.3.0' ],
448 silly audit   'es-object-atoms': [ '1.1.2' ],
448 silly audit   escalade: [ '3.2.0' ],
448 silly audit   'escape-html': [ '1.0.3' ],
448 silly audit   'escape-string-regexp': [ '5.0.0' ],
448 silly audit   esprima: [ '4.0.1' ],
448 silly audit   'estree-util-is-identifier-name': [ '3.0.0' ],
448 silly audit   etag: [ '1.8.1' ],
448 silly audit   eventsource: [ '3.0.7' ],
448 silly audit   'eventsource-parser': [ '3.1.1' ],
448 silly audit   exifr: [ '7.1.3' ],
448 silly audit   express: [ '5.2.1' ],
448 silly audit   'express-rate-limit': [ '8.6.2' ],
448 silly audit   'merge-descriptors': [ '2.0.0', '1.0.3' ],
448 silly audit   statuses: [ '2.0.2', '1.5.0' ],
448 silly audit   extend: [ '3.0.2' ],
448 silly audit   'extend-shallow': [ '2.0.1' ],
448 silly audit   'fast-deep-equal': [ '3.1.3' ],
448 silly audit   'fast-glob': [ '3.3.3' ],
448 silly audit   'fast-uri': [ '3.1.5' ],
448 silly audit   fastq: [ '1.20.1' ],
448 silly audit   fdir: [ '6.5.0' ],
448 silly audit   figures: [ '6.1.0' ],
448 silly audit   'file-selector': [ '5.0.1' ],
448 silly audit   'fill-range': [ '7.1.1' ],
448 silly audit   finalhandler: [ '2.1.1' ],
448 silly audit   'find-up': [ '3.0.0' ],
448 silly audit   formstream: [ '1.5.2' ],
448 silly audit   forwarded: [ '0.2.0' ],
448 silly audit   fresh: [ '2.0.0' ],
448 silly audit   'fs-extra': [ '11.4.0' ],
448 silly audit   'function-bind': [ '1.1.2' ],
448 silly audit   fuzzysort: [ '3.1.0' ],
448 silly audit   gensync: [ '1.0.0-beta.2' ],
448 silly audit   'get-east-asian-width': [ '1.6.0' ],
448 silly audit   'get-intrinsic': [ '1.3.0' ],
448 silly audit   'get-own-enumerable-keys': [ '1.0.0' ],
448 silly audit   'get-proto': [ '1.0.1' ],
448 silly audit   'get-ready': [ '1.0.0' ],
448 silly audit   'github-slugger': [ '2.0.0' ],
448 silly audit   'glob-parent': [ '5.1.2' ],
448 silly audit   gopd: [ '1.2.0' ],
448 silly audit   'graceful-fs': [ '4.2.11' ],
448 silly audit   gsap: [ '3.15.0' ],
448 silly audit   'has-symbols': [ '1.1.0' ],
448 silly audit   hasown: [ '2.0.4' ],
448 silly audit   'hast-util-from-html': [ '2.0.3' ],
448 silly audit   'hast-util-from-parse5': [ '8.0.3' ],
448 silly audit   'hast-util-has-property': [ '3.0.0' ],
448 silly audit   'hast-util-heading-rank': [ '3.0.0' ],
448 silly audit   'hast-util-is-element': [ '3.0.0' ],
448 silly audit   'hast-util-parse-selector': [ '4.0.0' ],
448 silly audit   'hast-util-raw': [ '9.1.0' ],
448 silly audit   'hast-util-sanitize': [ '5.0.2' ],
448 silly audit   'hast-util-select': [ '6.0.4' ],
448 silly audit   'hast-util-to-html': [ '9.0.5' ],
448 silly audit   'hast-util-to-jsx-runtime': [ '2.3.6' ],
448 silly audit   'hast-util-to-parse5': [ '8.0.1' ],
448 silly audit   'hast-util-to-string': [ '3.0.1' ],
448 silly audit   'hast-util-whitespace': [ '3.0.0' ],
448 silly audit   hastscript: [ '9.0.1' ],
448 silly audit   'hls-video-element': [ '1.5.11' ],
448 silly audit   'hls.js': [ '1.6.19' ],
448 silly audit   hono: [ '4.13.3' ],
448 silly audit   'html-entities': [ '2.6.0' ],
448 silly audit   'html-url-attributes': [ '3.0.1' ],
448 silly audit   'html-void-elements': [ '3.0.0' ],
448 silly audit   'http-errors': [ '2.0.1' ],
448 silly audit   'humanize-ms': [ '1.2.1' ],
448 silly audit   'iceberg-js': [ '0.8.1' ],
448 silly audit   ignore: [ '5.3.2' ],
448 silly audit   immediate: [ '3.0.6' ],
448 silly audit   'import-fresh': [ '3.3.1' ],
448 silly audit   imsc: [ '1.1.5' ],
448 silly audit   inherits: [ '2.0.4' ],
448 silly audit   'inline-style-parser': [ '0.2.7' ],
448 silly audit   'ip-address': [ '10.5.0' ],
448 silly audit   'ipaddr.js': [ '1.9.1' ],
448 silly audit   'is-alphabetical': [ '2.0.1' ],
448 silly audit   'is-alphanumerical': [ '2.0.1' ],
448 silly audit   'is-arrayish': [ '0.2.1' ],
448 silly audit   'is-class-hotfix': [ '0.0.6' ],
448 silly audit   'is-decimal': [ '2.0.1' ],
448 silly audit   'is-extendable': [ '0.1.1' ],
448 silly audit   'is-extglob': [ '2.1.1' ],
448 silly audit   'is-glob': [ '4.0.3' ],
448 silly audit   'is-hexadecimal': [ '2.0.1' ],
448 silly audit   'is-in-ssh': [ '1.0.0' ],
448 silly audit   'is-inside-container': [ '1.0.0' ],
448 silly audit   'is-interactive': [ '2.0.0' ],
448 silly audit   'is-number': [ '7.0.0' ],
448 silly audit   'is-obj': [ '2.0.0', '3.0.0' ],
448 silly audit   'is-plain-obj': [ '4.1.0' ],
448 silly audit   'is-promise': [ '4.0.0' ],
448 silly audit   'is-regexp': [ '3.1.0' ],
448 silly audit   'is-type-of': [ '1.4.0' ],
448 silly audit   'is-unicode-supported': [ '2.1.0', '1.3.0' ],
448 silly audit   isarray: [ '1.0.0' ],
448 silly audit   isstream: [ '0.1.2' ],
448 silly audit   jiti: [ '2.7.0' ],
448 silly audit   jose: [ '6.2.9' ],
448 silly audit   'js-base64': [ '2.6.4' ],
448 silly audit   'js-tokens': [ '4.0.0' ],
448 silly audit   'js-yaml': [ '4.3.1' ],
448 silly audit   jsesc: [ '3.1.0' ],
448 silly audit   'json-parse-even-better-errors': [ '2.3.1' ],
448 silly audit   'json-schema-traverse': [ '1.0.0' ],
448 silly audit   json5: [ '2.2.3' ],
448 silly audit   jsonfile: [ '6.2.1' ],
448 silly audit   jstoxml: [ '2.2.9' ],
448 silly audit   kleur: [ '4.1.5', '3.0.3' ],
448 silly audit   lie: [ '3.1.1' ],
448 silly audit   lightningcss: [ '1.32.0', '1.33.0' ],
448 silly audit   'lightningcss-android-arm64': [ '1.32.0', '1.33.0' ],
448 silly audit   'lightningcss-darwin-arm64': [ '1.32.0', '1.33.0' ],
448 silly audit   'lightningcss-darwin-x64': [ '1.32.0', '1.33.0' ],
448 silly audit   'lightningcss-freebsd-x64': [ '1.32.0', '1.33.0' ],
448 silly audit   'lightningcss-linux-arm-gnueabihf': [ '1.32.0', '1.33.0' ],
448 silly audit   'lightningcss-linux-arm64-gnu': [ '1.32.0', '1.33.0' ],
448 silly audit   'lightningcss-linux-arm64-musl': [ '1.32.0', '1.33.0' ],
448 silly audit   'lightningcss-linux-x64-gnu': [ '1.32.0', '1.33.0' ],
448 silly audit   'lightningcss-linux-x64-musl': [ '1.32.0', '1.33.0' ],
448 silly audit   'lightningcss-win32-arm64-msvc': [ '1.32.0', '1.33.0' ],
448 silly audit   'lightningcss-win32-x64-msvc': [ '1.32.0', '1.33.0' ],
448 silly audit   'lines-and-columns': [ '1.2.4' ],
448 silly audit   localforage: [ '1.10.0' ],
448 silly audit   'locate-path': [ '3.0.0' ],
448 silly audit   lodash: [ '4.18.1' ],
448 silly audit   'log-symbols': [ '6.0.0' ],
448 silly audit   'longest-streak': [ '3.1.0' ],
448 silly audit   'loose-envify': [ '1.4.0' ],
448 silly audit   'lru-cache': [ '5.1.1' ],
448 silly audit   'lucide-react': [ '1.33.0' ],
448 silly audit   'magic-string': [ '0.30.21' ],
448 silly audit   'markdown-table': [ '3.0.4' ],
448 silly audit   'math-intrinsics': [ '1.1.0' ],
448 silly audit   'mdast-util-find-and-replace': [ '3.0.2' ],
448 silly audit   'mdast-util-from-markdown': [ '2.0.3' ],
448 silly audit   'mdast-util-gfm': [ '3.1.0' ],
448 silly audit   'mdast-util-gfm-autolink-literal': [ '2.0.1' ],
448 silly audit   'mdast-util-gfm-footnote': [ '2.1.0' ],
448 silly audit   'mdast-util-gfm-strikethrough': [ '2.0.0' ],
448 silly audit   'mdast-util-gfm-table': [ '2.0.0' ],
448 silly audit   'mdast-util-gfm-task-list-item': [ '2.0.0' ],
448 silly audit   'mdast-util-mdx-expression': [ '2.0.1' ],
448 silly audit   'mdast-util-mdx-jsx': [ '3.2.0' ],
448 silly audit   'mdast-util-mdxjs-esm': [ '2.0.1' ],
448 silly audit   'mdast-util-phrasing': [ '4.1.0' ],
448 silly audit   'mdast-util-to-hast': [ '13.2.1' ],
448 silly audit   'mdast-util-to-markdown': [ '2.1.2' ],
448 silly audit   'mdast-util-to-string': [ '4.0.0' ],
448 silly audit   'media-chrome': [ '4.19.2' ],
448 silly audit   'media-played-ranges-mixin': [ '0.1.0' ],
448 silly audit   'media-tracks': [ '0.3.5' ],
448 silly audit   'media-typer': [ '1.1.1' ],
448 silly audit   'merge-stream': [ '2.0.0' ],
448 silly audit   merge2: [ '1.4.1' ],
448 silly audit   micromark: [ '4.0.2' ],
448 silly audit   'micromark-core-commonmark': [ '2.0.3' ],
448 silly audit   'micromark-extension-gfm': [ '3.0.0' ],
448 silly audit   'micromark-extension-gfm-autolink-literal': [ '2.1.0' ],
448 silly audit   'micromark-extension-gfm-footnote': [ '2.1.0' ],
448 silly audit   'micromark-extension-gfm-strikethrough': [ '2.1.0' ],
448 silly audit   'micromark-extension-gfm-table': [ '2.1.1' ],
448 silly audit   'micromark-extension-gfm-tagfilter': [ '2.0.0' ],
448 silly audit   'micromark-extension-gfm-task-list-item': [ '2.1.0' ],
448 silly audit   'micromark-factory-destination': [ '2.0.1' ],
448 silly audit   'micromark-factory-label': [ '2.0.1' ],
448 silly audit   'micromark-factory-space': [ '2.0.1' ],
448 silly audit   'micromark-factory-title': [ '2.0.1' ],
448 silly audit   'micromark-factory-whitespace': [ '2.0.1' ],
448 silly audit   'micromark-util-character': [ '2.1.1' ],
448 silly audit   'micromark-util-chunked': [ '2.0.1' ],
448 silly audit   'micromark-util-classify-character': [ '2.0.1' ],
448 silly audit   'micromark-util-combine-extensions': [ '2.0.1' ],
448 silly audit   'micromark-util-decode-numeric-character-reference': [ '2.0.2' ],
448 silly audit   'micromark-util-decode-string': [ '2.0.1' ],
448 silly audit   'micromark-util-encode': [ '2.0.1' ],
448 silly audit   'micromark-util-html-tag-name': [ '2.0.1' ],
448 silly audit   'micromark-util-normalize-identifier': [ '2.0.1' ],
448 silly audit   'micromark-util-resolve-all': [ '2.0.1' ],
448 silly audit   'micromark-util-sanitize-uri': [ '2.0.1' ],
448 silly audit   'micromark-util-subtokenize': [ '2.1.0' ],
448 silly audit   'micromark-util-symbol': [ '2.0.1' ],
448 silly audit   'micromark-util-types': [ '2.0.2' ],
448 silly audit   micromatch: [ '4.0.8' ],
448 silly audit   picomatch: [ '2.3.2', '4.0.5' ],
448 silly audit   mime: [ '2.6.0' ],
448 silly audit   'mime-db': [ '1.54.0' ],
448 silly audit   'mime-types': [ '3.0.2' ],
448 silly audit   'mimic-fn': [ '3.1.0', '2.1.0' ],
448 silly audit   'mimic-function': [ '5.0.1' ],
448 silly audit   minimatch: [ '10.2.6' ],
448 silly audit   minimist: [ '1.2.8' ],
448 silly audit   mkdirp: [ '0.5.6' ],
448 silly audit   ms: [ '2.1.3' ],
448 silly audit   'mux-embed': [ '5.18.1' ],
448 silly audit   mz: [ '2.7.0' ],
448 silly audit   nanoid: [ '3.3.18' ],
448 silly audit   'native-promise-only': [ '0.8.1' ],
448 silly audit   negotiator: [ '1.0.0' ],
448 silly audit   next: [ '16.3.1' ],
448 silly audit   'next-themes': [ '0.4.6' ],
448 silly audit   postcss: [ '8.5.23', '8.5.26' ],
448 silly audit   'node-hex': [ '1.0.1' ],
448 silly audit   'node-releases': [ '2.0.53' ],
448 silly audit   'normalize-wheel': [ '1.0.1' ],
448 silly audit   'path-key': [ '4.0.0', '3.1.1' ],
448 silly audit   'nth-check': [ '2.1.1' ],
448 silly audit   'object-assign': [ '4.1.1' ],
448 silly audit   'object-inspect': [ '1.13.4' ],
448 silly audit   'object-treeify': [ '1.1.33' ],
448 silly audit   'on-finished': [ '2.4.1' ],
448 silly audit   once: [ '1.4.0' ],
448 silly audit   onetime: [ '5.1.2', '7.0.0' ],
448 silly audit   ora: [ '8.2.0' ],
448 silly audit   'strip-ansi': [ '7.2.0', '6.0.1' ],
448 silly audit   'os-name': [ '1.0.3' ],
448 silly audit   'osx-release': [ '1.1.0' ],
448 silly audit   'p-limit': [ '2.3.0' ],
448 silly audit   'p-locate': [ '3.0.0' ],
448 silly audit   'p-try': [ '2.2.0' ],
448 silly audit   'parent-module': [ '1.0.1' ],
448 silly audit   'parse-entities': [ '4.0.2' ],
448 silly audit   'parse-json': [ '5.2.0' ],
448 silly audit   'parse-ms': [ '4.0.0' ],
448 silly audit   'parse-numeric-range': [ '1.3.0' ],
448 silly audit   parse5: [ '7.3.0' ],
448 silly audit   parseurl: [ '1.3.3' ],
448 silly audit   'path-browserify': [ '1.0.1' ],
448 silly audit   'path-exists': [ '3.0.0' ],
448 silly audit   'path-to-regexp': [ '8.4.2' ],
448 silly audit   'pause-stream': [ '0.0.11' ],
448 silly audit   picocolors: [ '1.1.1' ],
448 silly audit   'pkce-challenge': [ '5.0.1' ],
448 silly audit   'pkg-up': [ '3.1.0' ],
448 silly audit   platform: [ '1.3.6' ],
448 silly audit   'player.style': [ '0.3.4' ],
448 silly audit   'postcss-selector-parser': [ '7.1.5' ],
448 silly audit   'powershell-utils': [ '0.2.0', '0.1.0' ],
448 silly audit   'pretty-ms': [ '9.3.0' ],
448 silly audit   'process-nextick-args': [ '2.0.1' ],
448 silly audit   prompts: [ '2.4.2' ],
448 silly audit   'prop-types': [ '15.8.1' ],
448 silly audit   'property-information': [ '7.2.0' ],
448 silly audit   'proxy-addr': [ '2.0.7' ],
448 silly audit   pump: [ '3.0.4' ],
448 silly audit   qs: [ '6.15.3' ],
448 silly audit   'queue-microtask': [ '1.2.3' ],
448 silly audit   'range-parser': [ '1.3.0' ],
448 silly audit   'raw-body': [ '3.0.2' ],
448 silly audit   react: [ '19.2.8' ],
448 silly audit   'react-dom': [ '19.2.8' ],
448 silly audit   'react-dropzone': [ '20.1.1' ],
448 silly audit   'react-easy-crop': [ '6.2.3' ],
448 silly audit   'react-icons': [ '5.7.0' ],
448 silly audit   'react-is': [ '16.13.1' ],
448 silly audit   'react-markdown': [ '10.1.0' ],
448 silly audit   'react-photo-view': [ '1.2.7' ],
448 silly audit   'react-player': [ '3.4.0' ],
448 silly audit   'readable-stream': [ '2.3.8' ],
448 silly audit   recast: [ '0.23.21' ],
448 silly audit   refractor: [ '5.0.0' ],
448 silly audit   rehype: [ '13.0.2' ],
448 silly audit   'rehype-attr': [ '4.0.2' ],
448 silly audit   'unist-util-visit': [ '5.0.0', '5.1.0' ],
448 silly audit   'rehype-autolink-headings': [ '7.1.0' ],
448 silly audit   'rehype-ignore': [ '2.0.3' ],
448 silly audit   'rehype-parse': [ '9.0.1' ],
448 silly audit   'rehype-prism-plus': [ '2.0.2' ],
448 silly audit   'rehype-raw': [ '7.0.0' ],
448 silly audit   'rehype-rewrite': [ '4.0.4' ],
448 silly audit   'rehype-sanitize': [ '6.0.0' ],
448 silly audit   'rehype-slug': [ '6.0.0' ],
448 silly audit   'rehype-stringify': [ '10.0.1' ],
448 silly audit   'remark-gfm': [ '4.0.1' ],
448 silly audit   'remark-github-blockquote-alert': [ '1.3.1' ],
448 silly audit   'remark-parse': [ '11.0.0' ],
448 silly audit   'remark-rehype': [ '11.1.2' ],
448 silly audit   'remark-stringify': [ '11.0.0' ],
448 silly audit   'require-from-string': [ '2.0.2' ],
448 silly audit   reselect: [ '5.2.0' ],
448 silly audit   'resolve-from': [ '4.0.0' ],
448 silly audit   'restore-cursor': [ '5.1.0' ],
448 silly audit   reusify: [ '1.1.0' ],
448 silly audit   router: [ '2.2.0' ],
448 silly audit   'run-applescript': [ '7.1.0' ],
448 silly audit   'run-parallel': [ '1.2.0' ],
448 silly audit   'safe-buffer': [ '5.1.2' ],
448 silly audit   'safer-buffer': [ '2.1.2' ],
448 silly audit   sax: [ '1.2.1' ],
448 silly audit   scheduler: [ '0.27.0' ],
448 silly audit   'sdk-base': [ '2.0.1' ],
448 silly audit   send: [ '1.2.1' ],
448 silly audit   'serve-static': [ '2.2.1' ],
448 silly audit   setprototypeof: [ '1.2.0' ],
448 silly audit   shadcn: [ '4.18.0' ],
448 silly audit   zod: [ '3.25.76', '4.4.3' ],
448 silly audit   sharp: [ '0.35.3' ],
448 silly audit   'shebang-command': [ '2.0.0' ],
448 silly audit   'shebang-regex': [ '3.0.0' ],
448 silly audit   'side-channel': [ '1.1.1' ],
448 silly audit   'side-channel-list': [ '1.0.1' ],
448 silly audit   'side-channel-map': [ '1.0.1' ],
448 silly audit   'side-channel-weakmap': [ '1.0.2' ],
448 silly audit   sisteransi: [ '1.0.5' ],
448 silly audit   'smart-buffer': [ '4.2.0' ],
448 silly audit   socks: [ '2.8.9' ],
448 silly audit   sonner: [ '2.0.8' ],
448 silly audit   'source-map': [ '0.6.1' ],
448 silly audit   'source-map-js': [ '1.2.1' ],
448 silly audit   'space-separated-tokens': [ '2.0.2' ],
448 silly audit   'spotify-audio-element': [ '1.0.4' ],
448 silly audit   'stdin-discarder': [ '0.2.2' ],
448 silly audit   'stream-http': [ '2.8.2' ],
448 silly audit   'stream-wormhole': [ '1.1.0' ],
448 silly audit   string_decoder: [ '1.1.1' ],
448 silly audit   'string-width': [ '7.2.0' ],
448 silly audit   'stringify-entities': [ '4.0.4' ],
448 silly audit   'stringify-object': [ '5.0.0' ],
448 silly audit   'strip-bom': [ '3.0.0' ],
448 silly audit   'style-to-js': [ '1.1.21' ],
448 silly audit   'style-to-object': [ '1.0.14' ],
448 silly audit   'styled-jsx': [ '5.1.6' ],
448 silly audit   'super-media-element': [ '1.4.2' ],
448 silly audit   systeminformation: [ '5.33.1' ],
448 silly audit   'tailwind-merge': [ '3.6.0' ],
448 silly audit   tailwindcss: [ '4.3.3' ],
448 silly audit   tapable: [ '2.3.3' ],
448 silly audit   thenify: [ '3.3.1' ],
448 silly audit   'thenify-all': [ '1.6.0' ],
448 silly audit   through: [ '2.3.8' ],
448 silly audit   'tiktok-video-element': [ '0.1.2' ],
448 silly audit   'tiny-invariant': [ '1.3.3' ],
448 silly audit   'to-arraybuffer': [ '1.0.1' ],
448 silly audit   'to-regex-range': [ '5.0.1' ],
448 silly audit   toidentifier: [ '1.0.1' ],
448 silly audit   'trim-lines': [ '3.0.1' ],
448 silly audit   trough: [ '2.2.0' ],
448 silly audit   'ts-morph': [ '26.0.0' ],
448 silly audit   'tsconfig-paths': [ '4.2.0' ],
448 silly audit   'tw-animate-css': [ '1.4.0' ],
448 silly audit   'twitch-video-element': [ '0.1.6' ],
448 silly audit   'type-is': [ '2.1.0' ],
448 silly audit   typescript: [ '5.9.3' ],
448 silly audit   undici: [ '7.29.0' ],
448 silly audit   'undici-types': [ '6.21.0' ],
448 silly audit   unescape: [ '1.0.1' ],
448 silly audit   'unicorn-magic': [ '0.3.0' ],
448 silly audit   unified: [ '11.0.5' ],
448 silly audit   'unist-util-filter': [ '5.0.1' ],
448 silly audit   'unist-util-is': [ '6.0.1' ],
448 silly audit   'unist-util-position': [ '5.0.0' ],
448 silly audit   'unist-util-stringify-position': [ '4.0.0' ],
448 silly audit   'unist-util-visit-parents': [ '6.0.2' ],
448 silly audit   universalify: [ '2.0.1' ],
448 silly audit   unpipe: [ '1.0.0' ],
448 silly audit   'update-browserslist-db': [ '1.3.1' ],
448 silly audit   urllib: [ '2.44.1' ],
448 silly audit   'use-sync-external-store': [ '1.6.0' ],
448 silly audit   'util-deprecate': [ '1.0.2' ],
448 silly audit   utility: [ '1.18.0' ],
448 silly audit   'validate-npm-package-name': [ '7.0.2' ],
448 silly audit   vary: [ '1.1.2' ],
448 silly audit   vfile: [ '6.0.3' ],
448 silly audit   'vfile-location': [ '5.0.3' ],
448 silly audit   'vfile-message': [ '4.0.3' ],
448 silly audit   'vimeo-video-element': [ '1.7.3' ],
448 silly audit   'weakmap-polyfill': [ '2.0.4' ],
448 silly audit   'web-namespaces': [ '2.0.1' ],
448 silly audit   'win-release': [ '1.1.1' ],
448 silly audit   'wistia-video-element': [ '1.4.0' ],
448 silly audit   wrappy: [ '1.0.2' ],
448 silly audit   'wsl-utils': [ '1.0.0' ],
448 silly audit   xml2js: [ '0.6.2' ],
448 silly audit   xmlbuilder: [ '11.0.1' ],
448 silly audit   xtend: [ '4.0.2' ],
448 silly audit   yallist: [ '3.1.1' ],
448 silly audit   'yocto-spinner': [ '1.2.2' ],
448 silly audit   yoctocolors: [ '2.2.0' ],
448 silly audit   'youtube-video-element': [ '1.9.0' ],
448 silly audit   'zod-to-json-schema': [ '3.25.2' ],
448 silly audit   zustand: [ '5.0.15' ],
448 silly audit   zwitch: [ '2.0.4' ],
448 silly audit   vitest: [ '4.1.11' ],
448 silly audit   '@vitest/expect': [ '4.1.11' ],
448 silly audit   '@vitest/mocker': [ '4.1.11' ],
448 silly audit   '@vitest/pretty-format': [ '4.1.11' ],
448 silly audit   '@vitest/runner': [ '4.1.11' ],
448 silly audit   '@vitest/snapshot': [ '4.1.11' ],
448 silly audit   '@vitest/spy': [ '4.1.11' ],
448 silly audit   '@vitest/utils': [ '4.1.11' ],
448 silly audit   'es-module-lexer': [ '2.3.2' ],
448 silly audit   'expect-type': [ '1.4.0' ],
448 silly audit   obug: [ '2.1.4' ],
448 silly audit   pathe: [ '2.0.3' ],
448 silly audit   'std-env': [ '4.2.0' ],
448 silly audit   tinybench: [ '2.9.0' ],
448 silly audit   tinyexec: [ '1.3.0' ],
448 silly audit   tinyglobby: [ '0.2.17' ],
448 silly audit   tinyrainbow: [ '3.1.1' ],
448 silly audit   vite: [ '8.2.2' ],
448 silly audit   'why-is-node-running': [ '2.3.0' ],
448 silly audit   '@standard-schema/spec': [ '1.1.0' ],
448 silly audit   '@types/chai': [ '5.2.3' ],
448 silly audit   chai: [ '6.2.2' ],
448 silly audit   '@types/deep-eql': [ '4.0.2' ],
448 silly audit   'assertion-error': [ '2.0.1' ],
448 silly audit   'estree-walker': [ '3.0.3' ],
448 silly audit   fsevents: [ '2.3.3' ],
448 silly audit   rolldown: [ '1.2.5' ],
448 silly audit   '@oxc-project/types': [ '0.146.0' ],
448 silly audit   '@rolldown/binding-android-arm-eabi': [ '1.2.5' ],
448 silly audit   '@rolldown/binding-android-arm64': [ '1.2.5' ],
448 silly audit   '@rolldown/binding-darwin-arm64': [ '1.2.5' ],
448 silly audit   '@rolldown/binding-darwin-x64': [ '1.2.5' ],
448 silly audit   '@rolldown/binding-freebsd-x64': [ '1.2.5' ],
448 silly audit   '@rolldown/binding-linux-arm-gnueabihf': [ '1.2.5' ],
448 silly audit   '@rolldown/binding-linux-arm64-gnu': [ '1.2.5' ],
448 silly audit   '@rolldown/binding-linux-arm64-musl': [ '1.2.5' ],
448 silly audit   '@rolldown/binding-linux-ppc64-gnu': [ '1.2.5' ],
448 silly audit   '@rolldown/binding-linux-s390x-gnu': [ '1.2.5' ],
448 silly audit   '@rolldown/binding-linux-x64-gnu': [ '1.2.5' ],
448 silly audit   '@rolldown/binding-linux-x64-musl': [ '1.2.5' ],
448 silly audit   '@rolldown/binding-openharmony-arm64': [ '1.2.5' ],
448 silly audit   '@rolldown/binding-win32-arm64-msvc': [ '1.2.5' ],
448 silly audit   '@rolldown/binding-win32-x64-msvc': [ '1.2.5' ],
448 silly audit   '@rolldown/pluginutils': [ '1.0.1' ],
448 silly audit   siginfo: [ '2.0.0' ],
448 silly audit   stackback: [ '0.0.2' ]
448 silly audit }
449 http fetch POST 200 https://registry.npmjs.org/-/npm/v1/security/advisories/bulk 840ms
450 silly audit report {}
451 verbose cwd D:\FullStackProjects\yltt2025
452 verbose os Windows_NT 10.0.26200
453 verbose node v24.19.0
454 verbose npm  v11.17.0
455 verbose exit 0
456 info ok
