0 verbose cli E:\Nodejs\node.exe E:\Nodejs\node_modules\npm\bin\npm-cli.js
1 info using npm@11.17.0
2 info using node@v24.19.0
3 silly config load:file:E:\Nodejs\node_modules\npm\npmrc
4 silly config load:file:D:\FullStackProjects\yltt2025\.npmrc
5 silly config load:file:C:\Users\10991\.npmrc
6 silly config load:file:C:\Users\10991\AppData\Roaming\npm\etc\npmrc
7 verbose title npm install heic2any
8 verbose argv "install" "heic2any" "--cache" "D:\\FullStackProjects\\yltt2025\\.npm-cache-local"
9 verbose logfile logs-max:10 dir:D:\FullStackProjects\yltt2025\.npm-cache-local\_logs\2026-08-23T15_10_21_857Z-
10 verbose logfile D:\FullStackProjects\yltt2025\.npm-cache-local\_logs\2026-08-23T15_10_21_857Z-debug-0.log
11 silly logfile done cleaning log files
12 silly packumentCache heap:4496293888 maxSize:1124073472 maxEntrySize:562036736
13 silly idealTree buildDeps
14 silly fetch manifest heic2any@*
15 silly packumentCache full:https://registry.npmjs.org/heic2any cache-miss
16 http fetch GET 200 https://registry.npmjs.org/heic2any 491ms (cache miss)
17 silly packumentCache full:https://registry.npmjs.org/heic2any set size:undefined disposed:false
18 silly placeDep ROOT heic2any@0.0.4 OK for: yltt2025@0.1.0 want: *
19 silly reify moves {}
20 silly audit bulk request {
20 silly audit   '@alloc/quick-lru': [ '5.2.0' ],
20 silly audit   '@babel/code-frame': [ '7.29.7' ],
20 silly audit   '@babel/compat-data': [ '7.29.7' ],
20 silly audit   '@babel/core': [ '7.29.7' ],
20 silly audit   semver: [ '6.3.1', '7.8.5', '5.7.2' ],
20 silly audit   '@babel/generator': [ '7.29.8' ],
20 silly audit   '@babel/helper-annotate-as-pure': [ '7.29.7' ],
20 silly audit   '@babel/helper-compilation-targets': [ '7.29.7' ],
20 silly audit   '@babel/helper-create-class-features-plugin': [ '7.29.7' ],
20 silly audit   '@babel/helper-globals': [ '7.29.7' ],
20 silly audit   '@babel/helper-member-expression-to-functions': [ '7.29.7' ],
20 silly audit   '@babel/helper-module-imports': [ '7.29.7' ],
20 silly audit   '@babel/helper-module-transforms': [ '7.29.7' ],
20 silly audit   '@babel/helper-optimise-call-expression': [ '7.29.7' ],
20 silly audit   '@babel/helper-plugin-utils': [ '7.29.7' ],
20 silly audit   '@babel/helper-replace-supers': [ '7.29.7' ],
20 silly audit   '@babel/helper-skip-transparent-expression-wrappers': [ '7.29.7' ],
20 silly audit   '@babel/helper-string-parser': [ '7.29.7' ],
20 silly audit   '@babel/helper-validator-identifier': [ '7.29.7' ],
20 silly audit   '@babel/helper-validator-option': [ '7.29.7' ],
20 silly audit   '@babel/helpers': [ '7.29.7' ],
20 silly audit   '@babel/parser': [ '7.29.8' ],
20 silly audit   '@babel/plugin-syntax-jsx': [ '7.29.7' ],
20 silly audit   '@babel/plugin-syntax-typescript': [ '7.29.7' ],
20 silly audit   '@babel/plugin-transform-modules-commonjs': [ '7.29.7' ],
20 silly audit   '@babel/plugin-transform-typescript': [ '7.29.7' ],
20 silly audit   '@babel/preset-typescript': [ '7.29.7' ],
20 silly audit   '@babel/runtime': [ '7.29.7' ],
20 silly audit   '@babel/template': [ '7.29.7' ],
20 silly audit   '@babel/traverse': [ '7.29.8' ],
20 silly audit   '@babel/types': [ '7.29.8' ],
20 silly audit   '@base-ui/react': [ '1.7.0' ],
20 silly audit   '@base-ui/utils': [ '0.3.2' ],
20 silly audit   '@dotenvx/dotenvx': [ '1.75.1' ],
20 silly audit   commander: [ '11.1.0', '14.0.3' ],
20 silly audit   'define-lazy-prop': [ '2.0.0', '3.0.0' ],
20 silly audit   execa: [ '5.1.1', '9.6.1' ],
20 silly audit   'get-stream': [ '6.0.1', '9.0.1' ],
20 silly audit   'human-signals': [ '2.1.0', '8.0.1' ],
20 silly audit   'is-docker': [ '2.2.1', '3.0.0' ],
20 silly audit   'is-stream': [ '2.0.1', '4.0.1' ],
20 silly audit   'is-wsl': [ '2.2.0', '3.1.1' ],
20 silly audit   'npm-run-path': [ '4.0.1', '6.0.0' ],
20 silly audit   open: [ '8.4.2', '11.0.1' ],
20 silly audit   'signal-exit': [ '3.0.7', '4.1.0' ],
20 silly audit   'strip-final-newline': [ '2.0.0', '4.0.0' ],
20 silly audit   '@dotenvx/primitives': [ '0.8.0' ],
20 silly audit   '@emnapi/runtime': [ '1.11.3', '1.11.1' ],
20 silly audit   '@ffmpeg/core': [ '0.12.10' ],
20 silly audit   '@ffmpeg/ffmpeg': [ '0.12.15' ],
20 silly audit   '@ffmpeg/types': [ '0.12.4' ],
20 silly audit   '@ffmpeg/util': [ '0.12.2' ],
20 silly audit   '@floating-ui/core': [ '1.8.0' ],
20 silly audit   '@floating-ui/dom': [ '1.8.0' ],
20 silly audit   '@floating-ui/react-dom': [ '2.1.9' ],
20 silly audit   '@floating-ui/utils': [ '0.2.12' ],
20 silly audit   '@gsap/react': [ '2.1.2' ],
20 silly audit   '@hono/node-server': [ '2.1.1' ],
20 silly audit   '@img/colour': [ '1.1.0' ],
20 silly audit   '@img/sharp-darwin-arm64': [ '0.35.3' ],
20 silly audit   '@img/sharp-darwin-x64': [ '0.35.3' ],
20 silly audit   '@img/sharp-freebsd-wasm32': [ '0.35.3' ],
20 silly audit   '@img/sharp-libvips-darwin-arm64': [ '1.3.2' ],
20 silly audit   '@img/sharp-libvips-darwin-x64': [ '1.3.2' ],
20 silly audit   '@img/sharp-libvips-linux-arm': [ '1.3.2' ],
20 silly audit   '@img/sharp-libvips-linux-arm64': [ '1.3.2' ],
20 silly audit   '@img/sharp-libvips-linux-ppc64': [ '1.3.2' ],
20 silly audit   '@img/sharp-libvips-linux-riscv64': [ '1.3.2' ],
20 silly audit   '@img/sharp-libvips-linux-s390x': [ '1.3.2' ],
20 silly audit   '@img/sharp-libvips-linux-x64': [ '1.3.2' ],
20 silly audit   '@img/sharp-libvips-linuxmusl-arm64': [ '1.3.2' ],
20 silly audit   '@img/sharp-libvips-linuxmusl-x64': [ '1.3.2' ],
20 silly audit   '@img/sharp-linux-arm': [ '0.35.3' ],
20 silly audit   '@img/sharp-linux-arm64': [ '0.35.3' ],
20 silly audit   '@img/sharp-linux-ppc64': [ '0.35.3' ],
20 silly audit   '@img/sharp-linux-riscv64': [ '0.35.3' ],
20 silly audit   '@img/sharp-linux-s390x': [ '0.35.3' ],
20 silly audit   '@img/sharp-linux-x64': [ '0.35.3' ],
20 silly audit   '@img/sharp-linuxmusl-arm64': [ '0.35.3' ],
20 silly audit   '@img/sharp-linuxmusl-x64': [ '0.35.3' ],
20 silly audit   '@img/sharp-wasm32': [ '0.35.3' ],
20 silly audit   '@img/sharp-webcontainers-wasm32': [ '0.35.3' ],
20 silly audit   '@img/sharp-win32-arm64': [ '0.35.3' ],
20 silly audit   '@img/sharp-win32-ia32': [ '0.35.3' ],
20 silly audit   '@img/sharp-win32-x64': [ '0.35.3' ],
20 silly audit   '@jridgewell/gen-mapping': [ '0.3.13' ],
20 silly audit   '@jridgewell/remapping': [ '2.3.5' ],
20 silly audit   '@jridgewell/resolve-uri': [ '3.1.2' ],
20 silly audit   '@jridgewell/sourcemap-codec': [ '1.5.5' ],
20 silly audit   '@jridgewell/trace-mapping': [ '0.3.31' ],
20 silly audit   '@modelcontextprotocol/sdk': [ '1.30.0' ],
20 silly audit   '@mux/mux-data-google-ima': [ '0.3.17' ],
20 silly audit   '@mux/mux-player': [ '3.13.2' ],
20 silly audit   '@mux/mux-player-react': [ '3.13.2' ],
20 silly audit   '@mux/mux-video': [ '0.31.2' ],
20 silly audit   '@mux/playback-core': [ '0.35.2' ],
20 silly audit   '@next/env': [ '16.3.1' ],
20 silly audit   '@next/swc-darwin-arm64': [ '16.3.1' ],
20 silly audit   '@next/swc-darwin-x64': [ '16.3.1' ],
20 silly audit   '@next/swc-linux-arm64-gnu': [ '16.3.1' ],
20 silly audit   '@next/swc-linux-arm64-musl': [ '16.3.1' ],
20 silly audit   '@next/swc-linux-x64-gnu': [ '16.3.1' ],
20 silly audit   '@next/swc-linux-x64-musl': [ '16.3.1' ],
20 silly audit   '@next/swc-win32-arm64-msvc': [ '16.3.1' ],
20 silly audit   '@next/swc-win32-x64-msvc': [ '16.3.1' ],
20 silly audit   '@nodelib/fs.scandir': [ '2.1.5' ],
20 silly audit   '@nodelib/fs.stat': [ '2.0.5' ],
20 silly audit   '@nodelib/fs.walk': [ '1.2.8' ],
20 silly audit   '@oxc-project/types': [ '0.146.0' ],
20 silly audit   '@rolldown/binding-android-arm-eabi': [ '1.2.5' ],
20 silly audit   '@rolldown/binding-android-arm64': [ '1.2.5' ],
20 silly audit   '@rolldown/binding-darwin-arm64': [ '1.2.5' ],
20 silly audit   '@rolldown/binding-darwin-x64': [ '1.2.5' ],
20 silly audit   '@rolldown/binding-freebsd-x64': [ '1.2.5' ],
20 silly audit   '@rolldown/binding-linux-arm-gnueabihf': [ '1.2.5' ],
20 silly audit   '@rolldown/binding-linux-arm64-gnu': [ '1.2.5' ],
20 silly audit   '@rolldown/binding-linux-arm64-musl': [ '1.2.5' ],
20 silly audit   '@rolldown/binding-linux-ppc64-gnu': [ '1.2.5' ],
20 silly audit   '@rolldown/binding-linux-s390x-gnu': [ '1.2.5' ],
20 silly audit   '@rolldown/binding-linux-x64-gnu': [ '1.2.5' ],
20 silly audit   '@rolldown/binding-linux-x64-musl': [ '1.2.5' ],
20 silly audit   '@rolldown/binding-openharmony-arm64': [ '1.2.5' ],
20 silly audit   '@rolldown/binding-win32-arm64-msvc': [ '1.2.5' ],
20 silly audit   '@rolldown/binding-win32-x64-msvc': [ '1.2.5' ],
20 silly audit   '@rolldown/pluginutils': [ '1.0.1' ],
20 silly audit   '@sec-ant/readable-stream': [ '0.4.1' ],
20 silly audit   '@sindresorhus/merge-streams': [ '4.0.0' ],
20 silly audit   '@standard-schema/spec': [ '1.1.0' ],
20 silly audit   '@supabase/auth-js': [ '2.112.3' ],
20 silly audit   '@supabase/functions-js': [ '2.112.3' ],
20 silly audit   '@supabase/phoenix': [ '0.4.5' ],
20 silly audit   '@supabase/postgrest-js': [ '2.112.3' ],
20 silly audit   '@supabase/realtime-js': [ '2.112.3' ],
20 silly audit   '@supabase/ssr': [ '0.12.4' ],
20 silly audit   '@supabase/storage-js': [ '2.112.3' ],
20 silly audit   '@supabase/supabase-js': [ '2.112.3' ],
20 silly audit   '@svta/cml-608': [ '1.0.2' ],
20 silly audit   '@svta/cml-cmcd': [ '2.3.2' ],
20 silly audit   '@svta/cml-cmsd': [ '1.0.6' ],
20 silly audit   '@svta/cml-cta': [ '1.0.6' ],
20 silly audit   '@svta/cml-dash': [ '1.0.6' ],
20 silly audit   '@svta/cml-id3': [ '1.0.6' ],
20 silly audit   '@svta/cml-request': [ '1.0.12' ],
20 silly audit   '@svta/cml-structured-field-values': [ '1.1.3' ],
20 silly audit   '@svta/cml-utils': [ '1.5.0' ],
20 silly audit   '@svta/cml-xml': [ '1.1.4' ],
20 silly audit   '@swc/helpers': [ '0.5.23' ],
20 silly audit   '@tailwindcss/node': [ '4.3.3' ],
20 silly audit   '@tailwindcss/oxide': [ '4.3.3' ],
20 silly audit   '@tailwindcss/oxide-android-arm64': [ '4.3.3' ],
20 silly audit   '@tailwindcss/oxide-darwin-arm64': [ '4.3.3' ],
20 silly audit   '@tailwindcss/oxide-darwin-x64': [ '4.3.3' ],
20 silly audit   '@tailwindcss/oxide-freebsd-x64': [ '4.3.3' ],
20 silly audit   '@tailwindcss/oxide-linux-arm-gnueabihf': [ '4.3.3' ],
20 silly audit   '@tailwindcss/oxide-linux-arm64-gnu': [ '4.3.3' ],
20 silly audit   '@tailwindcss/oxide-linux-arm64-musl': [ '4.3.3' ],
20 silly audit   '@tailwindcss/oxide-linux-x64-gnu': [ '4.3.3' ],
20 silly audit   '@tailwindcss/oxide-linux-x64-musl': [ '4.3.3' ],
20 silly audit   '@tailwindcss/oxide-wasm32-wasi': [ '4.3.3' ],
20 silly audit   '@emnapi/core': [ '1.11.1' ],
20 silly audit   '@emnapi/wasi-threads': [ '1.2.2' ],
20 silly audit   '@napi-rs/wasm-runtime': [ '1.1.4' ],
20 silly audit   '@tybys/wasm-util': [ '0.10.2' ],
20 silly audit   tslib: [ '2.8.1' ],
20 silly audit   '@tailwindcss/oxide-win32-arm64-msvc': [ '4.3.3' ],
20 silly audit   '@tailwindcss/oxide-win32-x64-msvc': [ '4.3.3' ],
20 silly audit   '@tailwindcss/postcss': [ '4.3.3' ],
20 silly audit   '@ts-morph/common': [ '0.27.0' ],
20 silly audit   '@types/chai': [ '5.2.3' ],
20 silly audit   '@types/debug': [ '4.1.13' ],
20 silly audit   '@types/deep-eql': [ '4.0.2' ],
20 silly audit   '@types/estree': [ '1.0.9' ],
20 silly audit   '@types/estree-jsx': [ '1.0.5' ],
20 silly audit   '@types/google_interactive_media_ads_types': [ '3.697.1' ],
20 silly audit   '@types/hast': [ '3.0.5' ],
20 silly audit   '@types/mdast': [ '4.0.4' ],
20 silly audit   '@types/ms': [ '2.1.0' ],
20 silly audit   '@types/node': [ '20.19.43' ],
20 silly audit   '@types/prismjs': [ '1.26.6' ],
20 silly audit   '@types/react': [ '19.2.18' ],
20 silly audit   '@types/react-dom': [ '19.2.4' ],
20 silly audit   '@types/unist': [ '3.0.3', '2.0.11' ],
20 silly audit   '@types/validate-npm-package-name': [ '4.0.2' ],
20 silly audit   '@uiw/copy-to-clipboard': [ '1.0.21' ],
20 silly audit   '@uiw/react-markdown-preview': [ '5.2.1' ],
20 silly audit   '@uiw/react-md-editor': [ '4.1.2' ],
20 silly audit   '@ungap/structured-clone': [ '1.3.3' ],
20 silly audit   '@vimeo/player': [ '2.29.0' ],
20 silly audit   '@vitest/expect': [ '4.1.11' ],
20 silly audit   '@vitest/mocker': [ '4.1.11' ],
20 silly audit   '@vitest/pretty-format': [ '4.1.11' ],
20 silly audit   '@vitest/runner': [ '4.1.11' ],
20 silly audit   '@vitest/snapshot': [ '4.1.11' ],
20 silly audit   '@vitest/spy': [ '4.1.11' ],
20 silly audit   '@vitest/utils': [ '4.1.11' ],
20 silly audit   accepts: [ '2.0.0' ],
20 silly audit   address: [ '1.2.2' ],
20 silly audit   agentkeepalive: [ '3.5.3' ],
20 silly audit   ajv: [ '8.20.0' ],
20 silly audit   'ajv-formats': [ '3.0.1', '2.1.1' ],
20 silly audit   'ali-oss': [ '6.23.0' ],
20 silly audit   'ansi-colors': [ '4.1.3' ],
20 silly audit   'ansi-regex': [ '5.0.1', '6.3.0' ],
20 silly audit   'any-promise': [ '1.3.0' ],
20 silly audit   argparse: [ '2.0.1' ],
20 silly audit   'assertion-error': [ '2.0.1' ],
20 silly audit   'ast-types': [ '0.16.1' ],
20 silly audit   atomically: [ '1.7.0' ],
20 silly audit   'attr-accept': [ '4.0.0' ],
20 silly audit   bail: [ '2.0.2' ],
20 silly audit   'balanced-match': [ '4.0.4' ],
20 silly audit   'baseline-browser-mapping': [ '2.11.15' ],
20 silly audit   'bcp-47-match': [ '2.0.3' ],
20 silly audit   'body-parser': [ '2.3.0' ],
20 silly audit   'content-type': [ '2.1.0', '1.0.5' ],
20 silly audit   'iconv-lite': [ '0.7.3', '0.6.3' ],
20 silly audit   boolbase: [ '1.0.0' ],
20 silly audit   bowser: [ '1.9.4' ],
20 silly audit   'brace-expansion': [ '5.0.9' ],
20 silly audit   braces: [ '3.0.3' ],
20 silly audit   browserslist: [ '4.28.8' ],
20 silly audit   'builtin-status-codes': [ '3.0.0' ],
20 silly audit   'bundle-name': [ '4.1.0' ],
20 silly audit   bytes: [ '3.1.2' ],
20 silly audit   'call-bind-apply-helpers': [ '1.0.2' ],
20 silly audit   'call-bound': [ '1.0.4' ],
20 silly audit   callsites: [ '3.1.0' ],
20 silly audit   'caniuse-lite': [ '1.0.30001809' ],
20 silly audit   'castable-video': [ '1.1.16' ],
20 silly audit   ccount: [ '2.0.1' ],
20 silly audit   'ce-la-react': [ '0.3.2' ],
20 silly audit   chai: [ '6.2.2' ],
20 silly audit   chalk: [ '5.6.2' ],
20 silly audit   'character-entities': [ '2.0.2' ],
20 silly audit   'character-entities-html4': [ '2.1.0' ],
20 silly audit   'character-entities-legacy': [ '3.0.0' ],
20 silly audit   'character-reference-invalid': [ '2.0.1' ],
20 silly audit   'class-variance-authority': [ '0.7.1' ],
20 silly audit   'cli-cursor': [ '5.0.0' ],
20 silly audit   'cli-spinners': [ '2.9.2' ],
20 silly audit   'client-only': [ '0.0.1' ],
20 silly audit   'cloudflare-video-element': [ '1.3.5' ],
20 silly audit   clsx: [ '2.1.1' ],
20 silly audit   'code-block-writer': [ '13.0.3' ],
20 silly audit   'codem-isoboxer': [ '0.3.10' ],
20 silly audit   'comma-separated-tokens': [ '2.0.3' ],
20 silly audit   conf: [ '10.2.0' ],
20 silly audit   'json-schema-typed': [ '7.0.3', '8.0.2' ],
20 silly audit   'content-disposition': [ '1.1.0' ],
20 silly audit   'convert-source-map': [ '2.0.0' ],
20 silly audit   cookie: [ '1.1.1', '0.7.2' ],
20 silly audit   'cookie-signature': [ '1.2.2' ],
20 silly audit   'copy-to': [ '2.0.1' ],
20 silly audit   'core-util-is': [ '1.0.3' ],
20 silly audit   cors: [ '2.8.6' ],
20 silly audit   cosmiconfig: [ '9.0.2' ],
20 silly audit   'cross-spawn': [ '7.0.6' ],
20 silly audit   isexe: [ '2.0.0', '3.1.5' ],
20 silly audit   which: [ '2.0.2', '4.0.0' ],
20 silly audit   'css-selector-parser': [ '3.3.0' ],
20 silly audit   cssesc: [ '3.0.0' ],
20 silly audit   csstype: [ '3.2.3' ],
20 silly audit   'custom-media-element': [ '1.4.6' ],
20 silly audit   'dash-video-element': [ '0.3.2' ],
20 silly audit   dashjs: [ '5.2.1' ],
20 silly audit   dateformat: [ '2.2.0' ],
20 silly audit   'debounce-fn': [ '4.0.0' ],
20 silly audit   debug: [ '4.4.3' ],
20 silly audit   'decode-named-character-reference': [ '1.3.0' ],
20 silly audit   dedent: [ '1.7.2' ],
20 silly audit   deepmerge: [ '4.3.1' ],
20 silly audit   'default-browser': [ '5.5.1' ],
20 silly audit   'default-browser-id': [ '5.0.1' ],
20 silly audit   'default-user-agent': [ '1.0.0' ],
20 silly audit   depd: [ '2.0.0' ],
20 silly audit   dequal: [ '2.0.3' ],
20 silly audit   destroy: [ '1.2.0' ],
20 silly audit   'detect-libc': [ '2.1.2' ],
20 silly audit   devlop: [ '1.1.0' ],
20 silly audit   diff: [ '8.0.4' ],
20 silly audit   'digest-header': [ '1.1.0' ],
20 silly audit   direction: [ '2.0.1' ],
20 silly audit   'dot-prop': [ '6.0.1' ],
20 silly audit   dotenv: [ '17.4.2' ],
20 silly audit   'dunder-proto': [ '1.0.1' ],
20 silly audit   'ee-first': [ '1.1.1' ],
20 silly audit   'electron-to-chromium': [ '1.5.411' ],
20 silly audit   'emoji-regex': [ '10.6.0' ],
20 silly audit   encodeurl: [ '2.0.0' ],
20 silly audit   'end-of-stream': [ '1.4.5' ],
20 silly audit   'end-or-error': [ '1.0.1' ],
20 silly audit   'enhanced-resolve': [ '5.24.5' ],
20 silly audit   enquirer: [ '2.4.1' ],
20 silly audit   entities: [ '6.0.1' ],
20 silly audit   'env-paths': [ '2.2.1' ],
20 silly audit   'error-ex': [ '1.3.4' ],
20 silly audit   'es-define-property': [ '1.0.1' ],
20 silly audit   'es-errors': [ '1.3.0' ],
20 silly audit   'es-module-lexer': [ '2.3.2' ],
20 silly audit   'es-object-atoms': [ '1.1.2' ],
20 silly audit   escalade: [ '3.2.0' ],
20 silly audit   'escape-html': [ '1.0.3' ],
20 silly audit   'escape-string-regexp': [ '5.0.0' ],
20 silly audit   esprima: [ '4.0.1' ],
20 silly audit   'estree-util-is-identifier-name': [ '3.0.0' ],
20 silly audit   'estree-walker': [ '3.0.3' ],
20 silly audit   etag: [ '1.8.1' ],
20 silly audit   eventsource: [ '3.0.7' ],
20 silly audit   'eventsource-parser': [ '3.1.1' ],
20 silly audit   exifr: [ '7.1.3' ],
20 silly audit   'expect-type': [ '1.4.0' ],
20 silly audit   express: [ '5.2.1' ],
20 silly audit   'express-rate-limit': [ '8.6.2' ],
20 silly audit   'merge-descriptors': [ '2.0.0', '1.0.3' ],
20 silly audit   statuses: [ '2.0.2', '1.5.0' ],
20 silly audit   extend: [ '3.0.2' ],
20 silly audit   'extend-shallow': [ '2.0.1' ],
20 silly audit   'fast-deep-equal': [ '3.1.3' ],
20 silly audit   'fast-glob': [ '3.3.3' ],
20 silly audit   'fast-uri': [ '3.1.5' ],
20 silly audit   fastq: [ '1.20.1' ],
20 silly audit   fdir: [ '6.5.0' ],
20 silly audit   figures: [ '6.1.0' ],
20 silly audit   'file-selector': [ '5.0.1' ],
20 silly audit   'fill-range': [ '7.1.1' ],
20 silly audit   finalhandler: [ '2.1.1' ],
20 silly audit   'find-up': [ '3.0.0' ],
20 silly audit   formstream: [ '1.5.2' ],
20 silly audit   forwarded: [ '0.2.0' ],
20 silly audit   fresh: [ '2.0.0' ],
20 silly audit   'fs-extra': [ '11.4.0' ],
20 silly audit   fsevents: [ '2.3.3' ],
20 silly audit   'function-bind': [ '1.1.2' ],
20 silly audit   fuzzysort: [ '3.1.0' ],
20 silly audit   gensync: [ '1.0.0-beta.2' ],
20 silly audit   'get-east-asian-width': [ '1.6.0' ],
20 silly audit   'get-intrinsic': [ '1.3.0' ],
20 silly audit   'get-own-enumerable-keys': [ '1.0.0' ],
20 silly audit   'get-proto': [ '1.0.1' ],
20 silly audit   'get-ready': [ '1.0.0' ],
20 silly audit   'github-slugger': [ '2.0.0' ],
20 silly audit   'glob-parent': [ '5.1.2' ],
20 silly audit   gopd: [ '1.2.0' ],
20 silly audit   'graceful-fs': [ '4.2.11' ],
20 silly audit   gsap: [ '3.15.0' ],
20 silly audit   'has-symbols': [ '1.1.0' ],
20 silly audit   hasown: [ '2.0.4' ],
20 silly audit   'hast-util-from-html': [ '2.0.3' ],
20 silly audit   'hast-util-from-parse5': [ '8.0.3' ],
20 silly audit   'hast-util-has-property': [ '3.0.0' ],
20 silly audit   'hast-util-heading-rank': [ '3.0.0' ],
20 silly audit   'hast-util-is-element': [ '3.0.0' ],
20 silly audit   'hast-util-parse-selector': [ '4.0.0' ],
20 silly audit   'hast-util-raw': [ '9.1.0' ],
20 silly audit   'hast-util-sanitize': [ '5.0.2' ],
20 silly audit   'hast-util-select': [ '6.0.4' ],
20 silly audit   'hast-util-to-html': [ '9.0.5' ],
20 silly audit   'hast-util-to-jsx-runtime': [ '2.3.6' ],
20 silly audit   'hast-util-to-parse5': [ '8.0.1' ],
20 silly audit   'hast-util-to-string': [ '3.0.1' ],
20 silly audit   'hast-util-whitespace': [ '3.0.0' ],
20 silly audit   hastscript: [ '9.0.1' ],
20 silly audit   'hls-video-element': [ '1.5.11' ],
20 silly audit   'hls.js': [ '1.6.19' ],
20 silly audit   hono: [ '4.13.3' ],
20 silly audit   'html-entities': [ '2.6.0' ],
20 silly audit   'html-url-attributes': [ '3.0.1' ],
20 silly audit   'html-void-elements': [ '3.0.0' ],
20 silly audit   'http-errors': [ '2.0.1' ],
20 silly audit   'humanize-ms': [ '1.2.1' ],
20 silly audit   'iceberg-js': [ '0.8.1' ],
20 silly audit   ignore: [ '5.3.2' ],
20 silly audit   immediate: [ '3.0.6' ],
20 silly audit   'import-fresh': [ '3.3.1' ],
20 silly audit   imsc: [ '1.1.5' ],
20 silly audit   inherits: [ '2.0.4' ],
20 silly audit   'inline-style-parser': [ '0.2.7' ],
20 silly audit   'ip-address': [ '10.5.0' ],
20 silly audit   'ipaddr.js': [ '1.9.1' ],
20 silly audit   'is-alphabetical': [ '2.0.1' ],
20 silly audit   'is-alphanumerical': [ '2.0.1' ],
20 silly audit   'is-arrayish': [ '0.2.1' ],
20 silly audit   'is-class-hotfix': [ '0.0.6' ],
20 silly audit   'is-decimal': [ '2.0.1' ],
20 silly audit   'is-extendable': [ '0.1.1' ],
20 silly audit   'is-extglob': [ '2.1.1' ],
20 silly audit   'is-glob': [ '4.0.3' ],
20 silly audit   'is-hexadecimal': [ '2.0.1' ],
20 silly audit   'is-in-ssh': [ '1.0.0' ],
20 silly audit   'is-inside-container': [ '1.0.0' ],
20 silly audit   'is-interactive': [ '2.0.0' ],
20 silly audit   'is-number': [ '7.0.0' ],
20 silly audit   'is-obj': [ '2.0.0', '3.0.0' ],
20 silly audit   'is-plain-obj': [ '4.1.0' ],
20 silly audit   'is-promise': [ '4.0.0' ],
20 silly audit   'is-regexp': [ '3.1.0' ],
20 silly audit   'is-type-of': [ '1.4.0' ],
20 silly audit   'is-unicode-supported': [ '2.1.0', '1.3.0' ],
20 silly audit   isarray: [ '1.0.0' ],
20 silly audit   isstream: [ '0.1.2' ],
20 silly audit   jiti: [ '2.7.0' ],
20 silly audit   jose: [ '6.2.9' ],
20 silly audit   'js-base64': [ '2.6.4' ],
20 silly audit   'js-tokens': [ '4.0.0' ],
20 silly audit   'js-yaml': [ '4.3.1' ],
20 silly audit   jsesc: [ '3.1.0' ],
20 silly audit   'json-parse-even-better-errors': [ '2.3.1' ],
20 silly audit   'json-schema-traverse': [ '1.0.0' ],
20 silly audit   json5: [ '2.2.3' ],
20 silly audit   jsonfile: [ '6.2.1' ],
20 silly audit   jstoxml: [ '2.2.9' ],
20 silly audit   kleur: [ '4.1.5', '3.0.3' ],
20 silly audit   lie: [ '3.1.1' ],
20 silly audit   lightningcss: [ '1.32.0', '1.33.0' ],
20 silly audit   'lightningcss-android-arm64': [ '1.32.0', '1.33.0' ],
20 silly audit   'lightningcss-darwin-arm64': [ '1.32.0', '1.33.0' ],
20 silly audit   'lightningcss-darwin-x64': [ '1.32.0', '1.33.0' ],
20 silly audit   'lightningcss-freebsd-x64': [ '1.32.0', '1.33.0' ],
20 silly audit   'lightningcss-linux-arm-gnueabihf': [ '1.32.0', '1.33.0' ],
20 silly audit   'lightningcss-linux-arm64-gnu': [ '1.32.0', '1.33.0' ],
20 silly audit   'lightningcss-linux-arm64-musl': [ '1.32.0', '1.33.0' ],
20 silly audit   'lightningcss-linux-x64-gnu': [ '1.32.0', '1.33.0' ],
20 silly audit   'lightningcss-linux-x64-musl': [ '1.32.0', '1.33.0' ],
20 silly audit   'lightningcss-win32-arm64-msvc': [ '1.32.0', '1.33.0' ],
20 silly audit   'lightningcss-win32-x64-msvc': [ '1.32.0', '1.33.0' ],
20 silly audit   'lines-and-columns': [ '1.2.4' ],
20 silly audit   localforage: [ '1.10.0' ],
20 silly audit   'locate-path': [ '3.0.0' ],
20 silly audit   lodash: [ '4.18.1' ],
20 silly audit   'log-symbols': [ '6.0.0' ],
20 silly audit   'longest-streak': [ '3.1.0' ],
20 silly audit   'loose-envify': [ '1.4.0' ],
20 silly audit   'lru-cache': [ '5.1.1' ],
20 silly audit   'lucide-react': [ '1.33.0' ],
20 silly audit   'magic-string': [ '0.30.21' ],
20 silly audit   'markdown-table': [ '3.0.4' ],
20 silly audit   'math-intrinsics': [ '1.1.0' ],
20 silly audit   'mdast-util-find-and-replace': [ '3.0.2' ],
20 silly audit   'mdast-util-from-markdown': [ '2.0.3' ],
20 silly audit   'mdast-util-gfm': [ '3.1.0' ],
20 silly audit   'mdast-util-gfm-autolink-literal': [ '2.0.1' ],
20 silly audit   'mdast-util-gfm-footnote': [ '2.1.0' ],
20 silly audit   'mdast-util-gfm-strikethrough': [ '2.0.0' ],
20 silly audit   'mdast-util-gfm-table': [ '2.0.0' ],
20 silly audit   'mdast-util-gfm-task-list-item': [ '2.0.0' ],
20 silly audit   'mdast-util-mdx-expression': [ '2.0.1' ],
20 silly audit   'mdast-util-mdx-jsx': [ '3.2.0' ],
20 silly audit   'mdast-util-mdxjs-esm': [ '2.0.1' ],
20 silly audit   'mdast-util-phrasing': [ '4.1.0' ],
20 silly audit   'mdast-util-to-hast': [ '13.2.1' ],
20 silly audit   'mdast-util-to-markdown': [ '2.1.2' ],
20 silly audit   'mdast-util-to-string': [ '4.0.0' ],
20 silly audit   'media-chrome': [ '4.19.2' ],
20 silly audit   'media-played-ranges-mixin': [ '0.1.0' ],
20 silly audit   'media-tracks': [ '0.3.5' ],
20 silly audit   'media-typer': [ '1.1.1' ],
20 silly audit   'merge-stream': [ '2.0.0' ],
20 silly audit   merge2: [ '1.4.1' ],
20 silly audit   micromark: [ '4.0.2' ],
20 silly audit   'micromark-core-commonmark': [ '2.0.3' ],
20 silly audit   'micromark-extension-gfm': [ '3.0.0' ],
20 silly audit   'micromark-extension-gfm-autolink-literal': [ '2.1.0' ],
20 silly audit   'micromark-extension-gfm-footnote': [ '2.1.0' ],
20 silly audit   'micromark-extension-gfm-strikethrough': [ '2.1.0' ],
20 silly audit   'micromark-extension-gfm-table': [ '2.1.1' ],
20 silly audit   'micromark-extension-gfm-tagfilter': [ '2.0.0' ],
20 silly audit   'micromark-extension-gfm-task-list-item': [ '2.1.0' ],
20 silly audit   'micromark-factory-destination': [ '2.0.1' ],
20 silly audit   'micromark-factory-label': [ '2.0.1' ],
20 silly audit   'micromark-factory-space': [ '2.0.1' ],
20 silly audit   'micromark-factory-title': [ '2.0.1' ],
20 silly audit   'micromark-factory-whitespace': [ '2.0.1' ],
20 silly audit   'micromark-util-character': [ '2.1.1' ],
20 silly audit   'micromark-util-chunked': [ '2.0.1' ],
20 silly audit   'micromark-util-classify-character': [ '2.0.1' ],
20 silly audit   'micromark-util-combine-extensions': [ '2.0.1' ],
20 silly audit   'micromark-util-decode-numeric-character-reference': [ '2.0.2' ],
20 silly audit   'micromark-util-decode-string': [ '2.0.1' ],
20 silly audit   'micromark-util-encode': [ '2.0.1' ],
20 silly audit   'micromark-util-html-tag-name': [ '2.0.1' ],
20 silly audit   'micromark-util-normalize-identifier': [ '2.0.1' ],
20 silly audit   'micromark-util-resolve-all': [ '2.0.1' ],
20 silly audit   'micromark-util-sanitize-uri': [ '2.0.1' ],
20 silly audit   'micromark-util-subtokenize': [ '2.1.0' ],
20 silly audit   'micromark-util-symbol': [ '2.0.1' ],
20 silly audit   'micromark-util-types': [ '2.0.2' ],
20 silly audit   micromatch: [ '4.0.8' ],
20 silly audit   picomatch: [ '2.3.2', '4.0.5' ],
20 silly audit   mime: [ '2.6.0' ],
20 silly audit   'mime-db': [ '1.54.0' ],
20 silly audit   'mime-types': [ '3.0.2' ],
20 silly audit   'mimic-fn': [ '3.1.0', '2.1.0' ],
20 silly audit   'mimic-function': [ '5.0.1' ],
20 silly audit   minimatch: [ '10.2.6' ],
20 silly audit   minimist: [ '1.2.8' ],
20 silly audit   mkdirp: [ '0.5.6' ],
20 silly audit   ms: [ '2.1.3' ],
20 silly audit   'mux-embed': [ '5.18.1' ],
20 silly audit   mz: [ '2.7.0' ],
20 silly audit   nanoid: [ '3.3.18' ],
20 silly audit   'native-promise-only': [ '0.8.1' ],
20 silly audit   negotiator: [ '1.0.0' ],
20 silly audit   next: [ '16.3.1' ],
20 silly audit   'next-themes': [ '0.4.6' ],
20 silly audit   postcss: [ '8.5.23', '8.5.26' ],
20 silly audit   'node-hex': [ '1.0.1' ],
20 silly audit   'node-releases': [ '2.0.53' ],
20 silly audit   'normalize-wheel': [ '1.0.1' ],
20 silly audit   'path-key': [ '4.0.0', '3.1.1' ],
20 silly audit   'nth-check': [ '2.1.1' ],
20 silly audit   'object-assign': [ '4.1.1' ],
20 silly audit   'object-inspect': [ '1.13.4' ],
20 silly audit   'object-treeify': [ '1.1.33' ],
20 silly audit   obug: [ '2.1.4' ],
20 silly audit   'on-finished': [ '2.4.1' ],
20 silly audit   once: [ '1.4.0' ],
20 silly audit   onetime: [ '5.1.2', '7.0.0' ],
20 silly audit   ora: [ '8.2.0' ],
20 silly audit   'strip-ansi': [ '7.2.0', '6.0.1' ],
20 silly audit   'os-name': [ '1.0.3' ],
20 silly audit   'osx-release': [ '1.1.0' ],
20 silly audit   'p-limit': [ '2.3.0' ],
20 silly audit   'p-locate': [ '3.0.0' ],
20 silly audit   'p-try': [ '2.2.0' ],
20 silly audit   'parent-module': [ '1.0.1' ],
20 silly audit   'parse-entities': [ '4.0.2' ],
20 silly audit   'parse-json': [ '5.2.0' ],
20 silly audit   'parse-ms': [ '4.0.0' ],
20 silly audit   'parse-numeric-range': [ '1.3.0' ],
20 silly audit   parse5: [ '7.3.0' ],
20 silly audit   parseurl: [ '1.3.3' ],
20 silly audit   'path-browserify': [ '1.0.1' ],
20 silly audit   'path-exists': [ '3.0.0' ],
20 silly audit   'path-to-regexp': [ '8.4.2' ],
20 silly audit   pathe: [ '2.0.3' ],
20 silly audit   'pause-stream': [ '0.0.11' ],
20 silly audit   picocolors: [ '1.1.1' ],
20 silly audit   'pkce-challenge': [ '5.0.1' ],
20 silly audit   'pkg-up': [ '3.1.0' ],
20 silly audit   platform: [ '1.3.6' ],
20 silly audit   'player.style': [ '0.3.4' ],
20 silly audit   'postcss-selector-parser': [ '7.1.5' ],
20 silly audit   'powershell-utils': [ '0.2.0', '0.1.0' ],
20 silly audit   'pretty-ms': [ '9.3.0' ],
20 silly audit   'process-nextick-args': [ '2.0.1' ],
20 silly audit   prompts: [ '2.4.2' ],
20 silly audit   'prop-types': [ '15.8.1' ],
20 silly audit   'property-information': [ '7.2.0' ],
20 silly audit   'proxy-addr': [ '2.0.7' ],
20 silly audit   pump: [ '3.0.4' ],
20 silly audit   qs: [ '6.15.3' ],
20 silly audit   'queue-microtask': [ '1.2.3' ],
20 silly audit   'range-parser': [ '1.3.0' ],
20 silly audit   'raw-body': [ '3.0.2' ],
20 silly audit   react: [ '19.2.8' ],
20 silly audit   'react-dom': [ '19.2.8' ],
20 silly audit   'react-dropzone': [ '20.1.1' ],
20 silly audit   'react-easy-crop': [ '6.2.3' ],
20 silly audit   'react-icons': [ '5.7.0' ],
20 silly audit   'react-is': [ '16.13.1' ],
20 silly audit   'react-markdown': [ '10.1.0' ],
20 silly audit   'react-photo-view': [ '1.2.7' ],
20 silly audit   'react-player': [ '3.4.0' ],
20 silly audit   'readable-stream': [ '2.3.8' ],
20 silly audit   recast: [ '0.23.21' ],
20 silly audit   refractor: [ '5.0.0' ],
20 silly audit   rehype: [ '13.0.2' ],
20 silly audit   'rehype-attr': [ '4.0.2' ],
20 silly audit   'unist-util-visit': [ '5.0.0', '5.1.0' ],
20 silly audit   'rehype-autolink-headings': [ '7.1.0' ],
20 silly audit   'rehype-ignore': [ '2.0.3' ],
20 silly audit   'rehype-parse': [ '9.0.1' ],
20 silly audit   'rehype-prism-plus': [ '2.0.2' ],
20 silly audit   'rehype-raw': [ '7.0.0' ],
20 silly audit   'rehype-rewrite': [ '4.0.4' ],
20 silly audit   'rehype-sanitize': [ '6.0.0' ],
20 silly audit   'rehype-slug': [ '6.0.0' ],
20 silly audit   'rehype-stringify': [ '10.0.1' ],
20 silly audit   'remark-gfm': [ '4.0.1' ],
20 silly audit   'remark-github-blockquote-alert': [ '1.3.1' ],
20 silly audit   'remark-parse': [ '11.0.0' ],
20 silly audit   'remark-rehype': [ '11.1.2' ],
20 silly audit   'remark-stringify': [ '11.0.0' ],
20 silly audit   'require-from-string': [ '2.0.2' ],
20 silly audit   reselect: [ '5.2.0' ],
20 silly audit   'resolve-from': [ '4.0.0' ],
20 silly audit   'restore-cursor': [ '5.1.0' ],
20 silly audit   reusify: [ '1.1.0' ],
20 silly audit   rolldown: [ '1.2.5' ],
20 silly audit   router: [ '2.2.0' ],
20 silly audit   'run-applescript': [ '7.1.0' ],
20 silly audit   'run-parallel': [ '1.2.0' ],
20 silly audit   'safe-buffer': [ '5.1.2' ],
20 silly audit   'safer-buffer': [ '2.1.2' ],
20 silly audit   sax: [ '1.2.1' ],
20 silly audit   scheduler: [ '0.27.0' ],
20 silly audit   'sdk-base': [ '2.0.1' ],
20 silly audit   send: [ '1.2.1' ],
20 silly audit   'serve-static': [ '2.2.1' ],
20 silly audit   setprototypeof: [ '1.2.0' ],
20 silly audit   shadcn: [ '4.18.0' ],
20 silly audit   zod: [ '3.25.76', '4.4.3' ],
20 silly audit   sharp: [ '0.35.3' ],
20 silly audit   'shebang-command': [ '2.0.0' ],
20 silly audit   'shebang-regex': [ '3.0.0' ],
20 silly audit   'side-channel': [ '1.1.1' ],
20 silly audit   'side-channel-list': [ '1.0.1' ],
20 silly audit   'side-channel-map': [ '1.0.1' ],
20 silly audit   'side-channel-weakmap': [ '1.0.2' ],
20 silly audit   siginfo: [ '2.0.0' ],
20 silly audit   sisteransi: [ '1.0.5' ],
20 silly audit   'smart-buffer': [ '4.2.0' ],
20 silly audit   socks: [ '2.8.9' ],
20 silly audit   sonner: [ '2.0.8' ],
20 silly audit   'source-map': [ '0.6.1' ],
20 silly audit   'source-map-js': [ '1.2.1' ],
20 silly audit   'space-separated-tokens': [ '2.0.2' ],
20 silly audit   'spotify-audio-element': [ '1.0.4' ],
20 silly audit   stackback: [ '0.0.2' ],
20 silly audit   'std-env': [ '4.2.0' ],
20 silly audit   'stdin-discarder': [ '0.2.2' ],
20 silly audit   'stream-http': [ '2.8.2' ],
20 silly audit   'stream-wormhole': [ '1.1.0' ],
20 silly audit   string_decoder: [ '1.1.1' ],
20 silly audit   'string-width': [ '7.2.0' ],
20 silly audit   'stringify-entities': [ '4.0.4' ],
20 silly audit   'stringify-object': [ '5.0.0' ],
20 silly audit   'strip-bom': [ '3.0.0' ],
20 silly audit   'style-to-js': [ '1.1.21' ],
20 silly audit   'style-to-object': [ '1.0.14' ],
20 silly audit   'styled-jsx': [ '5.1.6' ],
20 silly audit   'super-media-element': [ '1.4.2' ],
20 silly audit   systeminformation: [ '5.33.1' ],
20 silly audit   'tailwind-merge': [ '3.6.0' ],
20 silly audit   tailwindcss: [ '4.3.3' ],
20 silly audit   tapable: [ '2.3.3' ],
20 silly audit   thenify: [ '3.3.1' ],
20 silly audit   'thenify-all': [ '1.6.0' ],
20 silly audit   through: [ '2.3.8' ],
20 silly audit   'tiktok-video-element': [ '0.1.2' ],
20 silly audit   'tiny-invariant': [ '1.3.3' ],
20 silly audit   tinybench: [ '2.9.0' ],
20 silly audit   tinyexec: [ '1.3.0' ],
20 silly audit   tinyglobby: [ '0.2.17' ],
20 silly audit   tinyrainbow: [ '3.1.1' ],
20 silly audit   'to-arraybuffer': [ '1.0.1' ],
20 silly audit   'to-regex-range': [ '5.0.1' ],
20 silly audit   toidentifier: [ '1.0.1' ],
20 silly audit   'trim-lines': [ '3.0.1' ],
20 silly audit   trough: [ '2.2.0' ],
20 silly audit   'ts-morph': [ '26.0.0' ],
20 silly audit   'tsconfig-paths': [ '4.2.0' ],
20 silly audit   'tw-animate-css': [ '1.4.0' ],
20 silly audit   'twitch-video-element': [ '0.1.6' ],
20 silly audit   'type-is': [ '2.1.0' ],
20 silly audit   typescript: [ '5.9.3' ],
20 silly audit   undici: [ '7.29.0' ],
20 silly audit   'undici-types': [ '6.21.0' ],
20 silly audit   unescape: [ '1.0.1' ],
20 silly audit   'unicorn-magic': [ '0.3.0' ],
20 silly audit   unified: [ '11.0.5' ],
20 silly audit   'unist-util-filter': [ '5.0.1' ],
20 silly audit   'unist-util-is': [ '6.0.1' ],
20 silly audit   'unist-util-position': [ '5.0.0' ],
20 silly audit   'unist-util-stringify-position': [ '4.0.0' ],
20 silly audit   'unist-util-visit-parents': [ '6.0.2' ],
20 silly audit   universalify: [ '2.0.1' ],
20 silly audit   unpipe: [ '1.0.0' ],
20 silly audit   'update-browserslist-db': [ '1.3.1' ],
20 silly audit   urllib: [ '2.44.1' ],
20 silly audit   'use-sync-external-store': [ '1.6.0' ],
20 silly audit   'util-deprecate': [ '1.0.2' ],
20 silly audit   utility: [ '1.18.0' ],
20 silly audit   'validate-npm-package-name': [ '7.0.2' ],
20 silly audit   vary: [ '1.1.2' ],
20 silly audit   vfile: [ '6.0.3' ],
20 silly audit   'vfile-location': [ '5.0.3' ],
20 silly audit   'vfile-message': [ '4.0.3' ],
20 silly audit   'vimeo-video-element': [ '1.7.3' ],
20 silly audit   vite: [ '8.2.2' ],
20 silly audit   vitest: [ '4.1.11' ],
20 silly audit   'weakmap-polyfill': [ '2.0.4' ],
20 silly audit   'web-namespaces': [ '2.0.1' ],
20 silly audit   'why-is-node-running': [ '2.3.0' ],
20 silly audit   'win-release': [ '1.1.1' ],
20 silly audit   'wistia-video-element': [ '1.4.0' ],
20 silly audit   wrappy: [ '1.0.2' ],
20 silly audit   'wsl-utils': [ '1.0.0' ],
20 silly audit   xml2js: [ '0.6.2' ],
20 silly audit   xmlbuilder: [ '11.0.1' ],
20 silly audit   xtend: [ '4.0.2' ],
20 silly audit   yallist: [ '3.1.1' ],
20 silly audit   'yocto-spinner': [ '1.2.2' ],
20 silly audit   yoctocolors: [ '2.2.0' ],
20 silly audit   'youtube-video-element': [ '1.9.0' ],
20 silly audit   'zod-to-json-schema': [ '3.25.2' ],
20 silly audit   zustand: [ '5.0.15' ],
20 silly audit   zwitch: [ '2.0.4' ],
20 silly audit   heic2any: [ '0.0.4' ]
20 silly audit }
21 http cache heic2any@https://registry.npmjs.org/heic2any/-/heic2any-0.0.4.tgz 0ms (cache hit)
22 silly tarball no local data for heic2any@https://registry.npmjs.org/heic2any/-/heic2any-0.0.4.tgz. Extracting by manifest.
23 http fetch POST 200 https://registry.npmjs.org/-/npm/v1/security/advisories/bulk 216ms
24 silly audit report {}
25 http fetch GET 200 https://registry.npmjs.org/heic2any/-/heic2any-0.0.4.tgz 444ms (cache miss)
26 verbose stack Error: UNKNOWN: unknown error, open 'D:\FullStackProjects\yltt2025\package.json'
26 verbose stack     at async open (node:internal/fs/promises:697:25)
26 verbose stack     at async writeFile (node:internal/fs/promises:1317:14)
26 verbose stack     at async PackageJson.save (E:\Nodejs\node_modules\npm\node_modules\@npmcli\package-json\lib\index.js:259:23)
26 verbose stack     at async [saveIdealTree] (E:\Nodejs\node_modules\npm\node_modules\@npmcli\arborist\lib\arborist\reify.js:1824:9)
26 verbose stack     at async Arborist.reify (E:\Nodejs\node_modules\npm\node_modules\@npmcli\arborist\lib\arborist\reify.js:139:5)
26 verbose stack     at async Install.exec (E:\Nodejs\node_modules\npm\lib\commands\install.js:158:5)
26 verbose stack     at async Npm.exec (E:\Nodejs\node_modules\npm\lib\npm.js:193:9)
26 verbose stack     at async module.exports (E:\Nodejs\node_modules\npm\lib\cli\entry.js:67:5)
27 error code UNKNOWN
28 error syscall open
29 error path D:\FullStackProjects\yltt2025\package.json
30 error errno -4094
31 error UNKNOWN: unknown error, open 'D:\FullStackProjects\yltt2025\package.json'
32 silly unfinished npm timer reify 1787497822259
33 silly unfinished npm timer reify:save 1787497823648
34 verbose cwd D:\FullStackProjects\yltt2025
35 verbose os Windows_NT 10.0.26200
36 verbose node v24.19.0
37 verbose npm  v11.17.0
38 verbose exit -4094
39 verbose code -4094
40 error A complete log of this run can be found in: D:\FullStackProjects\yltt2025\.npm-cache-local\_logs\2026-08-23T15_10_21_857Z-debug-0.log
