0 verbose cli E:\Nodejs\node.exe E:\Nodejs\node_modules\npm\bin\npm-cli.js
1 info using npm@11.17.0
2 info using node@v24.19.0
3 silly config load:file:E:\Nodejs\node_modules\npm\npmrc
4 silly config load:file:D:\FullStackProjects\yltt2025\.npmrc
5 silly config load:file:C:\Users\10991\.npmrc
6 silly config load:file:C:\Users\10991\AppData\Roaming\npm\etc\npmrc
7 verbose title npm install vitest
8 verbose argv "install" "--save-dev" "vitest" "--cache" "D:\\FullStackProjects\\yltt2025\\.npm-cache-local"
9 verbose logfile logs-max:10 dir:D:\FullStackProjects\yltt2025\.npm-cache-local\_logs\2026-08-23T15_01_45_994Z-
10 verbose logfile D:\FullStackProjects\yltt2025\.npm-cache-local\_logs\2026-08-23T15_01_45_994Z-debug-0.log
11 silly logfile done cleaning log files
12 silly packumentCache heap:4496293888 maxSize:1124073472 maxEntrySize:562036736
13 silly idealTree buildDeps
14 silly fetch manifest vitest@*
15 silly packumentCache full:https://registry.npmjs.org/vitest cache-miss
16 http fetch GET 200 https://registry.npmjs.org/vitest 578ms (cache miss)
17 silly packumentCache full:https://registry.npmjs.org/vitest set size:undefined disposed:false
18 silly fetch manifest @edge-runtime/vm@*
19 silly packumentCache full:https://registry.npmjs.org/@edge-runtime%2fvm cache-miss
20 http fetch GET 200 https://registry.npmjs.org/@edge-runtime%2fvm 151ms (cache miss)
21 silly packumentCache full:https://registry.npmjs.org/@edge-runtime%2fvm set size:undefined disposed:false
22 silly fetch manifest @opentelemetry/api@^1.9.0
23 silly packumentCache full:https://registry.npmjs.org/@opentelemetry%2fapi cache-miss
24 http fetch GET 200 https://registry.npmjs.org/@opentelemetry%2fapi 248ms (cache miss)
25 silly packumentCache full:https://registry.npmjs.org/@opentelemetry%2fapi set size:undefined disposed:false
26 silly fetch manifest @types/node@^20
27 silly packumentCache full:https://registry.npmjs.org/@types%2fnode cache-miss
28 http fetch GET 200 https://registry.npmjs.org/@types%2fnode 429ms (cache miss)
29 silly packumentCache full:https://registry.npmjs.org/@types%2fnode set size:undefined disposed:false
30 silly fetch manifest @vitest/browser-playwright@4.1.11
31 silly packumentCache full:https://registry.npmjs.org/@vitest%2fbrowser-playwright cache-miss
32 http fetch GET 200 https://registry.npmjs.org/@vitest%2fbrowser-playwright 232ms (cache miss)
33 silly packumentCache full:https://registry.npmjs.org/@vitest%2fbrowser-playwright set size:undefined disposed:false
34 silly fetch manifest playwright@*
35 silly packumentCache full:https://registry.npmjs.org/playwright cache-miss
36 http fetch GET 200 https://registry.npmjs.org/playwright 596ms (cache miss)
37 silly packumentCache full:https://registry.npmjs.org/playwright set size:undefined disposed:false
38 silly fetch manifest @vitest/browser-preview@4.1.11
39 silly packumentCache full:https://registry.npmjs.org/@vitest%2fbrowser-preview cache-miss
40 http fetch GET 200 https://registry.npmjs.org/@vitest%2fbrowser-preview 345ms (cache miss)
41 silly packumentCache full:https://registry.npmjs.org/@vitest%2fbrowser-preview set size:undefined disposed:false
42 silly fetch manifest @vitest/browser-webdriverio@4.1.11
43 silly packumentCache full:https://registry.npmjs.org/@vitest%2fbrowser-webdriverio cache-miss
44 http fetch GET 200 https://registry.npmjs.org/@vitest%2fbrowser-webdriverio 156ms (cache miss)
45 silly packumentCache full:https://registry.npmjs.org/@vitest%2fbrowser-webdriverio set size:undefined disposed:false
46 silly fetch manifest webdriverio@*
47 silly packumentCache full:https://registry.npmjs.org/webdriverio cache-miss
48 http fetch GET 200 https://registry.npmjs.org/webdriverio 274ms (cache miss)
49 silly packumentCache full:https://registry.npmjs.org/webdriverio set size:undefined disposed:false
50 silly fetch manifest puppeteer-core@>=22.x <=24.x
51 silly packumentCache full:https://registry.npmjs.org/puppeteer-core cache-miss
52 http fetch GET 200 https://registry.npmjs.org/puppeteer-core 240ms (cache miss)
53 silly packumentCache full:https://registry.npmjs.org/puppeteer-core set size:undefined disposed:false
54 silly fetch manifest @vitest/coverage-istanbul@4.1.11
55 silly packumentCache full:https://registry.npmjs.org/@vitest%2fcoverage-istanbul cache-miss
56 http fetch GET 200 https://registry.npmjs.org/@vitest%2fcoverage-istanbul 196ms (cache miss)
57 silly packumentCache full:https://registry.npmjs.org/@vitest%2fcoverage-istanbul set size:undefined disposed:false
58 silly fetch manifest @vitest/coverage-v8@4.1.11
59 silly packumentCache full:https://registry.npmjs.org/@vitest%2fcoverage-v8 cache-miss
60 http fetch GET 200 https://registry.npmjs.org/@vitest%2fcoverage-v8 325ms (cache miss)
61 silly packumentCache full:https://registry.npmjs.org/@vitest%2fcoverage-v8 set size:undefined disposed:false
62 silly fetch manifest @vitest/browser@4.1.11
63 silly packumentCache full:https://registry.npmjs.org/@vitest%2fbrowser cache-miss
64 http fetch GET 200 https://registry.npmjs.org/@vitest%2fbrowser 154ms (cache miss)
65 silly packumentCache full:https://registry.npmjs.org/@vitest%2fbrowser set size:undefined disposed:false
66 silly fetch manifest @vitest/ui@4.1.11
67 silly packumentCache full:https://registry.npmjs.org/@vitest%2fui cache-miss
68 http fetch GET 200 https://registry.npmjs.org/@vitest%2fui 229ms (cache miss)
69 silly packumentCache full:https://registry.npmjs.org/@vitest%2fui set size:undefined disposed:false
70 silly fetch manifest happy-dom@*
71 silly packumentCache full:https://registry.npmjs.org/happy-dom cache-miss
72 http fetch GET 200 https://registry.npmjs.org/happy-dom 195ms (cache miss)
73 silly packumentCache full:https://registry.npmjs.org/happy-dom set size:undefined disposed:false
74 silly fetch manifest jsdom@*
75 silly packumentCache full:https://registry.npmjs.org/jsdom cache-miss
76 http fetch GET 200 https://registry.npmjs.org/jsdom 160ms (cache miss)
77 silly packumentCache full:https://registry.npmjs.org/jsdom set size:undefined disposed:false
78 silly fetch manifest canvas@^3.2.3
79 silly packumentCache full:https://registry.npmjs.org/canvas cache-miss
80 http fetch GET 200 https://registry.npmjs.org/canvas 212ms (cache miss)
81 silly packumentCache full:https://registry.npmjs.org/canvas set size:undefined disposed:false
82 silly placeDep ROOT vitest@4.1.11 OK for: yltt2025@0.1.0 want: *
83 silly fetch manifest obug@^2.1.1
84 silly packumentCache full:https://registry.npmjs.org/obug cache-miss
85 silly fetch manifest vite@^6.0.0 || ^7.0.0 || ^8.0.0
86 silly packumentCache full:https://registry.npmjs.org/vite cache-miss
87 silly fetch manifest pathe@^2.0.3
88 silly packumentCache full:https://registry.npmjs.org/pathe cache-miss
89 silly fetch manifest std-env@^4.0.0-rc.1
90 silly packumentCache full:https://registry.npmjs.org/std-env cache-miss
91 silly fetch manifest tinyexec@^1.0.2
92 silly packumentCache full:https://registry.npmjs.org/tinyexec cache-miss
93 silly fetch manifest tinybench@^2.9.0
94 silly packumentCache full:https://registry.npmjs.org/tinybench cache-miss
95 silly fetch manifest tinyglobby@^0.2.15
96 silly packumentCache full:https://registry.npmjs.org/tinyglobby cache-miss
97 http fetch GET 200 https://registry.npmjs.org/obug 133ms (cache miss)
98 silly packumentCache full:https://registry.npmjs.org/obug set size:undefined disposed:false
99 silly fetch manifest @vitest/spy@4.1.11
100 silly packumentCache full:https://registry.npmjs.org/@vitest%2fspy cache-miss
101 http fetch GET 200 https://registry.npmjs.org/tinybench 380ms (cache miss)
102 silly packumentCache full:https://registry.npmjs.org/tinybench set size:undefined disposed:false
103 silly fetch manifest expect-type@^1.3.0
104 silly packumentCache full:https://registry.npmjs.org/expect-type cache-miss
105 http fetch GET 200 https://registry.npmjs.org/tinyglobby 387ms (cache miss)
106 silly packumentCache full:https://registry.npmjs.org/tinyglobby set size:undefined disposed:false
107 silly fetch manifest tinyrainbow@^3.1.0
108 silly packumentCache full:https://registry.npmjs.org/tinyrainbow cache-miss
109 http fetch GET 200 https://registry.npmjs.org/@vitest%2fspy 268ms (cache miss)
110 silly packumentCache full:https://registry.npmjs.org/@vitest%2fspy set size:undefined disposed:false
111 silly fetch manifest @vitest/utils@4.1.11
112 silly packumentCache full:https://registry.npmjs.org/@vitest%2futils cache-miss
113 http fetch GET 200 https://registry.npmjs.org/pathe 448ms (cache miss)
114 silly packumentCache full:https://registry.npmjs.org/pathe set size:undefined disposed:false
115 silly fetch manifest @vitest/expect@4.1.11
116 silly packumentCache full:https://registry.npmjs.org/@vitest%2fexpect cache-miss
117 http fetch GET 200 https://registry.npmjs.org/std-env 455ms (cache miss)
118 silly packumentCache full:https://registry.npmjs.org/std-env set size:undefined disposed:false
119 silly fetch manifest @vitest/mocker@4.1.11
120 silly packumentCache full:https://registry.npmjs.org/@vitest%2fmocker cache-miss
121 http fetch GET 200 https://registry.npmjs.org/tinyexec 464ms (cache miss)
122 silly packumentCache full:https://registry.npmjs.org/tinyexec set size:undefined disposed:false
123 silly fetch manifest @vitest/runner@4.1.11
124 silly packumentCache full:https://registry.npmjs.org/@vitest%2frunner cache-miss
125 http fetch GET 200 https://registry.npmjs.org/expect-type 128ms (cache miss)
126 silly packumentCache full:https://registry.npmjs.org/expect-type set size:undefined disposed:false
127 silly fetch manifest es-module-lexer@^2.0.0
128 silly packumentCache full:https://registry.npmjs.org/es-module-lexer cache-miss
129 http fetch GET 200 https://registry.npmjs.org/tinyrainbow 127ms (cache miss)
130 silly packumentCache full:https://registry.npmjs.org/tinyrainbow set size:undefined disposed:false
131 silly fetch manifest @vitest/snapshot@4.1.11
132 silly packumentCache full:https://registry.npmjs.org/@vitest%2fsnapshot cache-miss
133 http fetch GET 200 https://registry.npmjs.org/@vitest%2futils 154ms (cache miss)
134 silly packumentCache full:https://registry.npmjs.org/@vitest%2futils set size:undefined disposed:false
135 silly fetch manifest why-is-node-running@^2.3.0
136 silly packumentCache full:https://registry.npmjs.org/why-is-node-running cache-miss
137 http fetch GET 200 https://registry.npmjs.org/@vitest%2fexpect 241ms (cache miss)
138 silly packumentCache full:https://registry.npmjs.org/@vitest%2fexpect set size:undefined disposed:false
139 silly fetch manifest @vitest/pretty-format@4.1.11
140 silly packumentCache full:https://registry.npmjs.org/@vitest%2fpretty-format cache-miss
141 http fetch GET 200 https://registry.npmjs.org/@vitest%2fmocker 328ms (cache miss)
142 silly packumentCache full:https://registry.npmjs.org/@vitest%2fmocker set size:undefined disposed:false
143 http fetch GET 200 https://registry.npmjs.org/why-is-node-running 237ms (cache miss)
144 silly packumentCache full:https://registry.npmjs.org/why-is-node-running set size:undefined disposed:false
145 http fetch GET 200 https://registry.npmjs.org/@vitest%2fsnapshot 296ms (cache miss)
146 silly packumentCache full:https://registry.npmjs.org/@vitest%2fsnapshot set size:undefined disposed:false
147 http fetch GET 200 https://registry.npmjs.org/es-module-lexer 306ms (cache miss)
148 silly packumentCache full:https://registry.npmjs.org/es-module-lexer set size:undefined disposed:false
149 http fetch GET 200 https://registry.npmjs.org/@vitest%2frunner 368ms (cache miss)
150 silly packumentCache full:https://registry.npmjs.org/@vitest%2frunner set size:undefined disposed:false
151 http fetch GET 200 https://registry.npmjs.org/@vitest%2fpretty-format 146ms (cache miss)
152 silly packumentCache full:https://registry.npmjs.org/@vitest%2fpretty-format set size:undefined disposed:false
153 http fetch GET 200 https://registry.npmjs.org/vite 1762ms (cache miss)
154 silly packumentCache full:https://registry.npmjs.org/vite set size:undefined disposed:false
155 silly fetch manifest @types/node@^20.0.0 || ^22.0.0 || >=24.0.0
156 silly packumentCache full:https://registry.npmjs.org/@types%2fnode cache-miss
157 http cache https://registry.npmjs.org/@types%2fnode 42ms (cache hit)
158 silly packumentCache full:https://registry.npmjs.org/@types%2fnode set size:11088606 disposed:false
159 silly fetch manifest @vitejs/devtools@^0.4.0 || ^0.5.0
160 silly packumentCache full:https://registry.npmjs.org/@vitejs%2fdevtools cache-miss
161 http fetch GET 200 https://registry.npmjs.org/@vitejs%2fdevtools 241ms (cache miss)
162 silly packumentCache full:https://registry.npmjs.org/@vitejs%2fdevtools set size:undefined disposed:false
163 silly fetch manifest @vitejs/devtools-oxc@^0.5.2
164 silly packumentCache full:https://registry.npmjs.org/@vitejs%2fdevtools-oxc cache-miss
165 http fetch GET 200 https://registry.npmjs.org/@vitejs%2fdevtools-oxc 136ms (cache miss)
166 silly packumentCache full:https://registry.npmjs.org/@vitejs%2fdevtools-oxc set size:undefined disposed:false
167 silly fetch manifest @vitejs/devtools-rolldown@^0.5.2
168 silly packumentCache full:https://registry.npmjs.org/@vitejs%2fdevtools-rolldown cache-miss
169 http fetch GET 200 https://registry.npmjs.org/@vitejs%2fdevtools-rolldown 129ms (cache miss)
170 silly packumentCache full:https://registry.npmjs.org/@vitejs%2fdevtools-rolldown set size:undefined disposed:false
171 silly fetch manifest @vitejs/devtools-vite@^0.5.2
172 silly packumentCache full:https://registry.npmjs.org/@vitejs%2fdevtools-vite cache-miss
173 http fetch GET 200 https://registry.npmjs.org/@vitejs%2fdevtools-vite 128ms (cache miss)
174 silly packumentCache full:https://registry.npmjs.org/@vitejs%2fdevtools-vite set size:undefined disposed:false
175 silly fetch manifest @vitejs/devtools-vitest@^0.5.2
176 silly packumentCache full:https://registry.npmjs.org/@vitejs%2fdevtools-vitest cache-miss
177 http fetch GET 200 https://registry.npmjs.org/@vitejs%2fdevtools-vitest 123ms (cache miss)
178 silly packumentCache full:https://registry.npmjs.org/@vitejs%2fdevtools-vitest set size:undefined disposed:false
179 silly fetch manifest esbuild@^0.27.0 || ^0.28.0
180 silly packumentCache full:https://registry.npmjs.org/esbuild cache-miss
181 http fetch GET 200 https://registry.npmjs.org/esbuild 169ms (cache miss)
182 silly packumentCache full:https://registry.npmjs.org/esbuild set size:undefined disposed:false
183 silly fetch manifest jiti@>=1.21.0
184 silly packumentCache full:https://registry.npmjs.org/jiti cache-miss
185 http fetch GET 200 https://registry.npmjs.org/jiti 336ms (cache miss)
186 silly packumentCache full:https://registry.npmjs.org/jiti set size:undefined disposed:false
187 silly fetch manifest less@^4.0.0
188 silly packumentCache full:https://registry.npmjs.org/less cache-miss
189 http fetch GET 200 https://registry.npmjs.org/less 243ms (cache miss)
190 silly packumentCache full:https://registry.npmjs.org/less set size:undefined disposed:false
191 silly fetch manifest sass@^1.70.0
192 silly packumentCache full:https://registry.npmjs.org/sass cache-miss
193 http fetch GET 200 https://registry.npmjs.org/sass 179ms (cache miss)
194 silly packumentCache full:https://registry.npmjs.org/sass set size:undefined disposed:false
195 silly fetch manifest sass-embedded@^1.70.0
196 silly packumentCache full:https://registry.npmjs.org/sass-embedded cache-miss
197 http fetch GET 200 https://registry.npmjs.org/sass-embedded 224ms (cache miss)
198 silly packumentCache full:https://registry.npmjs.org/sass-embedded set size:undefined disposed:false
199 silly fetch manifest stylus@>=0.54.8
200 silly packumentCache full:https://registry.npmjs.org/stylus cache-miss
201 http fetch GET 200 https://registry.npmjs.org/stylus 320ms (cache miss)
202 silly packumentCache full:https://registry.npmjs.org/stylus set size:undefined disposed:false
203 silly fetch manifest sugarss@^5.0.0
204 silly packumentCache full:https://registry.npmjs.org/sugarss cache-miss
205 http fetch GET 200 https://registry.npmjs.org/sugarss 117ms (cache miss)
206 silly packumentCache full:https://registry.npmjs.org/sugarss set size:undefined disposed:false
207 silly fetch manifest postcss@^8.3.3
208 silly packumentCache full:https://registry.npmjs.org/postcss cache-miss
209 http fetch GET 200 https://registry.npmjs.org/postcss 144ms (cache miss)
210 silly packumentCache full:https://registry.npmjs.org/postcss set size:undefined disposed:false
211 silly fetch manifest terser@^5.16.0
212 silly packumentCache full:https://registry.npmjs.org/terser cache-miss
213 http fetch GET 200 https://registry.npmjs.org/terser 187ms (cache miss)
214 silly packumentCache full:https://registry.npmjs.org/terser set size:undefined disposed:false
215 silly fetch manifest tsx@^4.8.1
216 silly packumentCache full:https://registry.npmjs.org/tsx cache-miss
217 http fetch GET 200 https://registry.npmjs.org/tsx 136ms (cache miss)
218 silly packumentCache full:https://registry.npmjs.org/tsx set size:undefined disposed:false
219 silly fetch manifest yaml@^2.4.2
220 silly packumentCache full:https://registry.npmjs.org/yaml cache-miss
221 http fetch GET 200 https://registry.npmjs.org/yaml 221ms (cache miss)
222 silly packumentCache full:https://registry.npmjs.org/yaml set size:undefined disposed:false
223 silly fetch manifest msw@^2.4.9
224 silly packumentCache full:https://registry.npmjs.org/msw cache-miss
225 http fetch GET 200 https://registry.npmjs.org/msw 252ms (cache miss)
226 silly packumentCache full:https://registry.npmjs.org/msw set size:undefined disposed:false
227 silly fetch manifest typescript@>= 4.8.x
228 silly packumentCache full:https://registry.npmjs.org/typescript cache-miss
229 http fetch GET 200 https://registry.npmjs.org/typescript 371ms (cache miss)
230 silly packumentCache full:https://registry.npmjs.org/typescript set size:undefined disposed:false
231 silly placeDep ROOT @vitest/expect@4.1.11 OK for: vitest@4.1.11 want: 4.1.11
232 silly placeDep ROOT @vitest/mocker@4.1.11 OK for: vitest@4.1.11 want: 4.1.11
233 silly placeDep ROOT @vitest/pretty-format@4.1.11 OK for: vitest@4.1.11 want: 4.1.11
234 silly placeDep ROOT @vitest/runner@4.1.11 OK for: vitest@4.1.11 want: 4.1.11
235 silly placeDep ROOT @vitest/snapshot@4.1.11 OK for: vitest@4.1.11 want: 4.1.11
236 silly placeDep ROOT @vitest/spy@4.1.11 OK for: vitest@4.1.11 want: 4.1.11
237 silly placeDep ROOT @vitest/utils@4.1.11 OK for: vitest@4.1.11 want: 4.1.11
238 silly placeDep ROOT es-module-lexer@2.3.2 OK for: vitest@4.1.11 want: ^2.0.0
239 silly placeDep ROOT expect-type@1.4.0 OK for: vitest@4.1.11 want: ^1.3.0
240 silly placeDep ROOT obug@2.1.4 OK for: vitest@4.1.11 want: ^2.1.1
241 silly placeDep ROOT pathe@2.0.3 OK for: vitest@4.1.11 want: ^2.0.3
242 silly placeDep ROOT std-env@4.2.0 OK for: vitest@4.1.11 want: ^4.0.0-rc.1
243 silly placeDep ROOT tinybench@2.9.0 OK for: vitest@4.1.11 want: ^2.9.0
244 silly placeDep ROOT tinyexec@1.3.0 OK for: vitest@4.1.11 want: ^1.0.2
245 silly placeDep ROOT tinyglobby@0.2.17 OK for: vitest@4.1.11 want: ^0.2.15
246 silly placeDep ROOT tinyrainbow@3.1.1 OK for: vitest@4.1.11 want: ^3.1.0
247 silly placeDep ROOT vite@8.2.2 OK for: vitest@4.1.11 want: ^6.0.0 || ^7.0.0 || ^8.0.0
248 silly placeDep ROOT why-is-node-running@2.3.0 OK for: vitest@4.1.11 want: ^2.3.0
249 silly fetch manifest chai@^6.2.2
250 silly packumentCache full:https://registry.npmjs.org/chai cache-miss
251 silly fetch manifest @types/chai@^5.2.2
252 silly packumentCache full:https://registry.npmjs.org/@types%2fchai cache-miss
253 silly fetch manifest @standard-schema/spec@^1.1.0
254 silly packumentCache full:https://registry.npmjs.org/@standard-schema%2fspec cache-miss
255 silly fetch manifest estree-walker@^3.0.3
256 silly packumentCache full:https://registry.npmjs.org/estree-walker cache-miss
257 silly fetch manifest rolldown@~1.2.4
258 silly packumentCache full:https://registry.npmjs.org/rolldown cache-miss
259 silly fetch manifest lightningcss@^1.33.0
260 silly packumentCache full:https://registry.npmjs.org/lightningcss cache-miss
261 silly fetch manifest fsevents@~2.3.3
262 silly packumentCache full:https://registry.npmjs.org/fsevents cache-miss
263 http fetch GET 200 https://registry.npmjs.org/lightningcss 137ms (cache miss)
264 silly packumentCache full:https://registry.npmjs.org/lightningcss set size:undefined disposed:false
265 silly fetch manifest siginfo@^2.0.0
266 silly packumentCache full:https://registry.npmjs.org/siginfo cache-miss
267 http fetch GET 200 https://registry.npmjs.org/estree-walker 149ms (cache miss)
268 silly packumentCache full:https://registry.npmjs.org/estree-walker set size:undefined disposed:false
269 silly fetch manifest stackback@0.0.2
270 silly packumentCache full:https://registry.npmjs.org/stackback cache-miss
271 http fetch GET 200 https://registry.npmjs.org/chai 157ms (cache miss)
272 silly packumentCache full:https://registry.npmjs.org/chai set size:undefined disposed:false
273 http fetch GET 200 https://registry.npmjs.org/fsevents 277ms (cache miss)
274 silly packumentCache full:https://registry.npmjs.org/fsevents set size:undefined disposed:false
275 http fetch GET 200 https://registry.npmjs.org/@types%2fchai 381ms (cache miss)
276 silly packumentCache full:https://registry.npmjs.org/@types%2fchai set size:undefined disposed:false
277 http fetch GET 200 https://registry.npmjs.org/@standard-schema%2fspec 396ms (cache miss)
278 silly packumentCache full:https://registry.npmjs.org/@standard-schema%2fspec set size:undefined disposed:false
279 http fetch GET 200 https://registry.npmjs.org/siginfo 256ms (cache miss)
280 silly packumentCache full:https://registry.npmjs.org/siginfo set size:undefined disposed:false
281 http fetch GET 200 https://registry.npmjs.org/stackback 249ms (cache miss)
282 silly packumentCache full:https://registry.npmjs.org/stackback set size:undefined disposed:false
283 http fetch GET 200 https://registry.npmjs.org/rolldown 608ms (cache miss)
284 silly packumentCache full:https://registry.npmjs.org/rolldown set size:undefined disposed:false
285 silly placeDep ROOT @standard-schema/spec@1.1.0 OK for: @vitest/expect@4.1.11 want: ^1.1.0
286 silly placeDep ROOT @types/chai@5.2.3 OK for: @vitest/expect@4.1.11 want: ^5.2.2
287 silly placeDep ROOT chai@6.2.2 OK for: @vitest/expect@4.1.11 want: ^6.2.2
288 silly fetch manifest @types/deep-eql@*
289 silly packumentCache full:https://registry.npmjs.org/@types%2fdeep-eql cache-miss
290 silly fetch manifest assertion-error@^2.0.1
291 silly packumentCache full:https://registry.npmjs.org/assertion-error cache-miss
292 http fetch GET 200 https://registry.npmjs.org/assertion-error 129ms (cache miss)
293 silly packumentCache full:https://registry.npmjs.org/assertion-error set size:undefined disposed:false
294 http fetch GET 200 https://registry.npmjs.org/@types%2fdeep-eql 136ms (cache miss)
295 silly packumentCache full:https://registry.npmjs.org/@types%2fdeep-eql set size:undefined disposed:false
296 silly placeDep ROOT @types/deep-eql@4.0.2 OK for: @types/chai@5.2.3 want: *
297 silly placeDep ROOT assertion-error@2.0.1 OK for: @types/chai@5.2.3 want: ^2.0.1
298 silly placeDep ROOT estree-walker@3.0.3 OK for: @vitest/mocker@4.1.11 want: ^3.0.3
299 silly placeDep ROOT fsevents@2.3.3 OK for: vite@8.2.2 want: ~2.3.3
300 silly placeDep node_modules/vite lightningcss@1.33.0 OK for: vite@8.2.2 want: ^1.33.0
301 silly placeDep ROOT rolldown@1.2.5 OK for: vite@8.2.2 want: ~1.2.4
302 silly fetch manifest lightningcss-darwin-x64@1.33.0
303 silly packumentCache full:https://registry.npmjs.org/lightningcss-darwin-x64 cache-miss
304 silly fetch manifest lightningcss-linux-x64-gnu@1.33.0
305 silly packumentCache full:https://registry.npmjs.org/lightningcss-linux-x64-gnu cache-miss
306 silly fetch manifest lightningcss-win32-x64-msvc@1.33.0
307 silly packumentCache full:https://registry.npmjs.org/lightningcss-win32-x64-msvc cache-miss
308 silly fetch manifest lightningcss-win32-arm64-msvc@1.33.0
309 silly packumentCache full:https://registry.npmjs.org/lightningcss-win32-arm64-msvc cache-miss
310 silly fetch manifest lightningcss-darwin-arm64@1.33.0
311 silly packumentCache full:https://registry.npmjs.org/lightningcss-darwin-arm64 cache-miss
312 silly fetch manifest lightningcss-linux-arm64-gnu@1.33.0
313 silly packumentCache full:https://registry.npmjs.org/lightningcss-linux-arm64-gnu cache-miss
314 silly fetch manifest lightningcss-linux-arm-gnueabihf@1.33.0
315 silly packumentCache full:https://registry.npmjs.org/lightningcss-linux-arm-gnueabihf cache-miss
316 http fetch GET 200 https://registry.npmjs.org/lightningcss-win32-arm64-msvc 143ms (cache miss)
317 silly packumentCache full:https://registry.npmjs.org/lightningcss-win32-arm64-msvc set size:undefined disposed:false
318 silly fetch manifest lightningcss-linux-arm64-musl@1.33.0
319 silly packumentCache full:https://registry.npmjs.org/lightningcss-linux-arm64-musl cache-miss
320 http fetch GET 200 https://registry.npmjs.org/lightningcss-linux-x64-gnu 151ms (cache miss)
321 silly packumentCache full:https://registry.npmjs.org/lightningcss-linux-x64-gnu set size:undefined disposed:false
322 silly fetch manifest lightningcss-linux-x64-musl@1.33.0
323 silly packumentCache full:https://registry.npmjs.org/lightningcss-linux-x64-musl cache-miss
324 http fetch GET 200 https://registry.npmjs.org/lightningcss-darwin-arm64 154ms (cache miss)
325 silly packumentCache full:https://registry.npmjs.org/lightningcss-darwin-arm64 set size:undefined disposed:false
326 silly fetch manifest lightningcss-freebsd-x64@1.33.0
327 silly packumentCache full:https://registry.npmjs.org/lightningcss-freebsd-x64 cache-miss
328 http fetch GET 200 https://registry.npmjs.org/lightningcss-win32-x64-msvc 158ms (cache miss)
329 silly packumentCache full:https://registry.npmjs.org/lightningcss-win32-x64-msvc set size:undefined disposed:false
330 silly fetch manifest lightningcss-android-arm64@1.33.0
331 silly packumentCache full:https://registry.npmjs.org/lightningcss-android-arm64 cache-miss
332 http fetch GET 200 https://registry.npmjs.org/lightningcss-darwin-x64 166ms (cache miss)
333 silly packumentCache full:https://registry.npmjs.org/lightningcss-darwin-x64 set size:undefined disposed:false
334 silly fetch manifest @oxc-project/types@=0.146.0
335 silly packumentCache full:https://registry.npmjs.org/@oxc-project%2ftypes cache-miss
336 http fetch GET 200 https://registry.npmjs.org/lightningcss-linux-arm-gnueabihf 169ms (cache miss)
337 silly packumentCache full:https://registry.npmjs.org/lightningcss-linux-arm-gnueabihf set size:undefined disposed:false
338 silly fetch manifest @rolldown/pluginutils@^1.0.0
339 silly packumentCache full:https://registry.npmjs.org/@rolldown%2fpluginutils cache-miss
340 http fetch GET 200 https://registry.npmjs.org/lightningcss-linux-arm64-gnu 181ms (cache miss)
341 silly packumentCache full:https://registry.npmjs.org/lightningcss-linux-arm64-gnu set size:undefined disposed:false
342 silly fetch manifest @rolldown/binding-darwin-x64@1.2.5
343 silly packumentCache full:https://registry.npmjs.org/@rolldown%2fbinding-darwin-x64 cache-miss
344 http fetch GET 200 https://registry.npmjs.org/lightningcss-linux-arm64-musl 127ms (cache miss)
345 silly packumentCache full:https://registry.npmjs.org/lightningcss-linux-arm64-musl set size:undefined disposed:false
346 silly fetch manifest @rolldown/binding-freebsd-x64@1.2.5
347 silly packumentCache full:https://registry.npmjs.org/@rolldown%2fbinding-freebsd-x64 cache-miss
348 http fetch GET 200 https://registry.npmjs.org/lightningcss-linux-x64-musl 127ms (cache miss)
349 silly packumentCache full:https://registry.npmjs.org/lightningcss-linux-x64-musl set size:undefined disposed:false
350 silly fetch manifest @rolldown/binding-darwin-arm64@1.2.5
351 silly packumentCache full:https://registry.npmjs.org/@rolldown%2fbinding-darwin-arm64 cache-miss
352 http fetch GET 200 https://registry.npmjs.org/lightningcss-android-arm64 154ms (cache miss)
353 silly packumentCache full:https://registry.npmjs.org/lightningcss-android-arm64 set size:undefined disposed:false
354 silly fetch manifest @rolldown/binding-android-arm64@1.2.5
355 silly packumentCache full:https://registry.npmjs.org/@rolldown%2fbinding-android-arm64 cache-miss
356 http fetch GET 200 https://registry.npmjs.org/lightningcss-freebsd-x64 162ms (cache miss)
357 silly packumentCache full:https://registry.npmjs.org/lightningcss-freebsd-x64 set size:undefined disposed:false
358 silly fetch manifest @rolldown/binding-linux-x64-gnu@1.2.5
359 silly packumentCache full:https://registry.npmjs.org/@rolldown%2fbinding-linux-x64-gnu cache-miss
360 http fetch GET 200 https://registry.npmjs.org/@oxc-project%2ftypes 154ms (cache miss)
361 silly packumentCache full:https://registry.npmjs.org/@oxc-project%2ftypes set size:undefined disposed:false
362 silly fetch manifest @rolldown/binding-linux-x64-musl@1.2.5
363 silly packumentCache full:https://registry.npmjs.org/@rolldown%2fbinding-linux-x64-musl cache-miss
364 http fetch GET 200 https://registry.npmjs.org/@rolldown%2fpluginutils 187ms (cache miss)
365 silly packumentCache full:https://registry.npmjs.org/@rolldown%2fpluginutils set size:undefined disposed:false
366 silly fetch manifest @rolldown/binding-win32-x64-msvc@1.2.5
367 silly packumentCache full:https://registry.npmjs.org/@rolldown%2fbinding-win32-x64-msvc cache-miss
368 http fetch GET 200 https://registry.npmjs.org/@rolldown%2fbinding-darwin-x64 192ms (cache miss)
369 silly packumentCache full:https://registry.npmjs.org/@rolldown%2fbinding-darwin-x64 set size:undefined disposed:false
370 silly fetch manifest @rolldown/binding-linux-arm64-gnu@1.2.5
371 silly packumentCache full:https://registry.npmjs.org/@rolldown%2fbinding-linux-arm64-gnu cache-miss
372 http fetch GET 200 https://registry.npmjs.org/@rolldown%2fbinding-freebsd-x64 158ms (cache miss)
373 silly packumentCache full:https://registry.npmjs.org/@rolldown%2fbinding-freebsd-x64 set size:undefined disposed:false
374 silly fetch manifest @rolldown/binding-linux-ppc64-gnu@1.2.5
375 silly packumentCache full:https://registry.npmjs.org/@rolldown%2fbinding-linux-ppc64-gnu cache-miss
376 http fetch GET 200 https://registry.npmjs.org/@rolldown%2fbinding-android-arm64 141ms (cache miss)
377 silly packumentCache full:https://registry.npmjs.org/@rolldown%2fbinding-android-arm64 set size:undefined disposed:false
378 silly fetch manifest @rolldown/binding-linux-s390x-gnu@1.2.5
379 silly packumentCache full:https://registry.npmjs.org/@rolldown%2fbinding-linux-s390x-gnu cache-miss
380 http fetch GET 200 https://registry.npmjs.org/@rolldown%2fbinding-darwin-arm64 207ms (cache miss)
381 silly packumentCache full:https://registry.npmjs.org/@rolldown%2fbinding-darwin-arm64 set size:undefined disposed:false
382 silly fetch manifest @rolldown/binding-android-arm-eabi@1.2.5
383 silly packumentCache full:https://registry.npmjs.org/@rolldown%2fbinding-android-arm-eabi cache-miss
384 http fetch GET 200 https://registry.npmjs.org/@rolldown%2fbinding-linux-x64-musl 192ms (cache miss)
385 silly packumentCache full:https://registry.npmjs.org/@rolldown%2fbinding-linux-x64-musl set size:undefined disposed:false
386 silly fetch manifest @rolldown/binding-linux-arm64-musl@1.2.5
387 silly packumentCache full:https://registry.npmjs.org/@rolldown%2fbinding-linux-arm64-musl cache-miss
388 http fetch GET 200 https://registry.npmjs.org/@rolldown%2fbinding-win32-x64-msvc 209ms (cache miss)
389 silly packumentCache full:https://registry.npmjs.org/@rolldown%2fbinding-win32-x64-msvc set size:undefined disposed:false
390 silly fetch manifest @rolldown/binding-win32-arm64-msvc@1.2.5
391 silly packumentCache full:https://registry.npmjs.org/@rolldown%2fbinding-win32-arm64-msvc cache-miss
392 http fetch GET 200 https://registry.npmjs.org/@rolldown%2fbinding-linux-ppc64-gnu 159ms (cache miss)
393 silly packumentCache full:https://registry.npmjs.org/@rolldown%2fbinding-linux-ppc64-gnu set size:undefined disposed:false
394 silly fetch manifest @rolldown/binding-openharmony-arm64@1.2.5
395 silly packumentCache full:https://registry.npmjs.org/@rolldown%2fbinding-openharmony-arm64 cache-miss
396 http fetch GET 200 https://registry.npmjs.org/@rolldown%2fbinding-linux-s390x-gnu 149ms (cache miss)
397 silly packumentCache full:https://registry.npmjs.org/@rolldown%2fbinding-linux-s390x-gnu set size:undefined disposed:false
398 silly fetch manifest @rolldown/binding-linux-arm-gnueabihf@1.2.5
399 silly packumentCache full:https://registry.npmjs.org/@rolldown%2fbinding-linux-arm-gnueabihf cache-miss
400 http fetch GET 200 https://registry.npmjs.org/@rolldown%2fbinding-android-arm-eabi 156ms (cache miss)
401 silly packumentCache full:https://registry.npmjs.org/@rolldown%2fbinding-android-arm-eabi set size:undefined disposed:false
402 http fetch GET 200 https://registry.npmjs.org/@rolldown%2fbinding-linux-arm64-gnu 271ms (cache miss)
403 silly packumentCache full:https://registry.npmjs.org/@rolldown%2fbinding-linux-arm64-gnu set size:undefined disposed:false
404 http fetch GET 200 https://registry.npmjs.org/@rolldown%2fbinding-linux-x64-gnu 365ms (cache miss)
405 silly packumentCache full:https://registry.npmjs.org/@rolldown%2fbinding-linux-x64-gnu set size:undefined disposed:false
406 http fetch GET 200 https://registry.npmjs.org/@rolldown%2fbinding-linux-arm64-musl 191ms (cache miss)
407 silly packumentCache full:https://registry.npmjs.org/@rolldown%2fbinding-linux-arm64-musl set size:undefined disposed:false
408 http fetch GET 200 https://registry.npmjs.org/@rolldown%2fbinding-openharmony-arm64 178ms (cache miss)
409 silly packumentCache full:https://registry.npmjs.org/@rolldown%2fbinding-openharmony-arm64 set size:undefined disposed:false
410 http fetch GET 200 https://registry.npmjs.org/@rolldown%2fbinding-win32-arm64-msvc 223ms (cache miss)
411 silly packumentCache full:https://registry.npmjs.org/@rolldown%2fbinding-win32-arm64-msvc set size:undefined disposed:false
412 http fetch GET 200 https://registry.npmjs.org/@rolldown%2fbinding-linux-arm-gnueabihf 210ms (cache miss)
413 silly packumentCache full:https://registry.npmjs.org/@rolldown%2fbinding-linux-arm-gnueabihf set size:undefined disposed:false
414 silly placeDep ROOT @oxc-project/types@0.146.0 OK for: rolldown@1.2.5 want: =0.146.0
415 silly placeDep ROOT @rolldown/binding-android-arm-eabi@1.2.5 OK for: rolldown@1.2.5 want: 1.2.5
416 silly placeDep ROOT @rolldown/binding-android-arm64@1.2.5 OK for: rolldown@1.2.5 want: 1.2.5
417 silly placeDep ROOT @rolldown/binding-darwin-arm64@1.2.5 OK for: rolldown@1.2.5 want: 1.2.5
418 silly placeDep ROOT @rolldown/binding-darwin-x64@1.2.5 OK for: rolldown@1.2.5 want: 1.2.5
419 silly placeDep ROOT @rolldown/binding-freebsd-x64@1.2.5 OK for: rolldown@1.2.5 want: 1.2.5
420 silly placeDep ROOT @rolldown/binding-linux-arm-gnueabihf@1.2.5 OK for: rolldown@1.2.5 want: 1.2.5
421 silly placeDep ROOT @rolldown/binding-linux-arm64-gnu@1.2.5 OK for: rolldown@1.2.5 want: 1.2.5
422 silly placeDep ROOT @rolldown/binding-linux-arm64-musl@1.2.5 OK for: rolldown@1.2.5 want: 1.2.5
423 silly placeDep ROOT @rolldown/binding-linux-ppc64-gnu@1.2.5 OK for: rolldown@1.2.5 want: 1.2.5
424 silly placeDep ROOT @rolldown/binding-linux-s390x-gnu@1.2.5 OK for: rolldown@1.2.5 want: 1.2.5
425 silly placeDep ROOT @rolldown/binding-linux-x64-gnu@1.2.5 OK for: rolldown@1.2.5 want: 1.2.5
426 silly placeDep ROOT @rolldown/binding-linux-x64-musl@1.2.5 OK for: rolldown@1.2.5 want: 1.2.5
427 silly placeDep ROOT @rolldown/binding-openharmony-arm64@1.2.5 OK for: rolldown@1.2.5 want: 1.2.5
428 silly placeDep ROOT @rolldown/binding-win32-arm64-msvc@1.2.5 OK for: rolldown@1.2.5 want: 1.2.5
429 silly placeDep ROOT @rolldown/binding-win32-x64-msvc@1.2.5 OK for: rolldown@1.2.5 want: 1.2.5
430 silly placeDep ROOT @rolldown/pluginutils@1.0.1 OK for: rolldown@1.2.5 want: ^1.0.0
431 silly placeDep ROOT siginfo@2.0.0 OK for: why-is-node-running@2.3.0 want: ^2.0.0
432 silly placeDep ROOT stackback@0.0.2 OK for: why-is-node-running@2.3.0 want: 0.0.2
433 silly placeDep node_modules/vite lightningcss-android-arm64@1.33.0 OK for: lightningcss@1.33.0 want: 1.33.0
434 silly placeDep node_modules/vite lightningcss-darwin-arm64@1.33.0 OK for: lightningcss@1.33.0 want: 1.33.0
435 silly placeDep node_modules/vite lightningcss-darwin-x64@1.33.0 OK for: lightningcss@1.33.0 want: 1.33.0
436 silly placeDep node_modules/vite lightningcss-freebsd-x64@1.33.0 OK for: lightningcss@1.33.0 want: 1.33.0
437 silly placeDep node_modules/vite lightningcss-linux-arm-gnueabihf@1.33.0 OK for: lightningcss@1.33.0 want: 1.33.0
438 silly placeDep node_modules/vite lightningcss-linux-arm64-gnu@1.33.0 OK for: lightningcss@1.33.0 want: 1.33.0
439 silly placeDep node_modules/vite lightningcss-linux-arm64-musl@1.33.0 OK for: lightningcss@1.33.0 want: 1.33.0
440 silly placeDep node_modules/vite lightningcss-linux-x64-gnu@1.33.0 OK for: lightningcss@1.33.0 want: 1.33.0
441 silly placeDep node_modules/vite lightningcss-linux-x64-musl@1.33.0 OK for: lightningcss@1.33.0 want: 1.33.0
442 silly placeDep node_modules/vite lightningcss-win32-arm64-msvc@1.33.0 OK for: lightningcss@1.33.0 want: 1.33.0
443 silly placeDep node_modules/vite lightningcss-win32-x64-msvc@1.33.0 OK for: lightningcss@1.33.0 want: 1.33.0
444 silly reify moves {}
445 silly audit bulk request {
445 silly audit   '@alloc/quick-lru': [ '5.2.0' ],
445 silly audit   '@babel/code-frame': [ '7.29.7' ],
445 silly audit   '@babel/compat-data': [ '7.29.7' ],
445 silly audit   '@babel/core': [ '7.29.7' ],
445 silly audit   semver: [ '6.3.1', '7.8.5', '5.7.2' ],
445 silly audit   '@babel/generator': [ '7.29.8' ],
445 silly audit   '@babel/helper-annotate-as-pure': [ '7.29.7' ],
445 silly audit   '@babel/helper-compilation-targets': [ '7.29.7' ],
445 silly audit   '@babel/helper-create-class-features-plugin': [ '7.29.7' ],
445 silly audit   '@babel/helper-globals': [ '7.29.7' ],
445 silly audit   '@babel/helper-member-expression-to-functions': [ '7.29.7' ],
445 silly audit   '@babel/helper-module-imports': [ '7.29.7' ],
445 silly audit   '@babel/helper-module-transforms': [ '7.29.7' ],
445 silly audit   '@babel/helper-optimise-call-expression': [ '7.29.7' ],
445 silly audit   '@babel/helper-plugin-utils': [ '7.29.7' ],
445 silly audit   '@babel/helper-replace-supers': [ '7.29.7' ],
445 silly audit   '@babel/helper-skip-transparent-expression-wrappers': [ '7.29.7' ],
445 silly audit   '@babel/helper-string-parser': [ '7.29.7' ],
445 silly audit   '@babel/helper-validator-identifier': [ '7.29.7' ],
445 silly audit   '@babel/helper-validator-option': [ '7.29.7' ],
445 silly audit   '@babel/helpers': [ '7.29.7' ],
445 silly audit   '@babel/parser': [ '7.29.8' ],
445 silly audit   '@babel/plugin-syntax-jsx': [ '7.29.7' ],
445 silly audit   '@babel/plugin-syntax-typescript': [ '7.29.7' ],
445 silly audit   '@babel/plugin-transform-modules-commonjs': [ '7.29.7' ],
445 silly audit   '@babel/plugin-transform-typescript': [ '7.29.7' ],
445 silly audit   '@babel/preset-typescript': [ '7.29.7' ],
445 silly audit   '@babel/runtime': [ '7.29.7' ],
445 silly audit   '@babel/template': [ '7.29.7' ],
445 silly audit   '@babel/traverse': [ '7.29.8' ],
445 silly audit   '@babel/types': [ '7.29.8' ],
445 silly audit   '@base-ui/react': [ '1.7.0' ],
445 silly audit   '@base-ui/utils': [ '0.3.2' ],
445 silly audit   '@dotenvx/dotenvx': [ '1.75.1' ],
445 silly audit   commander: [ '11.1.0', '14.0.3' ],
445 silly audit   'define-lazy-prop': [ '2.0.0', '3.0.0' ],
445 silly audit   execa: [ '5.1.1', '9.6.1' ],
445 silly audit   'get-stream': [ '6.0.1', '9.0.1' ],
445 silly audit   'human-signals': [ '2.1.0', '8.0.1' ],
445 silly audit   'is-docker': [ '2.2.1', '3.0.0' ],
445 silly audit   'is-stream': [ '2.0.1', '4.0.1' ],
445 silly audit   'is-wsl': [ '2.2.0', '3.1.1' ],
445 silly audit   'npm-run-path': [ '4.0.1', '6.0.0' ],
445 silly audit   open: [ '8.4.2', '11.0.1' ],
445 silly audit   'signal-exit': [ '3.0.7', '4.1.0' ],
445 silly audit   'strip-final-newline': [ '2.0.0', '4.0.0' ],
445 silly audit   '@dotenvx/primitives': [ '0.8.0' ],
445 silly audit   '@emnapi/runtime': [ '1.11.3', '1.11.1' ],
445 silly audit   '@ffmpeg/ffmpeg': [ '0.12.15' ],
445 silly audit   '@ffmpeg/types': [ '0.12.4' ],
445 silly audit   '@ffmpeg/util': [ '0.12.2' ],
445 silly audit   '@floating-ui/core': [ '1.8.0' ],
445 silly audit   '@floating-ui/dom': [ '1.8.0' ],
445 silly audit   '@floating-ui/react-dom': [ '2.1.9' ],
445 silly audit   '@floating-ui/utils': [ '0.2.12' ],
445 silly audit   '@gsap/react': [ '2.1.2' ],
445 silly audit   '@hono/node-server': [ '2.1.1' ],
445 silly audit   '@img/colour': [ '1.1.0' ],
445 silly audit   '@img/sharp-darwin-arm64': [ '0.35.3' ],
445 silly audit   '@img/sharp-darwin-x64': [ '0.35.3' ],
445 silly audit   '@img/sharp-freebsd-wasm32': [ '0.35.3' ],
445 silly audit   '@img/sharp-libvips-darwin-arm64': [ '1.3.2' ],
445 silly audit   '@img/sharp-libvips-darwin-x64': [ '1.3.2' ],
445 silly audit   '@img/sharp-libvips-linux-arm': [ '1.3.2' ],
445 silly audit   '@img/sharp-libvips-linux-arm64': [ '1.3.2' ],
445 silly audit   '@img/sharp-libvips-linux-ppc64': [ '1.3.2' ],
445 silly audit   '@img/sharp-libvips-linux-riscv64': [ '1.3.2' ],
445 silly audit   '@img/sharp-libvips-linux-s390x': [ '1.3.2' ],
445 silly audit   '@img/sharp-libvips-linux-x64': [ '1.3.2' ],
445 silly audit   '@img/sharp-libvips-linuxmusl-arm64': [ '1.3.2' ],
445 silly audit   '@img/sharp-libvips-linuxmusl-x64': [ '1.3.2' ],
445 silly audit   '@img/sharp-linux-arm': [ '0.35.3' ],
445 silly audit   '@img/sharp-linux-arm64': [ '0.35.3' ],
445 silly audit   '@img/sharp-linux-ppc64': [ '0.35.3' ],
445 silly audit   '@img/sharp-linux-riscv64': [ '0.35.3' ],
445 silly audit   '@img/sharp-linux-s390x': [ '0.35.3' ],
445 silly audit   '@img/sharp-linux-x64': [ '0.35.3' ],
445 silly audit   '@img/sharp-linuxmusl-arm64': [ '0.35.3' ],
445 silly audit   '@img/sharp-linuxmusl-x64': [ '0.35.3' ],
445 silly audit   '@img/sharp-wasm32': [ '0.35.3' ],
445 silly audit   '@img/sharp-webcontainers-wasm32': [ '0.35.3' ],
445 silly audit   '@img/sharp-win32-arm64': [ '0.35.3' ],
445 silly audit   '@img/sharp-win32-ia32': [ '0.35.3' ],
445 silly audit   '@img/sharp-win32-x64': [ '0.35.3' ],
445 silly audit   '@jridgewell/gen-mapping': [ '0.3.13' ],
445 silly audit   '@jridgewell/remapping': [ '2.3.5' ],
445 silly audit   '@jridgewell/resolve-uri': [ '3.1.2' ],
445 silly audit   '@jridgewell/sourcemap-codec': [ '1.5.5' ],
445 silly audit   '@jridgewell/trace-mapping': [ '0.3.31' ],
445 silly audit   '@modelcontextprotocol/sdk': [ '1.30.0' ],
445 silly audit   '@mux/mux-data-google-ima': [ '0.3.17' ],
445 silly audit   '@mux/mux-player': [ '3.13.2' ],
445 silly audit   '@mux/mux-player-react': [ '3.13.2' ],
445 silly audit   '@mux/mux-video': [ '0.31.2' ],
445 silly audit   '@mux/playback-core': [ '0.35.2' ],
445 silly audit   '@next/env': [ '16.3.1' ],
445 silly audit   '@next/swc-darwin-arm64': [ '16.3.1' ],
445 silly audit   '@next/swc-darwin-x64': [ '16.3.1' ],
445 silly audit   '@next/swc-linux-arm64-gnu': [ '16.3.1' ],
445 silly audit   '@next/swc-linux-arm64-musl': [ '16.3.1' ],
445 silly audit   '@next/swc-linux-x64-gnu': [ '16.3.1' ],
445 silly audit   '@next/swc-linux-x64-musl': [ '16.3.1' ],
445 silly audit   '@next/swc-win32-arm64-msvc': [ '16.3.1' ],
445 silly audit   '@next/swc-win32-x64-msvc': [ '16.3.1' ],
445 silly audit   '@nodelib/fs.scandir': [ '2.1.5' ],
445 silly audit   '@nodelib/fs.stat': [ '2.0.5' ],
445 silly audit   '@nodelib/fs.walk': [ '1.2.8' ],
445 silly audit   '@sec-ant/readable-stream': [ '0.4.1' ],
445 silly audit   '@sindresorhus/merge-streams': [ '4.0.0' ],
445 silly audit   '@supabase/auth-js': [ '2.112.3' ],
445 silly audit   '@supabase/functions-js': [ '2.112.3' ],
445 silly audit   '@supabase/phoenix': [ '0.4.5' ],
445 silly audit   '@supabase/postgrest-js': [ '2.112.3' ],
445 silly audit   '@supabase/realtime-js': [ '2.112.3' ],
445 silly audit   '@supabase/ssr': [ '0.12.4' ],
445 silly audit   '@supabase/storage-js': [ '2.112.3' ],
445 silly audit   '@supabase/supabase-js': [ '2.112.3' ],
445 silly audit   '@svta/cml-608': [ '1.0.2' ],
445 silly audit   '@svta/cml-cmcd': [ '2.3.2' ],
445 silly audit   '@svta/cml-cmsd': [ '1.0.6' ],
445 silly audit   '@svta/cml-cta': [ '1.0.6' ],
445 silly audit   '@svta/cml-dash': [ '1.0.6' ],
445 silly audit   '@svta/cml-id3': [ '1.0.6' ],
445 silly audit   '@svta/cml-request': [ '1.0.12' ],
445 silly audit   '@svta/cml-structured-field-values': [ '1.1.3' ],
445 silly audit   '@svta/cml-utils': [ '1.5.0' ],
445 silly audit   '@svta/cml-xml': [ '1.1.4' ],
445 silly audit   '@swc/helpers': [ '0.5.23' ],
445 silly audit   '@tailwindcss/node': [ '4.3.3' ],
445 silly audit   '@tailwindcss/oxide': [ '4.3.3' ],
445 silly audit   '@tailwindcss/oxide-android-arm64': [ '4.3.3' ],
445 silly audit   '@tailwindcss/oxide-darwin-arm64': [ '4.3.3' ],
445 silly audit   '@tailwindcss/oxide-darwin-x64': [ '4.3.3' ],
445 silly audit   '@tailwindcss/oxide-freebsd-x64': [ '4.3.3' ],
445 silly audit   '@tailwindcss/oxide-linux-arm-gnueabihf': [ '4.3.3' ],
445 silly audit   '@tailwindcss/oxide-linux-arm64-gnu': [ '4.3.3' ],
445 silly audit   '@tailwindcss/oxide-linux-arm64-musl': [ '4.3.3' ],
445 silly audit   '@tailwindcss/oxide-linux-x64-gnu': [ '4.3.3' ],
445 silly audit   '@tailwindcss/oxide-linux-x64-musl': [ '4.3.3' ],
445 silly audit   '@tailwindcss/oxide-wasm32-wasi': [ '4.3.3' ],
445 silly audit   '@emnapi/core': [ '1.11.1' ],
445 silly audit   '@emnapi/wasi-threads': [ '1.2.2' ],
445 silly audit   '@napi-rs/wasm-runtime': [ '1.1.4' ],
445 silly audit   '@tybys/wasm-util': [ '0.10.2' ],
445 silly audit   tslib: [ '2.8.1' ],
445 silly audit   '@tailwindcss/oxide-win32-arm64-msvc': [ '4.3.3' ],
445 silly audit   '@tailwindcss/oxide-win32-x64-msvc': [ '4.3.3' ],
445 silly audit   '@tailwindcss/postcss': [ '4.3.3' ],
445 silly audit   '@ts-morph/common': [ '0.27.0' ],
445 silly audit   '@types/debug': [ '4.1.13' ],
445 silly audit   '@types/estree': [ '1.0.9' ],
445 silly audit   '@types/estree-jsx': [ '1.0.5' ],
445 silly audit   '@types/google_interactive_media_ads_types': [ '3.697.1' ],
445 silly audit   '@types/hast': [ '3.0.5' ],
445 silly audit   '@types/mdast': [ '4.0.4' ],
445 silly audit   '@types/ms': [ '2.1.0' ],
445 silly audit   '@types/node': [ '20.19.43' ],
445 silly audit   '@types/prismjs': [ '1.26.6' ],
445 silly audit   '@types/react': [ '19.2.18' ],
445 silly audit   '@types/react-dom': [ '19.2.4' ],
445 silly audit   '@types/unist': [ '3.0.3', '2.0.11' ],
445 silly audit   '@types/validate-npm-package-name': [ '4.0.2' ],
445 silly audit   '@uiw/copy-to-clipboard': [ '1.0.21' ],
445 silly audit   '@uiw/react-markdown-preview': [ '5.2.1' ],
445 silly audit   '@uiw/react-md-editor': [ '4.1.2' ],
445 silly audit   '@ungap/structured-clone': [ '1.3.3' ],
445 silly audit   '@vimeo/player': [ '2.29.0' ],
445 silly audit   accepts: [ '2.0.0' ],
445 silly audit   address: [ '1.2.2' ],
445 silly audit   agentkeepalive: [ '3.5.3' ],
445 silly audit   ajv: [ '8.20.0' ],
445 silly audit   'ajv-formats': [ '3.0.1', '2.1.1' ],
445 silly audit   'ali-oss': [ '6.23.0' ],
445 silly audit   'ansi-colors': [ '4.1.3' ],
445 silly audit   'ansi-regex': [ '5.0.1', '6.3.0' ],
445 silly audit   'any-promise': [ '1.3.0' ],
445 silly audit   argparse: [ '2.0.1' ],
445 silly audit   'ast-types': [ '0.16.1' ],
445 silly audit   atomically: [ '1.7.0' ],
445 silly audit   'attr-accept': [ '4.0.0' ],
445 silly audit   bail: [ '2.0.2' ],
445 silly audit   'balanced-match': [ '4.0.4' ],
445 silly audit   'baseline-browser-mapping': [ '2.11.15' ],
445 silly audit   'bcp-47-match': [ '2.0.3' ],
445 silly audit   'body-parser': [ '2.3.0' ],
445 silly audit   'content-type': [ '2.1.0', '1.0.5' ],
445 silly audit   'iconv-lite': [ '0.7.3', '0.6.3' ],
445 silly audit   boolbase: [ '1.0.0' ],
445 silly audit   bowser: [ '1.9.4' ],
445 silly audit   'brace-expansion': [ '5.0.9' ],
445 silly audit   braces: [ '3.0.3' ],
445 silly audit   browserslist: [ '4.28.8' ],
445 silly audit   'builtin-status-codes': [ '3.0.0' ],
445 silly audit   'bundle-name': [ '4.1.0' ],
445 silly audit   bytes: [ '3.1.2' ],
445 silly audit   'call-bind-apply-helpers': [ '1.0.2' ],
445 silly audit   'call-bound': [ '1.0.4' ],
445 silly audit   callsites: [ '3.1.0' ],
445 silly audit   'caniuse-lite': [ '1.0.30001809' ],
445 silly audit   'castable-video': [ '1.1.16' ],
445 silly audit   ccount: [ '2.0.1' ],
445 silly audit   'ce-la-react': [ '0.3.2' ],
445 silly audit   chalk: [ '5.6.2' ],
445 silly audit   'character-entities': [ '2.0.2' ],
445 silly audit   'character-entities-html4': [ '2.1.0' ],
445 silly audit   'character-entities-legacy': [ '3.0.0' ],
445 silly audit   'character-reference-invalid': [ '2.0.1' ],
445 silly audit   'class-variance-authority': [ '0.7.1' ],
445 silly audit   'cli-cursor': [ '5.0.0' ],
445 silly audit   'cli-spinners': [ '2.9.2' ],
445 silly audit   'client-only': [ '0.0.1' ],
445 silly audit   'cloudflare-video-element': [ '1.3.5' ],
445 silly audit   clsx: [ '2.1.1' ],
445 silly audit   'code-block-writer': [ '13.0.3' ],
445 silly audit   'codem-isoboxer': [ '0.3.10' ],
445 silly audit   'comma-separated-tokens': [ '2.0.3' ],
445 silly audit   conf: [ '10.2.0' ],
445 silly audit   'json-schema-typed': [ '7.0.3', '8.0.2' ],
445 silly audit   'content-disposition': [ '1.1.0' ],
445 silly audit   'convert-source-map': [ '2.0.0' ],
445 silly audit   cookie: [ '1.1.1', '0.7.2' ],
445 silly audit   'cookie-signature': [ '1.2.2' ],
445 silly audit   'copy-to': [ '2.0.1' ],
445 silly audit   'core-util-is': [ '1.0.3' ],
445 silly audit   cors: [ '2.8.6' ],
445 silly audit   cosmiconfig: [ '9.0.2' ],
445 silly audit   'cross-spawn': [ '7.0.6' ],
445 silly audit   isexe: [ '2.0.0', '3.1.5' ],
445 silly audit   which: [ '2.0.2', '4.0.0' ],
445 silly audit   'css-selector-parser': [ '3.3.0' ],
445 silly audit   cssesc: [ '3.0.0' ],
445 silly audit   csstype: [ '3.2.3' ],
445 silly audit   'custom-media-element': [ '1.4.6' ],
445 silly audit   'dash-video-element': [ '0.3.2' ],
445 silly audit   dashjs: [ '5.2.1' ],
445 silly audit   dateformat: [ '2.2.0' ],
445 silly audit   'debounce-fn': [ '4.0.0' ],
445 silly audit   debug: [ '4.4.3' ],
445 silly audit   'decode-named-character-reference': [ '1.3.0' ],
445 silly audit   dedent: [ '1.7.2' ],
445 silly audit   deepmerge: [ '4.3.1' ],
445 silly audit   'default-browser': [ '5.5.1' ],
445 silly audit   'default-browser-id': [ '5.0.1' ],
445 silly audit   'default-user-agent': [ '1.0.0' ],
445 silly audit   depd: [ '2.0.0' ],
445 silly audit   dequal: [ '2.0.3' ],
445 silly audit   destroy: [ '1.2.0' ],
445 silly audit   'detect-libc': [ '2.1.2' ],
445 silly audit   devlop: [ '1.1.0' ],
445 silly audit   diff: [ '8.0.4' ],
445 silly audit   'digest-header': [ '1.1.0' ],
445 silly audit   direction: [ '2.0.1' ],
445 silly audit   'dot-prop': [ '6.0.1' ],
445 silly audit   dotenv: [ '17.4.2' ],
445 silly audit   'dunder-proto': [ '1.0.1' ],
445 silly audit   'ee-first': [ '1.1.1' ],
445 silly audit   'electron-to-chromium': [ '1.5.411' ],
445 silly audit   'emoji-regex': [ '10.6.0' ],
445 silly audit   encodeurl: [ '2.0.0' ],
445 silly audit   'end-of-stream': [ '1.4.5' ],
445 silly audit   'end-or-error': [ '1.0.1' ],
445 silly audit   'enhanced-resolve': [ '5.24.5' ],
445 silly audit   enquirer: [ '2.4.1' ],
445 silly audit   entities: [ '6.0.1' ],
445 silly audit   'env-paths': [ '2.2.1' ],
445 silly audit   'error-ex': [ '1.3.4' ],
445 silly audit   'es-define-property': [ '1.0.1' ],
445 silly audit   'es-errors': [ '1.3.0' ],
445 silly audit   'es-object-atoms': [ '1.1.2' ],
445 silly audit   escalade: [ '3.2.0' ],
445 silly audit   'escape-html': [ '1.0.3' ],
445 silly audit   'escape-string-regexp': [ '5.0.0' ],
445 silly audit   esprima: [ '4.0.1' ],
445 silly audit   'estree-util-is-identifier-name': [ '3.0.0' ],
445 silly audit   etag: [ '1.8.1' ],
445 silly audit   eventsource: [ '3.0.7' ],
445 silly audit   'eventsource-parser': [ '3.1.1' ],
445 silly audit   exifr: [ '7.1.3' ],
445 silly audit   express: [ '5.2.1' ],
445 silly audit   'express-rate-limit': [ '8.6.2' ],
445 silly audit   'merge-descriptors': [ '2.0.0', '1.0.3' ],
445 silly audit   statuses: [ '2.0.2', '1.5.0' ],
445 silly audit   extend: [ '3.0.2' ],
445 silly audit   'extend-shallow': [ '2.0.1' ],
445 silly audit   'fast-deep-equal': [ '3.1.3' ],
445 silly audit   'fast-glob': [ '3.3.3' ],
445 silly audit   'fast-uri': [ '3.1.5' ],
445 silly audit   fastq: [ '1.20.1' ],
445 silly audit   fdir: [ '6.5.0' ],
445 silly audit   figures: [ '6.1.0' ],
445 silly audit   'file-selector': [ '5.0.1' ],
445 silly audit   'fill-range': [ '7.1.1' ],
445 silly audit   finalhandler: [ '2.1.1' ],
445 silly audit   'find-up': [ '3.0.0' ],
445 silly audit   formstream: [ '1.5.2' ],
445 silly audit   forwarded: [ '0.2.0' ],
445 silly audit   fresh: [ '2.0.0' ],
445 silly audit   'fs-extra': [ '11.4.0' ],
445 silly audit   'function-bind': [ '1.1.2' ],
445 silly audit   fuzzysort: [ '3.1.0' ],
445 silly audit   gensync: [ '1.0.0-beta.2' ],
445 silly audit   'get-east-asian-width': [ '1.6.0' ],
445 silly audit   'get-intrinsic': [ '1.3.0' ],
445 silly audit   'get-own-enumerable-keys': [ '1.0.0' ],
445 silly audit   'get-proto': [ '1.0.1' ],
445 silly audit   'get-ready': [ '1.0.0' ],
445 silly audit   'github-slugger': [ '2.0.0' ],
445 silly audit   'glob-parent': [ '5.1.2' ],
445 silly audit   gopd: [ '1.2.0' ],
445 silly audit   'graceful-fs': [ '4.2.11' ],
445 silly audit   gsap: [ '3.15.0' ],
445 silly audit   'has-symbols': [ '1.1.0' ],
445 silly audit   hasown: [ '2.0.4' ],
445 silly audit   'hast-util-from-html': [ '2.0.3' ],
445 silly audit   'hast-util-from-parse5': [ '8.0.3' ],
445 silly audit   'hast-util-has-property': [ '3.0.0' ],
445 silly audit   'hast-util-heading-rank': [ '3.0.0' ],
445 silly audit   'hast-util-is-element': [ '3.0.0' ],
445 silly audit   'hast-util-parse-selector': [ '4.0.0' ],
445 silly audit   'hast-util-raw': [ '9.1.0' ],
445 silly audit   'hast-util-sanitize': [ '5.0.2' ],
445 silly audit   'hast-util-select': [ '6.0.4' ],
445 silly audit   'hast-util-to-html': [ '9.0.5' ],
445 silly audit   'hast-util-to-jsx-runtime': [ '2.3.6' ],
445 silly audit   'hast-util-to-parse5': [ '8.0.1' ],
445 silly audit   'hast-util-to-string': [ '3.0.1' ],
445 silly audit   'hast-util-whitespace': [ '3.0.0' ],
445 silly audit   hastscript: [ '9.0.1' ],
445 silly audit   'hls-video-element': [ '1.5.11' ],
445 silly audit   'hls.js': [ '1.6.19' ],
445 silly audit   hono: [ '4.13.3' ],
445 silly audit   'html-entities': [ '2.6.0' ],
445 silly audit   'html-url-attributes': [ '3.0.1' ],
445 silly audit   'html-void-elements': [ '3.0.0' ],
445 silly audit   'http-errors': [ '2.0.1' ],
445 silly audit   'humanize-ms': [ '1.2.1' ],
445 silly audit   'iceberg-js': [ '0.8.1' ],
445 silly audit   ignore: [ '5.3.2' ],
445 silly audit   immediate: [ '3.0.6' ],
445 silly audit   'import-fresh': [ '3.3.1' ],
445 silly audit   imsc: [ '1.1.5' ],
445 silly audit   inherits: [ '2.0.4' ],
445 silly audit   'inline-style-parser': [ '0.2.7' ],
445 silly audit   'ip-address': [ '10.5.0' ],
445 silly audit   'ipaddr.js': [ '1.9.1' ],
445 silly audit   'is-alphabetical': [ '2.0.1' ],
445 silly audit   'is-alphanumerical': [ '2.0.1' ],
445 silly audit   'is-arrayish': [ '0.2.1' ],
445 silly audit   'is-class-hotfix': [ '0.0.6' ],
445 silly audit   'is-decimal': [ '2.0.1' ],
445 silly audit   'is-extendable': [ '0.1.1' ],
445 silly audit   'is-extglob': [ '2.1.1' ],
445 silly audit   'is-glob': [ '4.0.3' ],
445 silly audit   'is-hexadecimal': [ '2.0.1' ],
445 silly audit   'is-in-ssh': [ '1.0.0' ],
445 silly audit   'is-inside-container': [ '1.0.0' ],
445 silly audit   'is-interactive': [ '2.0.0' ],
445 silly audit   'is-number': [ '7.0.0' ],
445 silly audit   'is-obj': [ '2.0.0', '3.0.0' ],
445 silly audit   'is-plain-obj': [ '4.1.0' ],
445 silly audit   'is-promise': [ '4.0.0' ],
445 silly audit   'is-regexp': [ '3.1.0' ],
445 silly audit   'is-type-of': [ '1.4.0' ],
445 silly audit   'is-unicode-supported': [ '2.1.0', '1.3.0' ],
445 silly audit   isarray: [ '1.0.0' ],
445 silly audit   isstream: [ '0.1.2' ],
445 silly audit   jiti: [ '2.7.0' ],
445 silly audit   jose: [ '6.2.9' ],
445 silly audit   'js-base64': [ '2.6.4' ],
445 silly audit   'js-tokens': [ '4.0.0' ],
445 silly audit   'js-yaml': [ '4.3.1' ],
445 silly audit   jsesc: [ '3.1.0' ],
445 silly audit   'json-parse-even-better-errors': [ '2.3.1' ],
445 silly audit   'json-schema-traverse': [ '1.0.0' ],
445 silly audit   json5: [ '2.2.3' ],
445 silly audit   jsonfile: [ '6.2.1' ],
445 silly audit   jstoxml: [ '2.2.9' ],
445 silly audit   kleur: [ '4.1.5', '3.0.3' ],
445 silly audit   lie: [ '3.1.1' ],
445 silly audit   lightningcss: [ '1.32.0', '1.33.0' ],
445 silly audit   'lightningcss-android-arm64': [ '1.32.0', '1.33.0' ],
445 silly audit   'lightningcss-darwin-arm64': [ '1.32.0', '1.33.0' ],
445 silly audit   'lightningcss-darwin-x64': [ '1.32.0', '1.33.0' ],
445 silly audit   'lightningcss-freebsd-x64': [ '1.32.0', '1.33.0' ],
445 silly audit   'lightningcss-linux-arm-gnueabihf': [ '1.32.0', '1.33.0' ],
445 silly audit   'lightningcss-linux-arm64-gnu': [ '1.32.0', '1.33.0' ],
445 silly audit   'lightningcss-linux-arm64-musl': [ '1.32.0', '1.33.0' ],
445 silly audit   'lightningcss-linux-x64-gnu': [ '1.32.0', '1.33.0' ],
445 silly audit   'lightningcss-linux-x64-musl': [ '1.32.0', '1.33.0' ],
445 silly audit   'lightningcss-win32-arm64-msvc': [ '1.32.0', '1.33.0' ],
445 silly audit   'lightningcss-win32-x64-msvc': [ '1.32.0', '1.33.0' ],
445 silly audit   'lines-and-columns': [ '1.2.4' ],
445 silly audit   localforage: [ '1.10.0' ],
445 silly audit   'locate-path': [ '3.0.0' ],
445 silly audit   lodash: [ '4.18.1' ],
445 silly audit   'log-symbols': [ '6.0.0' ],
445 silly audit   'longest-streak': [ '3.1.0' ],
445 silly audit   'loose-envify': [ '1.4.0' ],
445 silly audit   'lru-cache': [ '5.1.1' ],
445 silly audit   'lucide-react': [ '1.33.0' ],
445 silly audit   'magic-string': [ '0.30.21' ],
445 silly audit   'markdown-table': [ '3.0.4' ],
445 silly audit   'math-intrinsics': [ '1.1.0' ],
445 silly audit   'mdast-util-find-and-replace': [ '3.0.2' ],
445 silly audit   'mdast-util-from-markdown': [ '2.0.3' ],
445 silly audit   'mdast-util-gfm': [ '3.1.0' ],
445 silly audit   'mdast-util-gfm-autolink-literal': [ '2.0.1' ],
445 silly audit   'mdast-util-gfm-footnote': [ '2.1.0' ],
445 silly audit   'mdast-util-gfm-strikethrough': [ '2.0.0' ],
445 silly audit   'mdast-util-gfm-table': [ '2.0.0' ],
445 silly audit   'mdast-util-gfm-task-list-item': [ '2.0.0' ],
445 silly audit   'mdast-util-mdx-expression': [ '2.0.1' ],
445 silly audit   'mdast-util-mdx-jsx': [ '3.2.0' ],
445 silly audit   'mdast-util-mdxjs-esm': [ '2.0.1' ],
445 silly audit   'mdast-util-phrasing': [ '4.1.0' ],
445 silly audit   'mdast-util-to-hast': [ '13.2.1' ],
445 silly audit   'mdast-util-to-markdown': [ '2.1.2' ],
445 silly audit   'mdast-util-to-string': [ '4.0.0' ],
445 silly audit   'media-chrome': [ '4.19.2' ],
445 silly audit   'media-played-ranges-mixin': [ '0.1.0' ],
445 silly audit   'media-tracks': [ '0.3.5' ],
445 silly audit   'media-typer': [ '1.1.1' ],
445 silly audit   'merge-stream': [ '2.0.0' ],
445 silly audit   merge2: [ '1.4.1' ],
445 silly audit   micromark: [ '4.0.2' ],
445 silly audit   'micromark-core-commonmark': [ '2.0.3' ],
445 silly audit   'micromark-extension-gfm': [ '3.0.0' ],
445 silly audit   'micromark-extension-gfm-autolink-literal': [ '2.1.0' ],
445 silly audit   'micromark-extension-gfm-footnote': [ '2.1.0' ],
445 silly audit   'micromark-extension-gfm-strikethrough': [ '2.1.0' ],
445 silly audit   'micromark-extension-gfm-table': [ '2.1.1' ],
445 silly audit   'micromark-extension-gfm-tagfilter': [ '2.0.0' ],
445 silly audit   'micromark-extension-gfm-task-list-item': [ '2.1.0' ],
445 silly audit   'micromark-factory-destination': [ '2.0.1' ],
445 silly audit   'micromark-factory-label': [ '2.0.1' ],
445 silly audit   'micromark-factory-space': [ '2.0.1' ],
445 silly audit   'micromark-factory-title': [ '2.0.1' ],
445 silly audit   'micromark-factory-whitespace': [ '2.0.1' ],
445 silly audit   'micromark-util-character': [ '2.1.1' ],
445 silly audit   'micromark-util-chunked': [ '2.0.1' ],
445 silly audit   'micromark-util-classify-character': [ '2.0.1' ],
445 silly audit   'micromark-util-combine-extensions': [ '2.0.1' ],
445 silly audit   'micromark-util-decode-numeric-character-reference': [ '2.0.2' ],
445 silly audit   'micromark-util-decode-string': [ '2.0.1' ],
445 silly audit   'micromark-util-encode': [ '2.0.1' ],
445 silly audit   'micromark-util-html-tag-name': [ '2.0.1' ],
445 silly audit   'micromark-util-normalize-identifier': [ '2.0.1' ],
445 silly audit   'micromark-util-resolve-all': [ '2.0.1' ],
445 silly audit   'micromark-util-sanitize-uri': [ '2.0.1' ],
445 silly audit   'micromark-util-subtokenize': [ '2.1.0' ],
445 silly audit   'micromark-util-symbol': [ '2.0.1' ],
445 silly audit   'micromark-util-types': [ '2.0.2' ],
445 silly audit   micromatch: [ '4.0.8' ],
445 silly audit   picomatch: [ '2.3.2', '4.0.5' ],
445 silly audit   mime: [ '2.6.0' ],
445 silly audit   'mime-db': [ '1.54.0' ],
445 silly audit   'mime-types': [ '3.0.2' ],
445 silly audit   'mimic-fn': [ '3.1.0', '2.1.0' ],
445 silly audit   'mimic-function': [ '5.0.1' ],
445 silly audit   minimatch: [ '10.2.6' ],
445 silly audit   minimist: [ '1.2.8' ],
445 silly audit   mkdirp: [ '0.5.6' ],
445 silly audit   ms: [ '2.1.3' ],
445 silly audit   'mux-embed': [ '5.18.1' ],
445 silly audit   mz: [ '2.7.0' ],
445 silly audit   nanoid: [ '3.3.18' ],
445 silly audit   'native-promise-only': [ '0.8.1' ],
445 silly audit   negotiator: [ '1.0.0' ],
445 silly audit   next: [ '16.3.1' ],
445 silly audit   'next-themes': [ '0.4.6' ],
445 silly audit   postcss: [ '8.5.23', '8.5.26' ],
445 silly audit   'node-hex': [ '1.0.1' ],
445 silly audit   'node-releases': [ '2.0.53' ],
445 silly audit   'normalize-wheel': [ '1.0.1' ],
445 silly audit   'path-key': [ '4.0.0', '3.1.1' ],
445 silly audit   'nth-check': [ '2.1.1' ],
445 silly audit   'object-assign': [ '4.1.1' ],
445 silly audit   'object-inspect': [ '1.13.4' ],
445 silly audit   'object-treeify': [ '1.1.33' ],
445 silly audit   'on-finished': [ '2.4.1' ],
445 silly audit   once: [ '1.4.0' ],
445 silly audit   onetime: [ '5.1.2', '7.0.0' ],
445 silly audit   ora: [ '8.2.0' ],
445 silly audit   'strip-ansi': [ '7.2.0', '6.0.1' ],
445 silly audit   'os-name': [ '1.0.3' ],
445 silly audit   'osx-release': [ '1.1.0' ],
445 silly audit   'p-limit': [ '2.3.0' ],
445 silly audit   'p-locate': [ '3.0.0' ],
445 silly audit   'p-try': [ '2.2.0' ],
445 silly audit   'parent-module': [ '1.0.1' ],
445 silly audit   'parse-entities': [ '4.0.2' ],
445 silly audit   'parse-json': [ '5.2.0' ],
445 silly audit   'parse-ms': [ '4.0.0' ],
445 silly audit   'parse-numeric-range': [ '1.3.0' ],
445 silly audit   parse5: [ '7.3.0' ],
445 silly audit   parseurl: [ '1.3.3' ],
445 silly audit   'path-browserify': [ '1.0.1' ],
445 silly audit   'path-exists': [ '3.0.0' ],
445 silly audit   'path-to-regexp': [ '8.4.2' ],
445 silly audit   'pause-stream': [ '0.0.11' ],
445 silly audit   picocolors: [ '1.1.1' ],
445 silly audit   'pkce-challenge': [ '5.0.1' ],
445 silly audit   'pkg-up': [ '3.1.0' ],
445 silly audit   platform: [ '1.3.6' ],
445 silly audit   'player.style': [ '0.3.4' ],
445 silly audit   'postcss-selector-parser': [ '7.1.5' ],
445 silly audit   'powershell-utils': [ '0.2.0', '0.1.0' ],
445 silly audit   'pretty-ms': [ '9.3.0' ],
445 silly audit   'process-nextick-args': [ '2.0.1' ],
445 silly audit   prompts: [ '2.4.2' ],
445 silly audit   'prop-types': [ '15.8.1' ],
445 silly audit   'property-information': [ '7.2.0' ],
445 silly audit   'proxy-addr': [ '2.0.7' ],
445 silly audit   pump: [ '3.0.4' ],
445 silly audit   qs: [ '6.15.3' ],
445 silly audit   'queue-microtask': [ '1.2.3' ],
445 silly audit   'range-parser': [ '1.3.0' ],
445 silly audit   'raw-body': [ '3.0.2' ],
445 silly audit   react: [ '19.2.8' ],
445 silly audit   'react-dom': [ '19.2.8' ],
445 silly audit   'react-dropzone': [ '20.1.1' ],
445 silly audit   'react-easy-crop': [ '6.2.3' ],
445 silly audit   'react-icons': [ '5.7.0' ],
445 silly audit   'react-is': [ '16.13.1' ],
445 silly audit   'react-markdown': [ '10.1.0' ],
445 silly audit   'react-photo-view': [ '1.2.7' ],
445 silly audit   'react-player': [ '3.4.0' ],
445 silly audit   'readable-stream': [ '2.3.8' ],
445 silly audit   recast: [ '0.23.21' ],
445 silly audit   refractor: [ '5.0.0' ],
445 silly audit   rehype: [ '13.0.2' ],
445 silly audit   'rehype-attr': [ '4.0.2' ],
445 silly audit   'unist-util-visit': [ '5.0.0', '5.1.0' ],
445 silly audit   'rehype-autolink-headings': [ '7.1.0' ],
445 silly audit   'rehype-ignore': [ '2.0.3' ],
445 silly audit   'rehype-parse': [ '9.0.1' ],
445 silly audit   'rehype-prism-plus': [ '2.0.2' ],
445 silly audit   'rehype-raw': [ '7.0.0' ],
445 silly audit   'rehype-rewrite': [ '4.0.4' ],
445 silly audit   'rehype-sanitize': [ '6.0.0' ],
445 silly audit   'rehype-slug': [ '6.0.0' ],
445 silly audit   'rehype-stringify': [ '10.0.1' ],
445 silly audit   'remark-gfm': [ '4.0.1' ],
445 silly audit   'remark-github-blockquote-alert': [ '1.3.1' ],
445 silly audit   'remark-parse': [ '11.0.0' ],
445 silly audit   'remark-rehype': [ '11.1.2' ],
445 silly audit   'remark-stringify': [ '11.0.0' ],
445 silly audit   'require-from-string': [ '2.0.2' ],
445 silly audit   reselect: [ '5.2.0' ],
445 silly audit   'resolve-from': [ '4.0.0' ],
445 silly audit   'restore-cursor': [ '5.1.0' ],
445 silly audit   reusify: [ '1.1.0' ],
445 silly audit   router: [ '2.2.0' ],
445 silly audit   'run-applescript': [ '7.1.0' ],
445 silly audit   'run-parallel': [ '1.2.0' ],
445 silly audit   'safe-buffer': [ '5.1.2' ],
445 silly audit   'safer-buffer': [ '2.1.2' ],
445 silly audit   sax: [ '1.2.1' ],
445 silly audit   scheduler: [ '0.27.0' ],
445 silly audit   'sdk-base': [ '2.0.1' ],
445 silly audit   send: [ '1.2.1' ],
445 silly audit   'serve-static': [ '2.2.1' ],
445 silly audit   setprototypeof: [ '1.2.0' ],
445 silly audit   shadcn: [ '4.18.0' ],
445 silly audit   zod: [ '3.25.76', '4.4.3' ],
445 silly audit   sharp: [ '0.35.3' ],
445 silly audit   'shebang-command': [ '2.0.0' ],
445 silly audit   'shebang-regex': [ '3.0.0' ],
445 silly audit   'side-channel': [ '1.1.1' ],
445 silly audit   'side-channel-list': [ '1.0.1' ],
445 silly audit   'side-channel-map': [ '1.0.1' ],
445 silly audit   'side-channel-weakmap': [ '1.0.2' ],
445 silly audit   sisteransi: [ '1.0.5' ],
445 silly audit   'smart-buffer': [ '4.2.0' ],
445 silly audit   socks: [ '2.8.9' ],
445 silly audit   sonner: [ '2.0.8' ],
445 silly audit   'source-map': [ '0.6.1' ],
445 silly audit   'source-map-js': [ '1.2.1' ],
445 silly audit   'space-separated-tokens': [ '2.0.2' ],
445 silly audit   'spotify-audio-element': [ '1.0.4' ],
445 silly audit   'stdin-discarder': [ '0.2.2' ],
445 silly audit   'stream-http': [ '2.8.2' ],
445 silly audit   'stream-wormhole': [ '1.1.0' ],
445 silly audit   string_decoder: [ '1.1.1' ],
445 silly audit   'string-width': [ '7.2.0' ],
445 silly audit   'stringify-entities': [ '4.0.4' ],
445 silly audit   'stringify-object': [ '5.0.0' ],
445 silly audit   'strip-bom': [ '3.0.0' ],
445 silly audit   'style-to-js': [ '1.1.21' ],
445 silly audit   'style-to-object': [ '1.0.14' ],
445 silly audit   'styled-jsx': [ '5.1.6' ],
445 silly audit   'super-media-element': [ '1.4.2' ],
445 silly audit   systeminformation: [ '5.33.1' ],
445 silly audit   'tailwind-merge': [ '3.6.0' ],
445 silly audit   tailwindcss: [ '4.3.3' ],
445 silly audit   tapable: [ '2.3.3' ],
445 silly audit   thenify: [ '3.3.1' ],
445 silly audit   'thenify-all': [ '1.6.0' ],
445 silly audit   through: [ '2.3.8' ],
445 silly audit   'tiktok-video-element': [ '0.1.2' ],
445 silly audit   'tiny-invariant': [ '1.3.3' ],
445 silly audit   'to-arraybuffer': [ '1.0.1' ],
445 silly audit   'to-regex-range': [ '5.0.1' ],
445 silly audit   toidentifier: [ '1.0.1' ],
445 silly audit   'trim-lines': [ '3.0.1' ],
445 silly audit   trough: [ '2.2.0' ],
445 silly audit   'ts-morph': [ '26.0.0' ],
445 silly audit   'tsconfig-paths': [ '4.2.0' ],
445 silly audit   'tw-animate-css': [ '1.4.0' ],
445 silly audit   'twitch-video-element': [ '0.1.6' ],
445 silly audit   'type-is': [ '2.1.0' ],
445 silly audit   typescript: [ '5.9.3' ],
445 silly audit   undici: [ '7.29.0' ],
445 silly audit   'undici-types': [ '6.21.0' ],
445 silly audit   unescape: [ '1.0.1' ],
445 silly audit   'unicorn-magic': [ '0.3.0' ],
445 silly audit   unified: [ '11.0.5' ],
445 silly audit   'unist-util-filter': [ '5.0.1' ],
445 silly audit   'unist-util-is': [ '6.0.1' ],
445 silly audit   'unist-util-position': [ '5.0.0' ],
445 silly audit   'unist-util-stringify-position': [ '4.0.0' ],
445 silly audit   'unist-util-visit-parents': [ '6.0.2' ],
445 silly audit   universalify: [ '2.0.1' ],
445 silly audit   unpipe: [ '1.0.0' ],
445 silly audit   'update-browserslist-db': [ '1.3.1' ],
445 silly audit   urllib: [ '2.44.1' ],
445 silly audit   'use-sync-external-store': [ '1.6.0' ],
445 silly audit   'util-deprecate': [ '1.0.2' ],
445 silly audit   utility: [ '1.18.0' ],
445 silly audit   'validate-npm-package-name': [ '7.0.2' ],
445 silly audit   vary: [ '1.1.2' ],
445 silly audit   vfile: [ '6.0.3' ],
445 silly audit   'vfile-location': [ '5.0.3' ],
445 silly audit   'vfile-message': [ '4.0.3' ],
445 silly audit   'vimeo-video-element': [ '1.7.3' ],
445 silly audit   'weakmap-polyfill': [ '2.0.4' ],
445 silly audit   'web-namespaces': [ '2.0.1' ],
445 silly audit   'win-release': [ '1.1.1' ],
445 silly audit   'wistia-video-element': [ '1.4.0' ],
445 silly audit   wrappy: [ '1.0.2' ],
445 silly audit   'wsl-utils': [ '1.0.0' ],
445 silly audit   xml2js: [ '0.6.2' ],
445 silly audit   xmlbuilder: [ '11.0.1' ],
445 silly audit   xtend: [ '4.0.2' ],
445 silly audit   yallist: [ '3.1.1' ],
445 silly audit   'yocto-spinner': [ '1.2.2' ],
445 silly audit   yoctocolors: [ '2.2.0' ],
445 silly audit   'youtube-video-element': [ '1.9.0' ],
445 silly audit   'zod-to-json-schema': [ '3.25.2' ],
445 silly audit   zustand: [ '5.0.15' ],
445 silly audit   zwitch: [ '2.0.4' ],
445 silly audit   vitest: [ '4.1.11' ],
445 silly audit   '@vitest/expect': [ '4.1.11' ],
445 silly audit   '@vitest/mocker': [ '4.1.11' ],
445 silly audit   '@vitest/pretty-format': [ '4.1.11' ],
445 silly audit   '@vitest/runner': [ '4.1.11' ],
445 silly audit   '@vitest/snapshot': [ '4.1.11' ],
445 silly audit   '@vitest/spy': [ '4.1.11' ],
445 silly audit   '@vitest/utils': [ '4.1.11' ],
445 silly audit   'es-module-lexer': [ '2.3.2' ],
445 silly audit   'expect-type': [ '1.4.0' ],
445 silly audit   obug: [ '2.1.4' ],
445 silly audit   pathe: [ '2.0.3' ],
445 silly audit   'std-env': [ '4.2.0' ],
445 silly audit   tinybench: [ '2.9.0' ],
445 silly audit   tinyexec: [ '1.3.0' ],
445 silly audit   tinyglobby: [ '0.2.17' ],
445 silly audit   tinyrainbow: [ '3.1.1' ],
445 silly audit   vite: [ '8.2.2' ],
445 silly audit   'why-is-node-running': [ '2.3.0' ],
445 silly audit   '@standard-schema/spec': [ '1.1.0' ],
445 silly audit   '@types/chai': [ '5.2.3' ],
445 silly audit   chai: [ '6.2.2' ],
445 silly audit   '@types/deep-eql': [ '4.0.2' ],
445 silly audit   'assertion-error': [ '2.0.1' ],
445 silly audit   'estree-walker': [ '3.0.3' ],
445 silly audit   fsevents: [ '2.3.3' ],
445 silly audit   rolldown: [ '1.2.5' ],
445 silly audit   '@oxc-project/types': [ '0.146.0' ],
445 silly audit   '@rolldown/binding-android-arm-eabi': [ '1.2.5' ],
445 silly audit   '@rolldown/binding-android-arm64': [ '1.2.5' ],
445 silly audit   '@rolldown/binding-darwin-arm64': [ '1.2.5' ],
445 silly audit   '@rolldown/binding-darwin-x64': [ '1.2.5' ],
445 silly audit   '@rolldown/binding-freebsd-x64': [ '1.2.5' ],
445 silly audit   '@rolldown/binding-linux-arm-gnueabihf': [ '1.2.5' ],
445 silly audit   '@rolldown/binding-linux-arm64-gnu': [ '1.2.5' ],
445 silly audit   '@rolldown/binding-linux-arm64-musl': [ '1.2.5' ],
445 silly audit   '@rolldown/binding-linux-ppc64-gnu': [ '1.2.5' ],
445 silly audit   '@rolldown/binding-linux-s390x-gnu': [ '1.2.5' ],
445 silly audit   '@rolldown/binding-linux-x64-gnu': [ '1.2.5' ],
445 silly audit   '@rolldown/binding-linux-x64-musl': [ '1.2.5' ],
445 silly audit   '@rolldown/binding-openharmony-arm64': [ '1.2.5' ],
445 silly audit   '@rolldown/binding-win32-arm64-msvc': [ '1.2.5' ],
445 silly audit   '@rolldown/binding-win32-x64-msvc': [ '1.2.5' ],
445 silly audit   '@rolldown/pluginutils': [ '1.0.1' ],
445 silly audit   siginfo: [ '2.0.0' ],
445 silly audit   stackback: [ '0.0.2' ]
445 silly audit }
446 http cache @rolldown/pluginutils@https://registry.npmjs.org/@rolldown/pluginutils/-/pluginutils-1.0.1.tgz 0ms (cache hit)
447 http cache stackback@https://registry.npmjs.org/stackback/-/stackback-0.0.2.tgz 0ms (cache hit)
448 http cache siginfo@https://registry.npmjs.org/siginfo/-/siginfo-2.0.0.tgz 0ms (cache hit)
449 http cache @rolldown/binding-win32-x64-msvc@https://registry.npmjs.org/@rolldown/binding-win32-x64-msvc/-/binding-win32-x64-msvc-1.2.5.tgz 0ms (cache hit)
450 http cache @oxc-project/types@https://registry.npmjs.org/@oxc-project/types/-/types-0.146.0.tgz 0ms (cache hit)
451 http cache rolldown@https://registry.npmjs.org/rolldown/-/rolldown-1.2.5.tgz 0ms (cache hit)
452 http cache @types/deep-eql@https://registry.npmjs.org/@types/deep-eql/-/deep-eql-4.0.2.tgz 0ms (cache hit)
453 http cache estree-walker@https://registry.npmjs.org/estree-walker/-/estree-walker-3.0.3.tgz 0ms (cache hit)
454 http cache @types/chai@https://registry.npmjs.org/@types/chai/-/chai-5.2.3.tgz 0ms (cache hit)
455 http cache assertion-error@https://registry.npmjs.org/assertion-error/-/assertion-error-2.0.1.tgz 0ms (cache hit)
456 http cache @standard-schema/spec@https://registry.npmjs.org/@standard-schema/spec/-/spec-1.1.0.tgz 0ms (cache hit)
457 http cache chai@https://registry.npmjs.org/chai/-/chai-6.2.2.tgz 0ms (cache hit)
458 http cache vite@https://registry.npmjs.org/vite/-/vite-8.2.2.tgz 0ms (cache hit)
459 http cache tinyrainbow@https://registry.npmjs.org/tinyrainbow/-/tinyrainbow-3.1.1.tgz 0ms (cache hit)
460 http cache why-is-node-running@https://registry.npmjs.org/why-is-node-running/-/why-is-node-running-2.3.0.tgz 0ms (cache hit)
461 http cache tinyglobby@https://registry.npmjs.org/tinyglobby/-/tinyglobby-0.2.17.tgz 0ms (cache hit)
462 http cache tinyexec@https://registry.npmjs.org/tinyexec/-/tinyexec-1.3.0.tgz 0ms (cache hit)
463 http cache std-env@https://registry.npmjs.org/std-env/-/std-env-4.2.0.tgz 0ms (cache hit)
464 http cache tinybench@https://registry.npmjs.org/tinybench/-/tinybench-2.9.0.tgz 0ms (cache hit)
465 http cache pathe@https://registry.npmjs.org/pathe/-/pathe-2.0.3.tgz 0ms (cache hit)
466 http cache @vitest/utils@https://registry.npmjs.org/@vitest/utils/-/utils-4.1.11.tgz 0ms (cache hit)
467 http cache @vitest/spy@https://registry.npmjs.org/@vitest/spy/-/spy-4.1.11.tgz 0ms (cache hit)
468 http cache @vitest/snapshot@https://registry.npmjs.org/@vitest/snapshot/-/snapshot-4.1.11.tgz 0ms (cache hit)
469 http cache obug@https://registry.npmjs.org/obug/-/obug-2.1.4.tgz 0ms (cache hit)
470 http cache es-module-lexer@https://registry.npmjs.org/es-module-lexer/-/es-module-lexer-2.3.2.tgz 0ms (cache hit)
471 http cache expect-type@https://registry.npmjs.org/expect-type/-/expect-type-1.4.0.tgz 0ms (cache hit)
472 http cache vitest@https://registry.npmjs.org/vitest/-/vitest-4.1.11.tgz 0ms (cache hit)
473 http cache @vitest/runner@https://registry.npmjs.org/@vitest/runner/-/runner-4.1.11.tgz 0ms (cache hit)
474 http cache @vitest/pretty-format@https://registry.npmjs.org/@vitest/pretty-format/-/pretty-format-4.1.11.tgz 0ms (cache hit)
475 http cache @vitest/mocker@https://registry.npmjs.org/@vitest/mocker/-/mocker-4.1.11.tgz 0ms (cache hit)
476 http cache @vitest/expect@https://registry.npmjs.org/@vitest/expect/-/expect-4.1.11.tgz 0ms (cache hit)
477 silly tarball no local data for @rolldown/pluginutils@https://registry.npmjs.org/@rolldown/pluginutils/-/pluginutils-1.0.1.tgz. Extracting by manifest.
478 silly tarball no local data for stackback@https://registry.npmjs.org/stackback/-/stackback-0.0.2.tgz. Extracting by manifest.
479 silly tarball no local data for siginfo@https://registry.npmjs.org/siginfo/-/siginfo-2.0.0.tgz. Extracting by manifest.
480 silly tarball no local data for @rolldown/binding-win32-x64-msvc@https://registry.npmjs.org/@rolldown/binding-win32-x64-msvc/-/binding-win32-x64-msvc-1.2.5.tgz. Extracting by manifest.
481 silly tarball no local data for @oxc-project/types@https://registry.npmjs.org/@oxc-project/types/-/types-0.146.0.tgz. Extracting by manifest.
482 silly tarball no local data for rolldown@https://registry.npmjs.org/rolldown/-/rolldown-1.2.5.tgz. Extracting by manifest.
483 silly tarball no local data for @types/deep-eql@https://registry.npmjs.org/@types/deep-eql/-/deep-eql-4.0.2.tgz. Extracting by manifest.
484 silly tarball no local data for estree-walker@https://registry.npmjs.org/estree-walker/-/estree-walker-3.0.3.tgz. Extracting by manifest.
485 silly tarball no local data for @types/chai@https://registry.npmjs.org/@types/chai/-/chai-5.2.3.tgz. Extracting by manifest.
486 silly tarball no local data for assertion-error@https://registry.npmjs.org/assertion-error/-/assertion-error-2.0.1.tgz. Extracting by manifest.
487 silly tarball no local data for @standard-schema/spec@https://registry.npmjs.org/@standard-schema/spec/-/spec-1.1.0.tgz. Extracting by manifest.
488 silly tarball no local data for chai@https://registry.npmjs.org/chai/-/chai-6.2.2.tgz. Extracting by manifest.
489 silly tarball no local data for vite@https://registry.npmjs.org/vite/-/vite-8.2.2.tgz. Extracting by manifest.
490 silly tarball no local data for tinyrainbow@https://registry.npmjs.org/tinyrainbow/-/tinyrainbow-3.1.1.tgz. Extracting by manifest.
491 silly tarball no local data for why-is-node-running@https://registry.npmjs.org/why-is-node-running/-/why-is-node-running-2.3.0.tgz. Extracting by manifest.
492 silly tarball no local data for tinyglobby@https://registry.npmjs.org/tinyglobby/-/tinyglobby-0.2.17.tgz. Extracting by manifest.
493 silly tarball no local data for tinyexec@https://registry.npmjs.org/tinyexec/-/tinyexec-1.3.0.tgz. Extracting by manifest.
494 silly tarball no local data for std-env@https://registry.npmjs.org/std-env/-/std-env-4.2.0.tgz. Extracting by manifest.
495 silly tarball no local data for tinybench@https://registry.npmjs.org/tinybench/-/tinybench-2.9.0.tgz. Extracting by manifest.
496 silly tarball no local data for pathe@https://registry.npmjs.org/pathe/-/pathe-2.0.3.tgz. Extracting by manifest.
497 silly tarball no local data for @vitest/utils@https://registry.npmjs.org/@vitest/utils/-/utils-4.1.11.tgz. Extracting by manifest.
498 silly tarball no local data for @vitest/spy@https://registry.npmjs.org/@vitest/spy/-/spy-4.1.11.tgz. Extracting by manifest.
499 silly tarball no local data for @vitest/snapshot@https://registry.npmjs.org/@vitest/snapshot/-/snapshot-4.1.11.tgz. Extracting by manifest.
500 silly tarball no local data for obug@https://registry.npmjs.org/obug/-/obug-2.1.4.tgz. Extracting by manifest.
501 silly tarball no local data for es-module-lexer@https://registry.npmjs.org/es-module-lexer/-/es-module-lexer-2.3.2.tgz. Extracting by manifest.
502 silly tarball no local data for expect-type@https://registry.npmjs.org/expect-type/-/expect-type-1.4.0.tgz. Extracting by manifest.
503 silly tarball no local data for vitest@https://registry.npmjs.org/vitest/-/vitest-4.1.11.tgz. Extracting by manifest.
504 silly tarball no local data for @vitest/runner@https://registry.npmjs.org/@vitest/runner/-/runner-4.1.11.tgz. Extracting by manifest.
505 http cache lightningcss@https://registry.npmjs.org/lightningcss/-/lightningcss-1.33.0.tgz 0ms (cache hit)
506 silly tarball no local data for @vitest/pretty-format@https://registry.npmjs.org/@vitest/pretty-format/-/pretty-format-4.1.11.tgz. Extracting by manifest.
507 http cache lightningcss-win32-x64-msvc@https://registry.npmjs.org/lightningcss-win32-x64-msvc/-/lightningcss-win32-x64-msvc-1.33.0.tgz 0ms (cache hit)
508 silly tarball no local data for @vitest/mocker@https://registry.npmjs.org/@vitest/mocker/-/mocker-4.1.11.tgz. Extracting by manifest.
509 silly tarball no local data for @vitest/expect@https://registry.npmjs.org/@vitest/expect/-/expect-4.1.11.tgz. Extracting by manifest.
510 silly tarball no local data for lightningcss@https://registry.npmjs.org/lightningcss/-/lightningcss-1.33.0.tgz. Extracting by manifest.
511 silly tarball no local data for lightningcss-win32-x64-msvc@https://registry.npmjs.org/lightningcss-win32-x64-msvc/-/lightningcss-win32-x64-msvc-1.33.0.tgz. Extracting by manifest.
512 http fetch GET 200 https://registry.npmjs.org/stackback/-/stackback-0.0.2.tgz 213ms (cache miss)
513 http fetch GET 200 https://registry.npmjs.org/siginfo/-/siginfo-2.0.0.tgz 219ms (cache miss)
514 http fetch POST 200 https://registry.npmjs.org/-/npm/v1/security/advisories/bulk 260ms
515 silly audit report {}
516 http fetch GET 200 https://registry.npmjs.org/@oxc-project/types/-/types-0.146.0.tgz 224ms (cache miss)
517 http fetch GET 200 https://registry.npmjs.org/@rolldown/pluginutils/-/pluginutils-1.0.1.tgz 228ms (cache miss)
518 http fetch GET 200 https://registry.npmjs.org/why-is-node-running/-/why-is-node-running-2.3.0.tgz 335ms (cache miss)
519 http fetch GET 200 https://registry.npmjs.org/tinyexec/-/tinyexec-1.3.0.tgz 343ms (cache miss)
520 http fetch GET 200 https://registry.npmjs.org/tinyglobby/-/tinyglobby-0.2.17.tgz 348ms (cache miss)
521 http fetch GET 200 https://registry.npmjs.org/std-env/-/std-env-4.2.0.tgz 358ms (cache miss)
522 http fetch GET 200 https://registry.npmjs.org/pathe/-/pathe-2.0.3.tgz 365ms (cache miss)
523 http fetch GET 200 https://registry.npmjs.org/tinybench/-/tinybench-2.9.0.tgz 475ms (cache miss)
524 http fetch GET 200 https://registry.npmjs.org/obug/-/obug-2.1.4.tgz 554ms (cache miss)
525 http fetch GET 200 https://registry.npmjs.org/@vitest/spy/-/spy-4.1.11.tgz 561ms (cache miss)
526 http fetch GET 200 https://registry.npmjs.org/@types/deep-eql/-/deep-eql-4.0.2.tgz 591ms (cache miss)
527 http fetch GET 200 https://registry.npmjs.org/assertion-error/-/assertion-error-2.0.1.tgz 605ms (cache miss)
528 http fetch GET 200 https://registry.npmjs.org/tinyrainbow/-/tinyrainbow-3.1.1.tgz 615ms (cache miss)
529 http fetch GET 200 https://registry.npmjs.org/@vitest/pretty-format/-/pretty-format-4.1.11.tgz 626ms (cache miss)
530 http fetch GET 200 https://registry.npmjs.org/@types/chai/-/chai-5.2.3.tgz 661ms (cache miss)
531 http fetch GET 200 https://registry.npmjs.org/@standard-schema/spec/-/spec-1.1.0.tgz 661ms (cache miss)
532 http fetch GET 200 https://registry.npmjs.org/estree-walker/-/estree-walker-3.0.3.tgz 738ms (cache miss)
533 http fetch GET 200 https://registry.npmjs.org/@vitest/expect/-/expect-4.1.11.tgz 728ms (cache miss)
534 http fetch GET 200 https://registry.npmjs.org/chai/-/chai-6.2.2.tgz 746ms (cache miss)
535 http fetch GET 200 https://registry.npmjs.org/@vitest/snapshot/-/snapshot-4.1.11.tgz 745ms (cache miss)
536 http fetch GET 200 https://registry.npmjs.org/es-module-lexer/-/es-module-lexer-2.3.2.tgz 757ms (cache miss)
537 http fetch GET 200 https://registry.npmjs.org/expect-type/-/expect-type-1.4.0.tgz 778ms (cache miss)
538 http fetch GET 200 https://registry.npmjs.org/@vitest/runner/-/runner-4.1.11.tgz 792ms (cache miss)
539 http fetch GET 200 https://registry.npmjs.org/lightningcss/-/lightningcss-1.33.0.tgz 867ms (cache miss)
540 http fetch GET 200 https://registry.npmjs.org/@vitest/utils/-/utils-4.1.11.tgz 1027ms (cache miss)
541 http fetch GET 200 https://registry.npmjs.org/@vitest/mocker/-/mocker-4.1.11.tgz 1073ms (cache miss)
542 http fetch GET 200 https://registry.npmjs.org/lightningcss-win32-x64-msvc/-/lightningcss-win32-x64-msvc-1.33.0.tgz 1288ms (cache miss)
543 http fetch GET 200 https://registry.npmjs.org/@rolldown/binding-win32-x64-msvc/-/binding-win32-x64-msvc-1.2.5.tgz 1417ms (cache miss)
544 http fetch GET 200 https://registry.npmjs.org/rolldown/-/rolldown-1.2.5.tgz 1688ms (cache miss)
545 http fetch GET 200 https://registry.npmjs.org/vite/-/vite-8.2.2.tgz 1739ms (cache miss)
546 http fetch GET 200 https://registry.npmjs.org/vitest/-/vitest-4.1.11.tgz 1962ms (cache miss)
547 verbose stack Error: UNKNOWN: unknown error, open 'D:\FullStackProjects\yltt2025\package-lock.json'
547 verbose stack     at async open (node:internal/fs/promises:697:25)
547 verbose stack     at async writeFile (node:internal/fs/promises:1317:14)
547 verbose stack     at async Promise.all (index 0)
547 verbose stack     at async [saveIdealTree] (E:\Nodejs\node_modules\npm\node_modules\@npmcli\arborist\lib\arborist\reify.js:1838:7)
547 verbose stack     at async Arborist.reify (E:\Nodejs\node_modules\npm\node_modules\@npmcli\arborist\lib\arborist\reify.js:139:5)
547 verbose stack     at async Install.exec (E:\Nodejs\node_modules\npm\lib\commands\install.js:158:5)
547 verbose stack     at async Npm.exec (E:\Nodejs\node_modules\npm\lib\npm.js:193:9)
547 verbose stack     at async module.exports (E:\Nodejs\node_modules\npm\lib\cli\entry.js:67:5)
548 error code UNKNOWN
549 error syscall open
550 error path D:\FullStackProjects\yltt2025\package-lock.json
551 error errno -4094
552 error UNKNOWN: unknown error, open 'D:\FullStackProjects\yltt2025\package-lock.json'
553 silly unfinished npm timer reify 1787497306471
554 silly unfinished npm timer reify:save 1787497321937
555 verbose cwd D:\FullStackProjects\yltt2025
556 verbose os Windows_NT 10.0.26200
557 verbose node v24.19.0
558 verbose npm  v11.17.0
559 verbose exit -4094
560 verbose code -4094
561 error A complete log of this run can be found in: D:\FullStackProjects\yltt2025\.npm-cache-local\_logs\2026-08-23T15_01_45_994Z-debug-0.log
